//  v2lvs v2022.3_33.19    Tue Sep 6 12:09:54 PDT 2022
//
//  Copyright (c) 1992, 1993 Regents of the University of California
//         All rights reserved.
//
//                   Copyright Siemens 1996-2022
//                       All Rights Reserved.
//   THIS WORK CONTAINS TRADE SECRET AND PROPRIETARY INFORMATION
//      WHICH IS THE PROPERTY OF MENTOR GRAPHICS CORPORATION
//        OR ITS LICENSORS AND IS SUBJECT TO LICENSE TERMS.
//
//  The registered trademark Linux is used pursuant to a sublicense from LMI, the
//  exclusive licensee of Linus Torvalds, owner of the mark on a world-wide basis.
//
//  Mentor Graphics software executing under x86-64 Linux
//
//
//  Starting time: Tue May 26 01:59:18 2026
//
Running /usr/mentor/calibre/cur/pkgs/icv/pvt/v2lvs -l core.v -l umc18_io_lvs.v -s core.spi -s umc18_io_lvs.spi -v CHIP.v -o CHIP.spi


Info: Creating Verilog Library Database ...
Info: Verilog Library Database Creation completed. CPU TIME = 0  REAL TIME = 0  MALLOC = 5/5/5  ELAPSED TIME = 0 

Info: Creating Design Database of Module Interfaces ...
Info: Design Database of Module Interfaces Creation completed. CPU TIME = 0  REAL TIME = 0  MALLOC = 6/6/6  ELAPSED TIME = 1 

Info: Creating Design Database of Module Instantiations ...
Info: Design Database of Module Instantiations Creation completed. CPU TIME = 0  REAL TIME = 0  MALLOC = 7/7/7  ELAPSED TIME = 1 
Info: 215 modules parsed, containing 20595 instances and 0 gate instance calls 

Info: Converting Design ...
Warning: Duplicate port/net name "n108" found in module "cordic_rotation_1" while doing case-insensitive lookup
Warning: Duplicate port/net name "n109" found in module "cordic_rotation_1" while doing case-insensitive lookup
Warning: Duplicate port/net name "n110" found in module "cordic_rotation_1" while doing case-insensitive lookup
Warning: Duplicate port/net name "n111" found in module "cordic_rotation_1" while doing case-insensitive lookup
Warning: Duplicate port/net name "n112" found in module "cordic_rotation_1" while doing case-insensitive lookup
Warning: Duplicate port/net name "n113" found in module "cordic_rotation_1" while doing case-insensitive lookup
Warning: Duplicate port/net name "n114" found in module "cordic_rotation_1" while doing case-insensitive lookup
Warning: Duplicate port/net name "n115" found in module "cordic_rotation_1" while doing case-insensitive lookup
Warning: Duplicate port/net name "n116" found in module "cordic_rotation_1" while doing case-insensitive lookup
Warning: Duplicate port/net name "n117" found in module "cordic_rotation_1" while doing case-insensitive lookup
Warning: Duplicate port/net name "n118" found in module "cordic_rotation_1" while doing case-insensitive lookup
Warning: Duplicate port/net name "n130" found in module "cordic_rotation_1" while doing case-insensitive lookup
Warning: Duplicate port/net name "n131" found in module "cordic_rotation_1" while doing case-insensitive lookup
Warning: Duplicate port/net name "n132" found in module "cordic_rotation_1" while doing case-insensitive lookup
Warning: Duplicate port/net name "n133" found in module "cordic_rotation_1" while doing case-insensitive lookup
Warning: Duplicate port/net name "n134" found in module "cordic_rotation_1" while doing case-insensitive lookup
Warning: Duplicate port/net name "n135" found in module "cordic_rotation_1" while doing case-insensitive lookup
Warning: Duplicate port/net name "n136" found in module "cordic_rotation_1" while doing case-insensitive lookup
Warning: Duplicate port/net name "n137" found in module "cordic_rotation_1" while doing case-insensitive lookup
Warning: Duplicate port/net name "n138" found in module "cordic_rotation_1" while doing case-insensitive lookup
Warning: Duplicate port/net name "n139" found in module "cordic_rotation_1" while doing case-insensitive lookup
Warning: Duplicate port/net name "n140" found in module "cordic_rotation_1" while doing case-insensitive lookup
Warning: Duplicate port/net name "n141" found in module "cordic_rotation_1" while doing case-insensitive lookup
Warning: Duplicate port/net name "n142" found in module "cordic_rotation_1" while doing case-insensitive lookup
Warning: Duplicate port/net name "n143" found in module "cordic_rotation_1" while doing case-insensitive lookup
Warning: Duplicate port/net name "n144" found in module "cordic_rotation_1" while doing case-insensitive lookup
Warning: Duplicate port/net name "n145" found in module "cordic_rotation_1" while doing case-insensitive lookup
Warning: Duplicate port/net name "n146" found in module "cordic_rotation_1" while doing case-insensitive lookup
Warning: Duplicate port/net name "n147" found in module "cordic_rotation_1" while doing case-insensitive lookup
Warning: Duplicate port/net name "n148" found in module "cordic_rotation_1" while doing case-insensitive lookup
Warning: Duplicate port/net name "n149" found in module "cordic_rotation_1" while doing case-insensitive lookup
Warning: Duplicate port/net name "n150" found in module "cordic_rotation_1" while doing case-insensitive lookup
Warning: Duplicate port/net name "n151" found in module "cordic_rotation_1" while doing case-insensitive lookup
Warning: Duplicate port/net name "n152" found in module "cordic_rotation_1" while doing case-insensitive lookup
Warning: Duplicate port/net name "n153" found in module "cordic_rotation_1" while doing case-insensitive lookup
Warning: Duplicate port/net name "n154" found in module "cordic_rotation_1" while doing case-insensitive lookup
Warning: Duplicate port/net name "n155" found in module "cordic_rotation_1" while doing case-insensitive lookup
Warning: Duplicate port/net name "n156" found in module "cordic_rotation_1" while doing case-insensitive lookup
Warning: Duplicate port/net name "n157" found in module "cordic_rotation_1" while doing case-insensitive lookup
Warning: Duplicate port/net name "n158" found in module "cordic_rotation_1" while doing case-insensitive lookup
Warning: Duplicate port/net name "n159" found in module "cordic_rotation_1" while doing case-insensitive lookup
Warning: Duplicate port/net name "n160" found in module "cordic_rotation_1" while doing case-insensitive lookup
Warning: Duplicate port/net name "n161" found in module "cordic_rotation_1" while doing case-insensitive lookup
Warning: Duplicate port/net name "n162" found in module "cordic_rotation_1" while doing case-insensitive lookup
Warning: Duplicate port/net name "n163" found in module "cordic_rotation_1" while doing case-insensitive lookup
Warning: Duplicate port/net name "n164" found in module "cordic_rotation_1" while doing case-insensitive lookup
Warning: Duplicate port/net name "n165" found in module "cordic_rotation_1" while doing case-insensitive lookup
Warning: Duplicate port/net name "n177" found in module "cordic_rotation_1" while doing case-insensitive lookup
Warning: Duplicate port/net name "n178" found in module "cordic_rotation_1" while doing case-insensitive lookup
Warning: Duplicate port/net name "n179" found in module "cordic_rotation_1" while doing case-insensitive lookup
Warning: Duplicate port/net name "n180" found in module "cordic_rotation_1" while doing case-insensitive lookup
Warning: Duplicate port/net name "n181" found in module "cordic_rotation_1" while doing case-insensitive lookup
Warning: Duplicate port/net name "n182" found in module "cordic_rotation_1" while doing case-insensitive lookup
Warning: Duplicate port/net name "n270" found in module "cordic_rotation_1" while doing case-insensitive lookup
Warning: Duplicate port/net name "n271" found in module "cordic_rotation_1" while doing case-insensitive lookup
Warning: Duplicate port/net name "n272" found in module "cordic_rotation_1" while doing case-insensitive lookup
Warning: Duplicate port/net name "n273" found in module "cordic_rotation_1" while doing case-insensitive lookup
Warning: Duplicate port/net name "n274" found in module "cordic_rotation_1" while doing case-insensitive lookup
Warning: Duplicate port/net name "n275" found in module "cordic_rotation_1" while doing case-insensitive lookup
Warning: Duplicate port/net name "n276" found in module "cordic_rotation_1" while doing case-insensitive lookup
Warning: Duplicate port/net name "n277" found in module "cordic_rotation_1" while doing case-insensitive lookup
Warning: Duplicate port/net name "n278" found in module "cordic_rotation_1" while doing case-insensitive lookup
Warning: Duplicate port/net name "n279" found in module "cordic_rotation_1" while doing case-insensitive lookup
Warning: Duplicate port/net name "n280" found in module "cordic_rotation_1" while doing case-insensitive lookup
Warning: Duplicate port/net name "n281" found in module "cordic_rotation_1" while doing case-insensitive lookup
Warning: Duplicate port/net name "n282" found in module "cordic_rotation_1" while doing case-insensitive lookup
Warning: Duplicate port/net name "n283" found in module "cordic_rotation_1" while doing case-insensitive lookup
Warning: Duplicate port/net name "n284" found in module "cordic_rotation_1" while doing case-insensitive lookup
Warning: Duplicate port/net name "n285" found in module "cordic_rotation_1" while doing case-insensitive lookup
Warning: Duplicate port/net name "n286" found in module "cordic_rotation_1" while doing case-insensitive lookup
Warning: Duplicate port/net name "n287" found in module "cordic_rotation_1" while doing case-insensitive lookup
Warning: Duplicate port/net name "n288" found in module "cordic_rotation_1" while doing case-insensitive lookup
Warning: Duplicate port/net name "n289" found in module "cordic_rotation_1" while doing case-insensitive lookup
Warning: Duplicate port/net name "n290" found in module "cordic_rotation_1" while doing case-insensitive lookup
Warning: Duplicate port/net name "n291" found in module "cordic_rotation_1" while doing case-insensitive lookup
Warning: Duplicate port/net name "n292" found in module "cordic_rotation_1" while doing case-insensitive lookup
Warning: Duplicate port/net name "n293" found in module "cordic_rotation_1" while doing case-insensitive lookup
Warning: Duplicate port/net name "n294" found in module "cordic_rotation_1" while doing case-insensitive lookup
Warning: Duplicate port/net name "n295" found in module "cordic_rotation_1" while doing case-insensitive lookup
Warning: Duplicate port/net name "n296" found in module "cordic_rotation_1" while doing case-insensitive lookup
Warning: Duplicate port/net name "n297" found in module "cordic_rotation_1" while doing case-insensitive lookup
Warning: Duplicate port/net name "n298" found in module "cordic_rotation_1" while doing case-insensitive lookup
Warning: Duplicate port/net name "n299" found in module "cordic_rotation_1" while doing case-insensitive lookup
Warning: Duplicate port/net name "n300" found in module "cordic_rotation_1" while doing case-insensitive lookup
Warning: Duplicate port/net name "n301" found in module "cordic_rotation_1" while doing case-insensitive lookup
Warning: Duplicate port/net name "n302" found in module "cordic_rotation_1" while doing case-insensitive lookup
Warning: Duplicate port/net name "n303" found in module "cordic_rotation_1" while doing case-insensitive lookup
Warning: Duplicate port/net name "n304" found in module "cordic_rotation_1" while doing case-insensitive lookup
Warning: Duplicate port/net name "n305" found in module "cordic_rotation_1" while doing case-insensitive lookup
Warning: Duplicate port/net name "n306" found in module "cordic_rotation_1" while doing case-insensitive lookup
Warning: Duplicate port/net name "n307" found in module "cordic_rotation_1" while doing case-insensitive lookup
Warning: Duplicate port/net name "n308" found in module "cordic_rotation_1" while doing case-insensitive lookup
Warning: Duplicate port/net name "n309" found in module "cordic_rotation_1" while doing case-insensitive lookup
Warning: Duplicate port/net name "n310" found in module "cordic_rotation_1" while doing case-insensitive lookup
Warning: Duplicate port/net name "n311" found in module "cordic_rotation_1" while doing case-insensitive lookup
Warning: Duplicate port/net name "n312" found in module "cordic_rotation_1" while doing case-insensitive lookup
Warning: Duplicate port/net name "n313" found in module "cordic_rotation_1" while doing case-insensitive lookup
Warning: Duplicate port/net name "n314" found in module "cordic_rotation_1" while doing case-insensitive lookup
Warning: Duplicate port/net name "n315" found in module "cordic_rotation_1" while doing case-insensitive lookup
Warning: Duplicate port/net name "n316" found in module "cordic_rotation_1" while doing case-insensitive lookup
Warning: Duplicate port/net name "n317" found in module "cordic_rotation_1" while doing case-insensitive lookup
Warning: Duplicate port/net name "n318" found in module "cordic_rotation_1" while doing case-insensitive lookup
Warning: Duplicate port/net name "n319" found in module "cordic_rotation_1" while doing case-insensitive lookup
Warning: Duplicate port/net name "n320" found in module "cordic_rotation_1" while doing case-insensitive lookup
Warning: Duplicate port/net name "n321" found in module "cordic_rotation_1" while doing case-insensitive lookup
Warning: Duplicate port/net name "n322" found in module "cordic_rotation_1" while doing case-insensitive lookup
Warning: Duplicate port/net name "n323" found in module "cordic_rotation_1" while doing case-insensitive lookup
Warning: Duplicate port/net name "n324" found in module "cordic_rotation_1" while doing case-insensitive lookup
Warning: Duplicate port/net name "n325" found in module "cordic_rotation_1" while doing case-insensitive lookup
Warning: Duplicate port/net name "n326" found in module "cordic_rotation_1" while doing case-insensitive lookup
Warning: Duplicate port/net name "n327" found in module "cordic_rotation_1" while doing case-insensitive lookup
Warning: Duplicate port/net name "n328" found in module "cordic_rotation_1" while doing case-insensitive lookup
Warning: Duplicate port/net name "n329" found in module "cordic_rotation_1" while doing case-insensitive lookup
Warning: Duplicate port/net name "n330" found in module "cordic_rotation_1" while doing case-insensitive lookup
Warning: Duplicate port/net name "n331" found in module "cordic_rotation_1" while doing case-insensitive lookup
Warning: Duplicate port/net name "n332" found in module "cordic_rotation_1" while doing case-insensitive lookup
Warning: Duplicate port/net name "n333" found in module "cordic_rotation_1" while doing case-insensitive lookup
Warning: Duplicate port/net name "n334" found in module "cordic_rotation_1" while doing case-insensitive lookup
Warning: Duplicate port/net name "n335" found in module "cordic_rotation_1" while doing case-insensitive lookup
Warning: Duplicate port/net name "n336" found in module "cordic_rotation_1" while doing case-insensitive lookup
Warning: Duplicate port/net name "n337" found in module "cordic_rotation_1" while doing case-insensitive lookup
Warning: Duplicate port/net name "n338" found in module "cordic_rotation_1" while doing case-insensitive lookup
Warning: Duplicate port/net name "n339" found in module "cordic_rotation_1" while doing case-insensitive lookup
Warning: Duplicate port/net name "n340" found in module "cordic_rotation_1" while doing case-insensitive lookup
Warning: Duplicate port/net name "n341" found in module "cordic_rotation_1" while doing case-insensitive lookup
Warning: Duplicate port/net name "n342" found in module "cordic_rotation_1" while doing case-insensitive lookup
Warning: Duplicate port/net name "n344" found in module "cordic_rotation_1" while doing case-insensitive lookup
Warning: Duplicate port/net name "n345" found in module "cordic_rotation_1" while doing case-insensitive lookup
Warning: Duplicate port/net name "n346" found in module "cordic_rotation_1" while doing case-insensitive lookup
Warning: Duplicate port/net name "n347" found in module "cordic_rotation_1" while doing case-insensitive lookup
Warning: Duplicate port/net name "n348" found in module "cordic_rotation_1" while doing case-insensitive lookup
Warning: Duplicate port/net name "n349" found in module "cordic_rotation_1" while doing case-insensitive lookup
Warning: Duplicate port/net name "n350" found in module "cordic_rotation_1" while doing case-insensitive lookup
Warning: Duplicate port/net name "n351" found in module "cordic_rotation_1" while doing case-insensitive lookup
Warning: Duplicate port/net name "n352" found in module "cordic_rotation_1" while doing case-insensitive lookup
Warning: Duplicate port/net name "n353" found in module "cordic_rotation_1" while doing case-insensitive lookup
Warning: Duplicate port/net name "n354" found in module "cordic_rotation_1" while doing case-insensitive lookup
Warning: Duplicate port/net name "n355" found in module "cordic_rotation_1" while doing case-insensitive lookup
Warning: Duplicate port/net name "n356" found in module "cordic_rotation_1" while doing case-insensitive lookup
Warning: Duplicate port/net name "n357" found in module "cordic_rotation_1" while doing case-insensitive lookup
Warning: Duplicate port/net name "n358" found in module "cordic_rotation_1" while doing case-insensitive lookup
Warning: Duplicate port/net name "n359" found in module "cordic_rotation_1" while doing case-insensitive lookup
Warning: Duplicate port/net name "n360" found in module "cordic_rotation_1" while doing case-insensitive lookup
Warning: Duplicate port/net name "n361" found in module "cordic_rotation_1" while doing case-insensitive lookup
Warning: Duplicate port/net name "n362" found in module "cordic_rotation_1" while doing case-insensitive lookup
Warning: Duplicate port/net name "n363" found in module "cordic_rotation_1" while doing case-insensitive lookup
Warning: Duplicate port/net name "n364" found in module "cordic_rotation_1" while doing case-insensitive lookup
Warning: Duplicate port/net name "n365" found in module "cordic_rotation_1" while doing case-insensitive lookup
Warning: Duplicate port/net name "n366" found in module "cordic_rotation_1" while doing case-insensitive lookup
Warning: Duplicate port/net name "n367" found in module "cordic_rotation_1" while doing case-insensitive lookup
Warning: Duplicate port/net name "n368" found in module "cordic_rotation_1" while doing case-insensitive lookup
Warning: Duplicate port/net name "n369" found in module "cordic_rotation_1" while doing case-insensitive lookup
Warning: Duplicate port/net name "n108" found in module "cordic_rotation_0" while doing case-insensitive lookup
Warning: Duplicate port/net name "n109" found in module "cordic_rotation_0" while doing case-insensitive lookup
Warning: Duplicate port/net name "n110" found in module "cordic_rotation_0" while doing case-insensitive lookup
Warning: Duplicate port/net name "n111" found in module "cordic_rotation_0" while doing case-insensitive lookup
Warning: Duplicate port/net name "n112" found in module "cordic_rotation_0" while doing case-insensitive lookup
Warning: Duplicate port/net name "n113" found in module "cordic_rotation_0" while doing case-insensitive lookup
Warning: Duplicate port/net name "n114" found in module "cordic_rotation_0" while doing case-insensitive lookup
Warning: Duplicate port/net name "n115" found in module "cordic_rotation_0" while doing case-insensitive lookup
Warning: Duplicate port/net name "n116" found in module "cordic_rotation_0" while doing case-insensitive lookup
Warning: Duplicate port/net name "n117" found in module "cordic_rotation_0" while doing case-insensitive lookup
Warning: Duplicate port/net name "n118" found in module "cordic_rotation_0" while doing case-insensitive lookup
Warning: Duplicate port/net name "n130" found in module "cordic_rotation_0" while doing case-insensitive lookup
Warning: Duplicate port/net name "n131" found in module "cordic_rotation_0" while doing case-insensitive lookup
Warning: Duplicate port/net name "n132" found in module "cordic_rotation_0" while doing case-insensitive lookup
Warning: Duplicate port/net name "n133" found in module "cordic_rotation_0" while doing case-insensitive lookup
Warning: Duplicate port/net name "n134" found in module "cordic_rotation_0" while doing case-insensitive lookup
Warning: Duplicate port/net name "n135" found in module "cordic_rotation_0" while doing case-insensitive lookup
Warning: Duplicate port/net name "n136" found in module "cordic_rotation_0" while doing case-insensitive lookup
Warning: Duplicate port/net name "n137" found in module "cordic_rotation_0" while doing case-insensitive lookup
Warning: Duplicate port/net name "n138" found in module "cordic_rotation_0" while doing case-insensitive lookup
Warning: Duplicate port/net name "n139" found in module "cordic_rotation_0" while doing case-insensitive lookup
Warning: Duplicate port/net name "n140" found in module "cordic_rotation_0" while doing case-insensitive lookup
Warning: Duplicate port/net name "n141" found in module "cordic_rotation_0" while doing case-insensitive lookup
Warning: Duplicate port/net name "n142" found in module "cordic_rotation_0" while doing case-insensitive lookup
Warning: Duplicate port/net name "n143" found in module "cordic_rotation_0" while doing case-insensitive lookup
Warning: Duplicate port/net name "n144" found in module "cordic_rotation_0" while doing case-insensitive lookup
Warning: Duplicate port/net name "n145" found in module "cordic_rotation_0" while doing case-insensitive lookup
Warning: Duplicate port/net name "n146" found in module "cordic_rotation_0" while doing case-insensitive lookup
Warning: Duplicate port/net name "n147" found in module "cordic_rotation_0" while doing case-insensitive lookup
Warning: Duplicate port/net name "n148" found in module "cordic_rotation_0" while doing case-insensitive lookup
Warning: Duplicate port/net name "n149" found in module "cordic_rotation_0" while doing case-insensitive lookup
Warning: Duplicate port/net name "n150" found in module "cordic_rotation_0" while doing case-insensitive lookup
Warning: Duplicate port/net name "n151" found in module "cordic_rotation_0" while doing case-insensitive lookup
Warning: Duplicate port/net name "n152" found in module "cordic_rotation_0" while doing case-insensitive lookup
Warning: Duplicate port/net name "n153" found in module "cordic_rotation_0" while doing case-insensitive lookup
Warning: Duplicate port/net name "n154" found in module "cordic_rotation_0" while doing case-insensitive lookup
Warning: Duplicate port/net name "n155" found in module "cordic_rotation_0" while doing case-insensitive lookup
Warning: Duplicate port/net name "n156" found in module "cordic_rotation_0" while doing case-insensitive lookup
Warning: Duplicate port/net name "n157" found in module "cordic_rotation_0" while doing case-insensitive lookup
Warning: Duplicate port/net name "n158" found in module "cordic_rotation_0" while doing case-insensitive lookup
Warning: Duplicate port/net name "n159" found in module "cordic_rotation_0" while doing case-insensitive lookup
Warning: Duplicate port/net name "n160" found in module "cordic_rotation_0" while doing case-insensitive lookup
Warning: Duplicate port/net name "n161" found in module "cordic_rotation_0" while doing case-insensitive lookup
Warning: Duplicate port/net name "n162" found in module "cordic_rotation_0" while doing case-insensitive lookup
Warning: Duplicate port/net name "n163" found in module "cordic_rotation_0" while doing case-insensitive lookup
Warning: Duplicate port/net name "n164" found in module "cordic_rotation_0" while doing case-insensitive lookup
Warning: Duplicate port/net name "n165" found in module "cordic_rotation_0" while doing case-insensitive lookup
Warning: Duplicate port/net name "n176" found in module "cordic_rotation_0" while doing case-insensitive lookup
Warning: Duplicate port/net name "n177" found in module "cordic_rotation_0" while doing case-insensitive lookup
Warning: Duplicate port/net name "n178" found in module "cordic_rotation_0" while doing case-insensitive lookup
Warning: Duplicate port/net name "n179" found in module "cordic_rotation_0" while doing case-insensitive lookup
Warning: Duplicate port/net name "n180" found in module "cordic_rotation_0" while doing case-insensitive lookup
Warning: Duplicate port/net name "n181" found in module "cordic_rotation_0" while doing case-insensitive lookup
Warning: Duplicate port/net name "n182" found in module "cordic_rotation_0" while doing case-insensitive lookup
Warning: Duplicate port/net name "n270" found in module "cordic_rotation_0" while doing case-insensitive lookup
Warning: Duplicate port/net name "n271" found in module "cordic_rotation_0" while doing case-insensitive lookup
Warning: Duplicate port/net name "n272" found in module "cordic_rotation_0" while doing case-insensitive lookup
Warning: Duplicate port/net name "n273" found in module "cordic_rotation_0" while doing case-insensitive lookup
Warning: Duplicate port/net name "n274" found in module "cordic_rotation_0" while doing case-insensitive lookup
Warning: Duplicate port/net name "n275" found in module "cordic_rotation_0" while doing case-insensitive lookup
Warning: Duplicate port/net name "n276" found in module "cordic_rotation_0" while doing case-insensitive lookup
Warning: Duplicate port/net name "n277" found in module "cordic_rotation_0" while doing case-insensitive lookup
Warning: Duplicate port/net name "n278" found in module "cordic_rotation_0" while doing case-insensitive lookup
Warning: Duplicate port/net name "n279" found in module "cordic_rotation_0" while doing case-insensitive lookup
Warning: Duplicate port/net name "n280" found in module "cordic_rotation_0" while doing case-insensitive lookup
Warning: Duplicate port/net name "n281" found in module "cordic_rotation_0" while doing case-insensitive lookup
Warning: Duplicate port/net name "n282" found in module "cordic_rotation_0" while doing case-insensitive lookup
Warning: Duplicate port/net name "n283" found in module "cordic_rotation_0" while doing case-insensitive lookup
Warning: Duplicate port/net name "n284" found in module "cordic_rotation_0" while doing case-insensitive lookup
Warning: Duplicate port/net name "n285" found in module "cordic_rotation_0" while doing case-insensitive lookup
Warning: Duplicate port/net name "n286" found in module "cordic_rotation_0" while doing case-insensitive lookup
Warning: Duplicate port/net name "n287" found in module "cordic_rotation_0" while doing case-insensitive lookup
Warning: Duplicate port/net name "n288" found in module "cordic_rotation_0" while doing case-insensitive lookup
Warning: Duplicate port/net name "n289" found in module "cordic_rotation_0" while doing case-insensitive lookup
Warning: Duplicate port/net name "n290" found in module "cordic_rotation_0" while doing case-insensitive lookup
Warning: Duplicate port/net name "n291" found in module "cordic_rotation_0" while doing case-insensitive lookup
Warning: Duplicate port/net name "n292" found in module "cordic_rotation_0" while doing case-insensitive lookup
Warning: Duplicate port/net name "n293" found in module "cordic_rotation_0" while doing case-insensitive lookup
Warning: Duplicate port/net name "n294" found in module "cordic_rotation_0" while doing case-insensitive lookup
Warning: Duplicate port/net name "n295" found in module "cordic_rotation_0" while doing case-insensitive lookup
Warning: Duplicate port/net name "n296" found in module "cordic_rotation_0" while doing case-insensitive lookup
Warning: Duplicate port/net name "n297" found in module "cordic_rotation_0" while doing case-insensitive lookup
Warning: Duplicate port/net name "n298" found in module "cordic_rotation_0" while doing case-insensitive lookup
Warning: Duplicate port/net name "n299" found in module "cordic_rotation_0" while doing case-insensitive lookup
Warning: Duplicate port/net name "n300" found in module "cordic_rotation_0" while doing case-insensitive lookup
Warning: Duplicate port/net name "n301" found in module "cordic_rotation_0" while doing case-insensitive lookup
Warning: Duplicate port/net name "n302" found in module "cordic_rotation_0" while doing case-insensitive lookup
Warning: Duplicate port/net name "n303" found in module "cordic_rotation_0" while doing case-insensitive lookup
Warning: Duplicate port/net name "n304" found in module "cordic_rotation_0" while doing case-insensitive lookup
Warning: Duplicate port/net name "n305" found in module "cordic_rotation_0" while doing case-insensitive lookup
Warning: Duplicate port/net name "n306" found in module "cordic_rotation_0" while doing case-insensitive lookup
Warning: Duplicate port/net name "n307" found in module "cordic_rotation_0" while doing case-insensitive lookup
Warning: Duplicate port/net name "n308" found in module "cordic_rotation_0" while doing case-insensitive lookup
Warning: Duplicate port/net name "n309" found in module "cordic_rotation_0" while doing case-insensitive lookup
Warning: Duplicate port/net name "n310" found in module "cordic_rotation_0" while doing case-insensitive lookup
Warning: Duplicate port/net name "n311" found in module "cordic_rotation_0" while doing case-insensitive lookup
Warning: Duplicate port/net name "n312" found in module "cordic_rotation_0" while doing case-insensitive lookup
Warning: Duplicate port/net name "n313" found in module "cordic_rotation_0" while doing case-insensitive lookup
Warning: Duplicate port/net name "n314" found in module "cordic_rotation_0" while doing case-insensitive lookup
Warning: Duplicate port/net name "n315" found in module "cordic_rotation_0" while doing case-insensitive lookup
Warning: Duplicate port/net name "n316" found in module "cordic_rotation_0" while doing case-insensitive lookup
Warning: Duplicate port/net name "n317" found in module "cordic_rotation_0" while doing case-insensitive lookup
Warning: Duplicate port/net name "n318" found in module "cordic_rotation_0" while doing case-insensitive lookup
Warning: Duplicate port/net name "n319" found in module "cordic_rotation_0" while doing case-insensitive lookup
Warning: Duplicate port/net name "n320" found in module "cordic_rotation_0" while doing case-insensitive lookup
Warning: Duplicate port/net name "n321" found in module "cordic_rotation_0" while doing case-insensitive lookup
Warning: Duplicate port/net name "n322" found in module "cordic_rotation_0" while doing case-insensitive lookup
Warning: Duplicate port/net name "n323" found in module "cordic_rotation_0" while doing case-insensitive lookup
Warning: Duplicate port/net name "n324" found in module "cordic_rotation_0" while doing case-insensitive lookup
Warning: Duplicate port/net name "n325" found in module "cordic_rotation_0" while doing case-insensitive lookup
Warning: Duplicate port/net name "n326" found in module "cordic_rotation_0" while doing case-insensitive lookup
Warning: Duplicate port/net name "n327" found in module "cordic_rotation_0" while doing case-insensitive lookup
Warning: Duplicate port/net name "n328" found in module "cordic_rotation_0" while doing case-insensitive lookup
Warning: Duplicate port/net name "n329" found in module "cordic_rotation_0" while doing case-insensitive lookup
Warning: Duplicate port/net name "n330" found in module "cordic_rotation_0" while doing case-insensitive lookup
Warning: Duplicate port/net name "n331" found in module "cordic_rotation_0" while doing case-insensitive lookup
Warning: Duplicate port/net name "n332" found in module "cordic_rotation_0" while doing case-insensitive lookup
Warning: Duplicate port/net name "n333" found in module "cordic_rotation_0" while doing case-insensitive lookup
Warning: Duplicate port/net name "n334" found in module "cordic_rotation_0" while doing case-insensitive lookup
Warning: Duplicate port/net name "n335" found in module "cordic_rotation_0" while doing case-insensitive lookup
Warning: Duplicate port/net name "n336" found in module "cordic_rotation_0" while doing case-insensitive lookup
Warning: Duplicate port/net name "n337" found in module "cordic_rotation_0" while doing case-insensitive lookup
Warning: Duplicate port/net name "n338" found in module "cordic_rotation_0" while doing case-insensitive lookup
Warning: Duplicate port/net name "n339" found in module "cordic_rotation_0" while doing case-insensitive lookup
Warning: Duplicate port/net name "n340" found in module "cordic_rotation_0" while doing case-insensitive lookup
Warning: Duplicate port/net name "n341" found in module "cordic_rotation_0" while doing case-insensitive lookup
Warning: Duplicate port/net name "n342" found in module "cordic_rotation_0" while doing case-insensitive lookup
Warning: Duplicate port/net name "n343" found in module "cordic_rotation_0" while doing case-insensitive lookup
Warning: Duplicate port/net name "n344" found in module "cordic_rotation_0" while doing case-insensitive lookup
Warning: Duplicate port/net name "n345" found in module "cordic_rotation_0" while doing case-insensitive lookup
Warning: Duplicate port/net name "n346" found in module "cordic_rotation_0" while doing case-insensitive lookup
Warning: Duplicate port/net name "n347" found in module "cordic_rotation_0" while doing case-insensitive lookup
Warning: Duplicate port/net name "n348" found in module "cordic_rotation_0" while doing case-insensitive lookup
Warning: Duplicate port/net name "n349" found in module "cordic_rotation_0" while doing case-insensitive lookup
Warning: Duplicate port/net name "n350" found in module "cordic_rotation_0" while doing case-insensitive lookup
Warning: Duplicate port/net name "n351" found in module "cordic_rotation_0" while doing case-insensitive lookup
Warning: Duplicate port/net name "n352" found in module "cordic_rotation_0" while doing case-insensitive lookup
Warning: Duplicate port/net name "n353" found in module "cordic_rotation_0" while doing case-insensitive lookup
Warning: Duplicate port/net name "n354" found in module "cordic_rotation_0" while doing case-insensitive lookup
Warning: Duplicate port/net name "n355" found in module "cordic_rotation_0" while doing case-insensitive lookup
Warning: Duplicate port/net name "n356" found in module "cordic_rotation_0" while doing case-insensitive lookup
Warning: Duplicate port/net name "n357" found in module "cordic_rotation_0" while doing case-insensitive lookup
Warning: Duplicate port/net name "n358" found in module "cordic_rotation_0" while doing case-insensitive lookup
Warning: Duplicate port/net name "n359" found in module "cordic_rotation_0" while doing case-insensitive lookup
Warning: Duplicate port/net name "n360" found in module "cordic_rotation_0" while doing case-insensitive lookup
Warning: Duplicate port/net name "n362" found in module "cordic_rotation_0" while doing case-insensitive lookup
Warning: Duplicate port/net name "n363" found in module "cordic_rotation_0" while doing case-insensitive lookup
Warning: Duplicate port/net name "n364" found in module "cordic_rotation_0" while doing case-insensitive lookup
Warning: Duplicate port/net name "n365" found in module "cordic_rotation_0" while doing case-insensitive lookup
Warning: Duplicate port/net name "n366" found in module "cordic_rotation_0" while doing case-insensitive lookup
Warning: Duplicate port/net name "n367" found in module "cordic_rotation_0" while doing case-insensitive lookup
Warning: Duplicate port/net name "n368" found in module "cordic_rotation_0" while doing case-insensitive lookup
Warning: Duplicate port/net name "n369" found in module "cordic_rotation_0" while doing case-insensitive lookup
Warning: Duplicate port/net name "n370" found in module "cordic_rotation_0" while doing case-insensitive lookup
Warning: Duplicate port/net name "n371" found in module "cordic_rotation_0" while doing case-insensitive lookup
Warning: Duplicate port/net name "n372" found in module "cordic_rotation_0" while doing case-insensitive lookup
Warning: Duplicate port/net name "n373" found in module "cordic_rotation_0" while doing case-insensitive lookup
Warning: Duplicate port/net name "n5" found in module "ROM_Wrapper_Even_1" while doing case-insensitive lookup
Warning: Duplicate port/net name "n6" found in module "ROM_Wrapper_Even_1" while doing case-insensitive lookup
Warning: Duplicate port/net name "n7" found in module "ROM_Wrapper_Even_1" while doing case-insensitive lookup
Warning: Duplicate port/net name "n8" found in module "ROM_Wrapper_Even_1" while doing case-insensitive lookup
Warning: Duplicate port/net name "n4" found in module "ROM_Wrapper_Odd_1" while doing case-insensitive lookup
Warning: Duplicate port/net name "n5" found in module "ROM_Wrapper_Odd_1" while doing case-insensitive lookup
Warning: Duplicate port/net name "n6" found in module "ROM_Wrapper_Odd_1" while doing case-insensitive lookup
Warning: Duplicate port/net name "n7" found in module "ROM_Wrapper_Odd_1" while doing case-insensitive lookup
Warning: Duplicate port/net name "n8" found in module "ROM_Wrapper_Odd_1" while doing case-insensitive lookup
Warning: Duplicate port/net name "n5" found in module "ROM_Wrapper_Even_0" while doing case-insensitive lookup
Warning: Duplicate port/net name "n6" found in module "ROM_Wrapper_Even_0" while doing case-insensitive lookup
Warning: Duplicate port/net name "n7" found in module "ROM_Wrapper_Even_0" while doing case-insensitive lookup
Warning: Duplicate port/net name "n8" found in module "ROM_Wrapper_Even_0" while doing case-insensitive lookup
Warning: Duplicate port/net name "n4" found in module "ROM_Wrapper_Odd_0" while doing case-insensitive lookup
Warning: Duplicate port/net name "n5" found in module "ROM_Wrapper_Odd_0" while doing case-insensitive lookup
Warning: Duplicate port/net name "n6" found in module "ROM_Wrapper_Odd_0" while doing case-insensitive lookup
Warning: Duplicate port/net name "n7" found in module "ROM_Wrapper_Odd_0" while doing case-insensitive lookup
Warning: Duplicate port/net name "n8" found in module "ROM_Wrapper_Odd_0" while doing case-insensitive lookup
Warning: Duplicate port/net name "n105" found in module "PE_Shift_Add_7" while doing case-insensitive lookup
Warning: Duplicate port/net name "n107" found in module "PE_Shift_Add_7" while doing case-insensitive lookup
Warning: Duplicate port/net name "n14" found in module "PE_Shift_Add_7" while doing case-insensitive lookup
Warning: Duplicate port/net name "n15" found in module "PE_Shift_Add_7" while doing case-insensitive lookup
Warning: Duplicate port/net name "n16" found in module "PE_Shift_Add_7" while doing case-insensitive lookup
Warning: Duplicate port/net name "n17" found in module "PE_Shift_Add_7" while doing case-insensitive lookup
Warning: Duplicate port/net name "n18" found in module "PE_Shift_Add_7" while doing case-insensitive lookup
Warning: Duplicate port/net name "n19" found in module "PE_Shift_Add_7" while doing case-insensitive lookup
Warning: Duplicate port/net name "n25" found in module "PE_Shift_Add_7" while doing case-insensitive lookup
Warning: Duplicate port/net name "n27" found in module "PE_Shift_Add_7" while doing case-insensitive lookup
Warning: Duplicate port/net name "n28" found in module "PE_Shift_Add_7" while doing case-insensitive lookup
Warning: Duplicate port/net name "n34" found in module "PE_Shift_Add_7" while doing case-insensitive lookup
Warning: Duplicate port/net name "n36" found in module "PE_Shift_Add_7" while doing case-insensitive lookup
Warning: Duplicate port/net name "n39" found in module "PE_Shift_Add_7" while doing case-insensitive lookup
Warning: Duplicate port/net name "n43" found in module "PE_Shift_Add_7" while doing case-insensitive lookup
Warning: Duplicate port/net name "n46" found in module "PE_Shift_Add_7" while doing case-insensitive lookup
Warning: Duplicate port/net name "n57" found in module "PE_Shift_Add_7" while doing case-insensitive lookup
Warning: Duplicate port/net name "n58" found in module "PE_Shift_Add_7" while doing case-insensitive lookup
Warning: Duplicate port/net name "n59" found in module "PE_Shift_Add_7" while doing case-insensitive lookup
Warning: Duplicate port/net name "n60" found in module "PE_Shift_Add_7" while doing case-insensitive lookup
Warning: Duplicate port/net name "n61" found in module "PE_Shift_Add_7" while doing case-insensitive lookup
Warning: Duplicate port/net name "n62" found in module "PE_Shift_Add_7" while doing case-insensitive lookup
Warning: Duplicate port/net name "n63" found in module "PE_Shift_Add_7" while doing case-insensitive lookup
Warning: Duplicate port/net name "n64" found in module "PE_Shift_Add_7" while doing case-insensitive lookup
Warning: Duplicate port/net name "n65" found in module "PE_Shift_Add_7" while doing case-insensitive lookup
Warning: Duplicate port/net name "n66" found in module "PE_Shift_Add_7" while doing case-insensitive lookup
Warning: Duplicate port/net name "n67" found in module "PE_Shift_Add_7" while doing case-insensitive lookup
Warning: Duplicate port/net name "n69" found in module "PE_Shift_Add_7" while doing case-insensitive lookup
Warning: Duplicate port/net name "n71" found in module "PE_Shift_Add_7" while doing case-insensitive lookup
Warning: Duplicate port/net name "n72" found in module "PE_Shift_Add_7" while doing case-insensitive lookup
Warning: Duplicate port/net name "n73" found in module "PE_Shift_Add_7" while doing case-insensitive lookup
Warning: Duplicate port/net name "n74" found in module "PE_Shift_Add_7" while doing case-insensitive lookup
Warning: Duplicate port/net name "n75" found in module "PE_Shift_Add_7" while doing case-insensitive lookup
Warning: Duplicate port/net name "n76" found in module "PE_Shift_Add_7" while doing case-insensitive lookup
Warning: Duplicate port/net name "n77" found in module "PE_Shift_Add_7" while doing case-insensitive lookup
Warning: Duplicate port/net name "n78" found in module "PE_Shift_Add_7" while doing case-insensitive lookup
Warning: Duplicate port/net name "n79" found in module "PE_Shift_Add_7" while doing case-insensitive lookup
Warning: Duplicate port/net name "n80" found in module "PE_Shift_Add_7" while doing case-insensitive lookup
Warning: Duplicate port/net name "n81" found in module "PE_Shift_Add_7" while doing case-insensitive lookup
Warning: Duplicate port/net name "n82" found in module "PE_Shift_Add_7" while doing case-insensitive lookup
Warning: Duplicate port/net name "n83" found in module "PE_Shift_Add_7" while doing case-insensitive lookup
Warning: Duplicate port/net name "n84" found in module "PE_Shift_Add_7" while doing case-insensitive lookup
Warning: Duplicate port/net name "n85" found in module "PE_Shift_Add_7" while doing case-insensitive lookup
Warning: Duplicate port/net name "n86" found in module "PE_Shift_Add_7" while doing case-insensitive lookup
Warning: Duplicate port/net name "n90" found in module "PE_Shift_Add_7" while doing case-insensitive lookup
Warning: Duplicate port/net name "n91" found in module "PE_Shift_Add_7" while doing case-insensitive lookup
Warning: Duplicate port/net name "n92" found in module "PE_Shift_Add_7" while doing case-insensitive lookup
Warning: Duplicate port/net name "n93" found in module "PE_Shift_Add_7" while doing case-insensitive lookup
Warning: Duplicate port/net name "n100" found in module "PE_Shift_Add_6" while doing case-insensitive lookup
Warning: Duplicate port/net name "n14" found in module "PE_Shift_Add_6" while doing case-insensitive lookup
Warning: Duplicate port/net name "n16" found in module "PE_Shift_Add_6" while doing case-insensitive lookup
Warning: Duplicate port/net name "n18" found in module "PE_Shift_Add_6" while doing case-insensitive lookup
Warning: Duplicate port/net name "n21" found in module "PE_Shift_Add_6" while doing case-insensitive lookup
Warning: Duplicate port/net name "n23" found in module "PE_Shift_Add_6" while doing case-insensitive lookup
Warning: Duplicate port/net name "n25" found in module "PE_Shift_Add_6" while doing case-insensitive lookup
Warning: Duplicate port/net name "n27" found in module "PE_Shift_Add_6" while doing case-insensitive lookup
Warning: Duplicate port/net name "n29" found in module "PE_Shift_Add_6" while doing case-insensitive lookup
Warning: Duplicate port/net name "n32" found in module "PE_Shift_Add_6" while doing case-insensitive lookup
Warning: Duplicate port/net name "n36" found in module "PE_Shift_Add_6" while doing case-insensitive lookup
Warning: Duplicate port/net name "n38" found in module "PE_Shift_Add_6" while doing case-insensitive lookup
Warning: Duplicate port/net name "n40" found in module "PE_Shift_Add_6" while doing case-insensitive lookup
Warning: Duplicate port/net name "n42" found in module "PE_Shift_Add_6" while doing case-insensitive lookup
Warning: Duplicate port/net name "n45" found in module "PE_Shift_Add_6" while doing case-insensitive lookup
Warning: Duplicate port/net name "n53" found in module "PE_Shift_Add_6" while doing case-insensitive lookup
Warning: Duplicate port/net name "n54" found in module "PE_Shift_Add_6" while doing case-insensitive lookup
Warning: Duplicate port/net name "n55" found in module "PE_Shift_Add_6" while doing case-insensitive lookup
Warning: Duplicate port/net name "n56" found in module "PE_Shift_Add_6" while doing case-insensitive lookup
Warning: Duplicate port/net name "n57" found in module "PE_Shift_Add_6" while doing case-insensitive lookup
Warning: Duplicate port/net name "n58" found in module "PE_Shift_Add_6" while doing case-insensitive lookup
Warning: Duplicate port/net name "n59" found in module "PE_Shift_Add_6" while doing case-insensitive lookup
Warning: Duplicate port/net name "n60" found in module "PE_Shift_Add_6" while doing case-insensitive lookup
Warning: Duplicate port/net name "n61" found in module "PE_Shift_Add_6" while doing case-insensitive lookup
Warning: Duplicate port/net name "n62" found in module "PE_Shift_Add_6" while doing case-insensitive lookup
Warning: Duplicate port/net name "n63" found in module "PE_Shift_Add_6" while doing case-insensitive lookup
Warning: Duplicate port/net name "n64" found in module "PE_Shift_Add_6" while doing case-insensitive lookup
Warning: Duplicate port/net name "n65" found in module "PE_Shift_Add_6" while doing case-insensitive lookup
Warning: Duplicate port/net name "n66" found in module "PE_Shift_Add_6" while doing case-insensitive lookup
Warning: Duplicate port/net name "n67" found in module "PE_Shift_Add_6" while doing case-insensitive lookup
Warning: Duplicate port/net name "n69" found in module "PE_Shift_Add_6" while doing case-insensitive lookup
Warning: Duplicate port/net name "n70" found in module "PE_Shift_Add_6" while doing case-insensitive lookup
Warning: Duplicate port/net name "n71" found in module "PE_Shift_Add_6" while doing case-insensitive lookup
Warning: Duplicate port/net name "n72" found in module "PE_Shift_Add_6" while doing case-insensitive lookup
Warning: Duplicate port/net name "n73" found in module "PE_Shift_Add_6" while doing case-insensitive lookup
Warning: Duplicate port/net name "n74" found in module "PE_Shift_Add_6" while doing case-insensitive lookup
Warning: Duplicate port/net name "n75" found in module "PE_Shift_Add_6" while doing case-insensitive lookup
Warning: Duplicate port/net name "n76" found in module "PE_Shift_Add_6" while doing case-insensitive lookup
Warning: Duplicate port/net name "n77" found in module "PE_Shift_Add_6" while doing case-insensitive lookup
Warning: Duplicate port/net name "n78" found in module "PE_Shift_Add_6" while doing case-insensitive lookup
Warning: Duplicate port/net name "n79" found in module "PE_Shift_Add_6" while doing case-insensitive lookup
Warning: Duplicate port/net name "n81" found in module "PE_Shift_Add_6" while doing case-insensitive lookup
Warning: Duplicate port/net name "n82" found in module "PE_Shift_Add_6" while doing case-insensitive lookup
Warning: Duplicate port/net name "n83" found in module "PE_Shift_Add_6" while doing case-insensitive lookup
Warning: Duplicate port/net name "n84" found in module "PE_Shift_Add_6" while doing case-insensitive lookup
Warning: Duplicate port/net name "n85" found in module "PE_Shift_Add_6" while doing case-insensitive lookup
Warning: Duplicate port/net name "n90" found in module "PE_Shift_Add_6" while doing case-insensitive lookup
Warning: Duplicate port/net name "n91" found in module "PE_Shift_Add_6" while doing case-insensitive lookup
Warning: Duplicate port/net name "n92" found in module "PE_Shift_Add_6" while doing case-insensitive lookup
Warning: Duplicate port/net name "n16" found in module "PE_Shift_Add_5" while doing case-insensitive lookup
Warning: Duplicate port/net name "n18" found in module "PE_Shift_Add_5" while doing case-insensitive lookup
Warning: Duplicate port/net name "n22" found in module "PE_Shift_Add_5" while doing case-insensitive lookup
Warning: Duplicate port/net name "n26" found in module "PE_Shift_Add_5" while doing case-insensitive lookup
Warning: Duplicate port/net name "n27" found in module "PE_Shift_Add_5" while doing case-insensitive lookup
Warning: Duplicate port/net name "n29" found in module "PE_Shift_Add_5" while doing case-insensitive lookup
Warning: Duplicate port/net name "n31" found in module "PE_Shift_Add_5" while doing case-insensitive lookup
Warning: Duplicate port/net name "n37" found in module "PE_Shift_Add_5" while doing case-insensitive lookup
Warning: Duplicate port/net name "n39" found in module "PE_Shift_Add_5" while doing case-insensitive lookup
Warning: Duplicate port/net name "n47" found in module "PE_Shift_Add_5" while doing case-insensitive lookup
Warning: Duplicate port/net name "n48" found in module "PE_Shift_Add_5" while doing case-insensitive lookup
Warning: Duplicate port/net name "n49" found in module "PE_Shift_Add_5" while doing case-insensitive lookup
Warning: Duplicate port/net name "n50" found in module "PE_Shift_Add_5" while doing case-insensitive lookup
Warning: Duplicate port/net name "n51" found in module "PE_Shift_Add_5" while doing case-insensitive lookup
Warning: Duplicate port/net name "n53" found in module "PE_Shift_Add_5" while doing case-insensitive lookup
Warning: Duplicate port/net name "n54" found in module "PE_Shift_Add_5" while doing case-insensitive lookup
Warning: Duplicate port/net name "n55" found in module "PE_Shift_Add_5" while doing case-insensitive lookup
Warning: Duplicate port/net name "n56" found in module "PE_Shift_Add_5" while doing case-insensitive lookup
Warning: Duplicate port/net name "n57" found in module "PE_Shift_Add_5" while doing case-insensitive lookup
Warning: Duplicate port/net name "n58" found in module "PE_Shift_Add_5" while doing case-insensitive lookup
Warning: Duplicate port/net name "n59" found in module "PE_Shift_Add_5" while doing case-insensitive lookup
Warning: Duplicate port/net name "n60" found in module "PE_Shift_Add_5" while doing case-insensitive lookup
Warning: Duplicate port/net name "n61" found in module "PE_Shift_Add_5" while doing case-insensitive lookup
Warning: Duplicate port/net name "n62" found in module "PE_Shift_Add_5" while doing case-insensitive lookup
Warning: Duplicate port/net name "n63" found in module "PE_Shift_Add_5" while doing case-insensitive lookup
Warning: Duplicate port/net name "n64" found in module "PE_Shift_Add_5" while doing case-insensitive lookup
Warning: Duplicate port/net name "n65" found in module "PE_Shift_Add_5" while doing case-insensitive lookup
Warning: Duplicate port/net name "n66" found in module "PE_Shift_Add_5" while doing case-insensitive lookup
Warning: Duplicate port/net name "n67" found in module "PE_Shift_Add_5" while doing case-insensitive lookup
Warning: Duplicate port/net name "n69" found in module "PE_Shift_Add_5" while doing case-insensitive lookup
Warning: Duplicate port/net name "n70" found in module "PE_Shift_Add_5" while doing case-insensitive lookup
Warning: Duplicate port/net name "n71" found in module "PE_Shift_Add_5" while doing case-insensitive lookup
Warning: Duplicate port/net name "n72" found in module "PE_Shift_Add_5" while doing case-insensitive lookup
Warning: Duplicate port/net name "n73" found in module "PE_Shift_Add_5" while doing case-insensitive lookup
Warning: Duplicate port/net name "n74" found in module "PE_Shift_Add_5" while doing case-insensitive lookup
Warning: Duplicate port/net name "n75" found in module "PE_Shift_Add_5" while doing case-insensitive lookup
Warning: Duplicate port/net name "n79" found in module "PE_Shift_Add_5" while doing case-insensitive lookup
Warning: Duplicate port/net name "n80" found in module "PE_Shift_Add_5" while doing case-insensitive lookup
Warning: Duplicate port/net name "n81" found in module "PE_Shift_Add_5" while doing case-insensitive lookup
Warning: Duplicate port/net name "n82" found in module "PE_Shift_Add_5" while doing case-insensitive lookup
Warning: Duplicate port/net name "n17" found in module "PE_Shift_Add_4" while doing case-insensitive lookup
Warning: Duplicate port/net name "n20" found in module "PE_Shift_Add_4" while doing case-insensitive lookup
Warning: Duplicate port/net name "n22" found in module "PE_Shift_Add_4" while doing case-insensitive lookup
Warning: Duplicate port/net name "n24" found in module "PE_Shift_Add_4" while doing case-insensitive lookup
Warning: Duplicate port/net name "n26" found in module "PE_Shift_Add_4" while doing case-insensitive lookup
Warning: Duplicate port/net name "n29" found in module "PE_Shift_Add_4" while doing case-insensitive lookup
Warning: Duplicate port/net name "n32" found in module "PE_Shift_Add_4" while doing case-insensitive lookup
Warning: Duplicate port/net name "n33" found in module "PE_Shift_Add_4" while doing case-insensitive lookup
Warning: Duplicate port/net name "n35" found in module "PE_Shift_Add_4" while doing case-insensitive lookup
Warning: Duplicate port/net name "n37" found in module "PE_Shift_Add_4" while doing case-insensitive lookup
Warning: Duplicate port/net name "n40" found in module "PE_Shift_Add_4" while doing case-insensitive lookup
Warning: Duplicate port/net name "n45" found in module "PE_Shift_Add_4" while doing case-insensitive lookup
Warning: Duplicate port/net name "n46" found in module "PE_Shift_Add_4" while doing case-insensitive lookup
Warning: Duplicate port/net name "n47" found in module "PE_Shift_Add_4" while doing case-insensitive lookup
Warning: Duplicate port/net name "n48" found in module "PE_Shift_Add_4" while doing case-insensitive lookup
Warning: Duplicate port/net name "n49" found in module "PE_Shift_Add_4" while doing case-insensitive lookup
Warning: Duplicate port/net name "n50" found in module "PE_Shift_Add_4" while doing case-insensitive lookup
Warning: Duplicate port/net name "n51" found in module "PE_Shift_Add_4" while doing case-insensitive lookup
Warning: Duplicate port/net name "n52" found in module "PE_Shift_Add_4" while doing case-insensitive lookup
Warning: Duplicate port/net name "n53" found in module "PE_Shift_Add_4" while doing case-insensitive lookup
Warning: Duplicate port/net name "n54" found in module "PE_Shift_Add_4" while doing case-insensitive lookup
Warning: Duplicate port/net name "n55" found in module "PE_Shift_Add_4" while doing case-insensitive lookup
Warning: Duplicate port/net name "n56" found in module "PE_Shift_Add_4" while doing case-insensitive lookup
Warning: Duplicate port/net name "n57" found in module "PE_Shift_Add_4" while doing case-insensitive lookup
Warning: Duplicate port/net name "n58" found in module "PE_Shift_Add_4" while doing case-insensitive lookup
Warning: Duplicate port/net name "n59" found in module "PE_Shift_Add_4" while doing case-insensitive lookup
Warning: Duplicate port/net name "n60" found in module "PE_Shift_Add_4" while doing case-insensitive lookup
Warning: Duplicate port/net name "n62" found in module "PE_Shift_Add_4" while doing case-insensitive lookup
Warning: Duplicate port/net name "n63" found in module "PE_Shift_Add_4" while doing case-insensitive lookup
Warning: Duplicate port/net name "n64" found in module "PE_Shift_Add_4" while doing case-insensitive lookup
Warning: Duplicate port/net name "n65" found in module "PE_Shift_Add_4" while doing case-insensitive lookup
Warning: Duplicate port/net name "n66" found in module "PE_Shift_Add_4" while doing case-insensitive lookup
Warning: Duplicate port/net name "n67" found in module "PE_Shift_Add_4" while doing case-insensitive lookup
Warning: Duplicate port/net name "n69" found in module "PE_Shift_Add_4" while doing case-insensitive lookup
Warning: Duplicate port/net name "n70" found in module "PE_Shift_Add_4" while doing case-insensitive lookup
Warning: Duplicate port/net name "n72" found in module "PE_Shift_Add_4" while doing case-insensitive lookup
Warning: Duplicate port/net name "n73" found in module "PE_Shift_Add_4" while doing case-insensitive lookup
Warning: Duplicate port/net name "n74" found in module "PE_Shift_Add_4" while doing case-insensitive lookup
Warning: Duplicate port/net name "n75" found in module "PE_Shift_Add_4" while doing case-insensitive lookup
Warning: Duplicate port/net name "n76" found in module "PE_Shift_Add_4" while doing case-insensitive lookup
Warning: Duplicate port/net name "n81" found in module "PE_Shift_Add_4" while doing case-insensitive lookup
Warning: Duplicate port/net name "n82" found in module "PE_Shift_Add_4" while doing case-insensitive lookup
Warning: Duplicate port/net name "n83" found in module "PE_Shift_Add_4" while doing case-insensitive lookup
Warning: Duplicate port/net name "n95" found in module "PE_Shift_Add_4" while doing case-insensitive lookup
Warning: Duplicate port/net name "n103" found in module "PE_Shift_Add_3" while doing case-insensitive lookup
Warning: Duplicate port/net name "n17" found in module "PE_Shift_Add_3" while doing case-insensitive lookup
Warning: Duplicate port/net name "n20" found in module "PE_Shift_Add_3" while doing case-insensitive lookup
Warning: Duplicate port/net name "n24" found in module "PE_Shift_Add_3" while doing case-insensitive lookup
Warning: Duplicate port/net name "n26" found in module "PE_Shift_Add_3" while doing case-insensitive lookup
Warning: Duplicate port/net name "n28" found in module "PE_Shift_Add_3" while doing case-insensitive lookup
Warning: Duplicate port/net name "n30" found in module "PE_Shift_Add_3" while doing case-insensitive lookup
Warning: Duplicate port/net name "n37" found in module "PE_Shift_Add_3" while doing case-insensitive lookup
Warning: Duplicate port/net name "n39" found in module "PE_Shift_Add_3" while doing case-insensitive lookup
Warning: Duplicate port/net name "n41" found in module "PE_Shift_Add_3" while doing case-insensitive lookup
Warning: Duplicate port/net name "n52" found in module "PE_Shift_Add_3" while doing case-insensitive lookup
Warning: Duplicate port/net name "n53" found in module "PE_Shift_Add_3" while doing case-insensitive lookup
Warning: Duplicate port/net name "n54" found in module "PE_Shift_Add_3" while doing case-insensitive lookup
Warning: Duplicate port/net name "n55" found in module "PE_Shift_Add_3" while doing case-insensitive lookup
Warning: Duplicate port/net name "n56" found in module "PE_Shift_Add_3" while doing case-insensitive lookup
Warning: Duplicate port/net name "n57" found in module "PE_Shift_Add_3" while doing case-insensitive lookup
Warning: Duplicate port/net name "n58" found in module "PE_Shift_Add_3" while doing case-insensitive lookup
Warning: Duplicate port/net name "n59" found in module "PE_Shift_Add_3" while doing case-insensitive lookup
Warning: Duplicate port/net name "n60" found in module "PE_Shift_Add_3" while doing case-insensitive lookup
Warning: Duplicate port/net name "n61" found in module "PE_Shift_Add_3" while doing case-insensitive lookup
Warning: Duplicate port/net name "n62" found in module "PE_Shift_Add_3" while doing case-insensitive lookup
Warning: Duplicate port/net name "n63" found in module "PE_Shift_Add_3" while doing case-insensitive lookup
Warning: Duplicate port/net name "n64" found in module "PE_Shift_Add_3" while doing case-insensitive lookup
Warning: Duplicate port/net name "n65" found in module "PE_Shift_Add_3" while doing case-insensitive lookup
Warning: Duplicate port/net name "n66" found in module "PE_Shift_Add_3" while doing case-insensitive lookup
Warning: Duplicate port/net name "n67" found in module "PE_Shift_Add_3" while doing case-insensitive lookup
Warning: Duplicate port/net name "n69" found in module "PE_Shift_Add_3" while doing case-insensitive lookup
Warning: Duplicate port/net name "n70" found in module "PE_Shift_Add_3" while doing case-insensitive lookup
Warning: Duplicate port/net name "n71" found in module "PE_Shift_Add_3" while doing case-insensitive lookup
Warning: Duplicate port/net name "n72" found in module "PE_Shift_Add_3" while doing case-insensitive lookup
Warning: Duplicate port/net name "n73" found in module "PE_Shift_Add_3" while doing case-insensitive lookup
Warning: Duplicate port/net name "n74" found in module "PE_Shift_Add_3" while doing case-insensitive lookup
Warning: Duplicate port/net name "n75" found in module "PE_Shift_Add_3" while doing case-insensitive lookup
Warning: Duplicate port/net name "n76" found in module "PE_Shift_Add_3" while doing case-insensitive lookup
Warning: Duplicate port/net name "n77" found in module "PE_Shift_Add_3" while doing case-insensitive lookup
Warning: Duplicate port/net name "n79" found in module "PE_Shift_Add_3" while doing case-insensitive lookup
Warning: Duplicate port/net name "n80" found in module "PE_Shift_Add_3" while doing case-insensitive lookup
Warning: Duplicate port/net name "n81" found in module "PE_Shift_Add_3" while doing case-insensitive lookup
Warning: Duplicate port/net name "n82" found in module "PE_Shift_Add_3" while doing case-insensitive lookup
Warning: Duplicate port/net name "n83" found in module "PE_Shift_Add_3" while doing case-insensitive lookup
Warning: Duplicate port/net name "n84" found in module "PE_Shift_Add_3" while doing case-insensitive lookup
Warning: Duplicate port/net name "n88" found in module "PE_Shift_Add_3" while doing case-insensitive lookup
Warning: Duplicate port/net name "n89" found in module "PE_Shift_Add_3" while doing case-insensitive lookup
Warning: Duplicate port/net name "n90" found in module "PE_Shift_Add_3" while doing case-insensitive lookup
Warning: Duplicate port/net name "n91" found in module "PE_Shift_Add_3" while doing case-insensitive lookup
Warning: Duplicate port/net name "n104" found in module "PE_Shift_Add_2" while doing case-insensitive lookup
Warning: Duplicate port/net name "n14" found in module "PE_Shift_Add_2" while doing case-insensitive lookup
Warning: Duplicate port/net name "n15" found in module "PE_Shift_Add_2" while doing case-insensitive lookup
Warning: Duplicate port/net name "n16" found in module "PE_Shift_Add_2" while doing case-insensitive lookup
Warning: Duplicate port/net name "n17" found in module "PE_Shift_Add_2" while doing case-insensitive lookup
Warning: Duplicate port/net name "n21" found in module "PE_Shift_Add_2" while doing case-insensitive lookup
Warning: Duplicate port/net name "n26" found in module "PE_Shift_Add_2" while doing case-insensitive lookup
Warning: Duplicate port/net name "n29" found in module "PE_Shift_Add_2" while doing case-insensitive lookup
Warning: Duplicate port/net name "n33" found in module "PE_Shift_Add_2" while doing case-insensitive lookup
Warning: Duplicate port/net name "n37" found in module "PE_Shift_Add_2" while doing case-insensitive lookup
Warning: Duplicate port/net name "n39" found in module "PE_Shift_Add_2" while doing case-insensitive lookup
Warning: Duplicate port/net name "n44" found in module "PE_Shift_Add_2" while doing case-insensitive lookup
Warning: Duplicate port/net name "n45" found in module "PE_Shift_Add_2" while doing case-insensitive lookup
Warning: Duplicate port/net name "n52" found in module "PE_Shift_Add_2" while doing case-insensitive lookup
Warning: Duplicate port/net name "n56" found in module "PE_Shift_Add_2" while doing case-insensitive lookup
Warning: Duplicate port/net name "n57" found in module "PE_Shift_Add_2" while doing case-insensitive lookup
Warning: Duplicate port/net name "n58" found in module "PE_Shift_Add_2" while doing case-insensitive lookup
Warning: Duplicate port/net name "n59" found in module "PE_Shift_Add_2" while doing case-insensitive lookup
Warning: Duplicate port/net name "n60" found in module "PE_Shift_Add_2" while doing case-insensitive lookup
Warning: Duplicate port/net name "n61" found in module "PE_Shift_Add_2" while doing case-insensitive lookup
Warning: Duplicate port/net name "n62" found in module "PE_Shift_Add_2" while doing case-insensitive lookup
Warning: Duplicate port/net name "n63" found in module "PE_Shift_Add_2" while doing case-insensitive lookup
Warning: Duplicate port/net name "n64" found in module "PE_Shift_Add_2" while doing case-insensitive lookup
Warning: Duplicate port/net name "n65" found in module "PE_Shift_Add_2" while doing case-insensitive lookup
Warning: Duplicate port/net name "n66" found in module "PE_Shift_Add_2" while doing case-insensitive lookup
Warning: Duplicate port/net name "n67" found in module "PE_Shift_Add_2" while doing case-insensitive lookup
Warning: Duplicate port/net name "n69" found in module "PE_Shift_Add_2" while doing case-insensitive lookup
Warning: Duplicate port/net name "n70" found in module "PE_Shift_Add_2" while doing case-insensitive lookup
Warning: Duplicate port/net name "n71" found in module "PE_Shift_Add_2" while doing case-insensitive lookup
Warning: Duplicate port/net name "n72" found in module "PE_Shift_Add_2" while doing case-insensitive lookup
Warning: Duplicate port/net name "n73" found in module "PE_Shift_Add_2" while doing case-insensitive lookup
Warning: Duplicate port/net name "n74" found in module "PE_Shift_Add_2" while doing case-insensitive lookup
Warning: Duplicate port/net name "n75" found in module "PE_Shift_Add_2" while doing case-insensitive lookup
Warning: Duplicate port/net name "n76" found in module "PE_Shift_Add_2" while doing case-insensitive lookup
Warning: Duplicate port/net name "n77" found in module "PE_Shift_Add_2" while doing case-insensitive lookup
Warning: Duplicate port/net name "n78" found in module "PE_Shift_Add_2" while doing case-insensitive lookup
Warning: Duplicate port/net name "n79" found in module "PE_Shift_Add_2" while doing case-insensitive lookup
Warning: Duplicate port/net name "n81" found in module "PE_Shift_Add_2" while doing case-insensitive lookup
Warning: Duplicate port/net name "n82" found in module "PE_Shift_Add_2" while doing case-insensitive lookup
Warning: Duplicate port/net name "n83" found in module "PE_Shift_Add_2" while doing case-insensitive lookup
Warning: Duplicate port/net name "n84" found in module "PE_Shift_Add_2" while doing case-insensitive lookup
Warning: Duplicate port/net name "n85" found in module "PE_Shift_Add_2" while doing case-insensitive lookup
Warning: Duplicate port/net name "n90" found in module "PE_Shift_Add_2" while doing case-insensitive lookup
Warning: Duplicate port/net name "n91" found in module "PE_Shift_Add_2" while doing case-insensitive lookup
Warning: Duplicate port/net name "n92" found in module "PE_Shift_Add_2" while doing case-insensitive lookup
Warning: Duplicate port/net name "n16" found in module "PE_Shift_Add_1" while doing case-insensitive lookup
Warning: Duplicate port/net name "n17" found in module "PE_Shift_Add_1" while doing case-insensitive lookup
Warning: Duplicate port/net name "n19" found in module "PE_Shift_Add_1" while doing case-insensitive lookup
Warning: Duplicate port/net name "n22" found in module "PE_Shift_Add_1" while doing case-insensitive lookup
Warning: Duplicate port/net name "n24" found in module "PE_Shift_Add_1" while doing case-insensitive lookup
Warning: Duplicate port/net name "n25" found in module "PE_Shift_Add_1" while doing case-insensitive lookup
Warning: Duplicate port/net name "n27" found in module "PE_Shift_Add_1" while doing case-insensitive lookup
Warning: Duplicate port/net name "n34" found in module "PE_Shift_Add_1" while doing case-insensitive lookup
Warning: Duplicate port/net name "n36" found in module "PE_Shift_Add_1" while doing case-insensitive lookup
Warning: Duplicate port/net name "n38" found in module "PE_Shift_Add_1" while doing case-insensitive lookup
Warning: Duplicate port/net name "n41" found in module "PE_Shift_Add_1" while doing case-insensitive lookup
Warning: Duplicate port/net name "n48" found in module "PE_Shift_Add_1" while doing case-insensitive lookup
Warning: Duplicate port/net name "n49" found in module "PE_Shift_Add_1" while doing case-insensitive lookup
Warning: Duplicate port/net name "n50" found in module "PE_Shift_Add_1" while doing case-insensitive lookup
Warning: Duplicate port/net name "n51" found in module "PE_Shift_Add_1" while doing case-insensitive lookup
Warning: Duplicate port/net name "n52" found in module "PE_Shift_Add_1" while doing case-insensitive lookup
Warning: Duplicate port/net name "n53" found in module "PE_Shift_Add_1" while doing case-insensitive lookup
Warning: Duplicate port/net name "n54" found in module "PE_Shift_Add_1" while doing case-insensitive lookup
Warning: Duplicate port/net name "n55" found in module "PE_Shift_Add_1" while doing case-insensitive lookup
Warning: Duplicate port/net name "n56" found in module "PE_Shift_Add_1" while doing case-insensitive lookup
Warning: Duplicate port/net name "n57" found in module "PE_Shift_Add_1" while doing case-insensitive lookup
Warning: Duplicate port/net name "n58" found in module "PE_Shift_Add_1" while doing case-insensitive lookup
Warning: Duplicate port/net name "n59" found in module "PE_Shift_Add_1" while doing case-insensitive lookup
Warning: Duplicate port/net name "n60" found in module "PE_Shift_Add_1" while doing case-insensitive lookup
Warning: Duplicate port/net name "n61" found in module "PE_Shift_Add_1" while doing case-insensitive lookup
Warning: Duplicate port/net name "n62" found in module "PE_Shift_Add_1" while doing case-insensitive lookup
Warning: Duplicate port/net name "n64" found in module "PE_Shift_Add_1" while doing case-insensitive lookup
Warning: Duplicate port/net name "n65" found in module "PE_Shift_Add_1" while doing case-insensitive lookup
Warning: Duplicate port/net name "n66" found in module "PE_Shift_Add_1" while doing case-insensitive lookup
Warning: Duplicate port/net name "n67" found in module "PE_Shift_Add_1" while doing case-insensitive lookup
Warning: Duplicate port/net name "n69" found in module "PE_Shift_Add_1" while doing case-insensitive lookup
Warning: Duplicate port/net name "n70" found in module "PE_Shift_Add_1" while doing case-insensitive lookup
Warning: Duplicate port/net name "n71" found in module "PE_Shift_Add_1" while doing case-insensitive lookup
Warning: Duplicate port/net name "n72" found in module "PE_Shift_Add_1" while doing case-insensitive lookup
Warning: Duplicate port/net name "n73" found in module "PE_Shift_Add_1" while doing case-insensitive lookup
Warning: Duplicate port/net name "n74" found in module "PE_Shift_Add_1" while doing case-insensitive lookup
Warning: Duplicate port/net name "n75" found in module "PE_Shift_Add_1" while doing case-insensitive lookup
Warning: Duplicate port/net name "n76" found in module "PE_Shift_Add_1" while doing case-insensitive lookup
Warning: Duplicate port/net name "n77" found in module "PE_Shift_Add_1" while doing case-insensitive lookup
Warning: Duplicate port/net name "n78" found in module "PE_Shift_Add_1" while doing case-insensitive lookup
Warning: Duplicate port/net name "n82" found in module "PE_Shift_Add_1" while doing case-insensitive lookup
Warning: Duplicate port/net name "n83" found in module "PE_Shift_Add_1" while doing case-insensitive lookup
Warning: Duplicate port/net name "n84" found in module "PE_Shift_Add_1" while doing case-insensitive lookup
Warning: Duplicate port/net name "n85" found in module "PE_Shift_Add_1" while doing case-insensitive lookup
Warning: Duplicate port/net name "n16" found in module "PE_Shift_Add_0" while doing case-insensitive lookup
Warning: Duplicate port/net name "n18" found in module "PE_Shift_Add_0" while doing case-insensitive lookup
Warning: Duplicate port/net name "n20" found in module "PE_Shift_Add_0" while doing case-insensitive lookup
Warning: Duplicate port/net name "n22" found in module "PE_Shift_Add_0" while doing case-insensitive lookup
Warning: Duplicate port/net name "n25" found in module "PE_Shift_Add_0" while doing case-insensitive lookup
Warning: Duplicate port/net name "n31" found in module "PE_Shift_Add_0" while doing case-insensitive lookup
Warning: Duplicate port/net name "n33" found in module "PE_Shift_Add_0" while doing case-insensitive lookup
Warning: Duplicate port/net name "n35" found in module "PE_Shift_Add_0" while doing case-insensitive lookup
Warning: Duplicate port/net name "n39" found in module "PE_Shift_Add_0" while doing case-insensitive lookup
Warning: Duplicate port/net name "n43" found in module "PE_Shift_Add_0" while doing case-insensitive lookup
Warning: Duplicate port/net name "n47" found in module "PE_Shift_Add_0" while doing case-insensitive lookup
Warning: Duplicate port/net name "n49" found in module "PE_Shift_Add_0" while doing case-insensitive lookup
Warning: Duplicate port/net name "n57" found in module "PE_Shift_Add_0" while doing case-insensitive lookup
Warning: Duplicate port/net name "n58" found in module "PE_Shift_Add_0" while doing case-insensitive lookup
Warning: Duplicate port/net name "n59" found in module "PE_Shift_Add_0" while doing case-insensitive lookup
Warning: Duplicate port/net name "n60" found in module "PE_Shift_Add_0" while doing case-insensitive lookup
Warning: Duplicate port/net name "n61" found in module "PE_Shift_Add_0" while doing case-insensitive lookup
Warning: Duplicate port/net name "n63" found in module "PE_Shift_Add_0" while doing case-insensitive lookup
Warning: Duplicate port/net name "n64" found in module "PE_Shift_Add_0" while doing case-insensitive lookup
Warning: Duplicate port/net name "n65" found in module "PE_Shift_Add_0" while doing case-insensitive lookup
Warning: Duplicate port/net name "n66" found in module "PE_Shift_Add_0" while doing case-insensitive lookup
Warning: Duplicate port/net name "n67" found in module "PE_Shift_Add_0" while doing case-insensitive lookup
Warning: Duplicate port/net name "n69" found in module "PE_Shift_Add_0" while doing case-insensitive lookup
Warning: Duplicate port/net name "n70" found in module "PE_Shift_Add_0" while doing case-insensitive lookup
Warning: Duplicate port/net name "n71" found in module "PE_Shift_Add_0" while doing case-insensitive lookup
Warning: Duplicate port/net name "n72" found in module "PE_Shift_Add_0" while doing case-insensitive lookup
Warning: Duplicate port/net name "n73" found in module "PE_Shift_Add_0" while doing case-insensitive lookup
Warning: Duplicate port/net name "n74" found in module "PE_Shift_Add_0" while doing case-insensitive lookup
Warning: Duplicate port/net name "n75" found in module "PE_Shift_Add_0" while doing case-insensitive lookup
Warning: Duplicate port/net name "n76" found in module "PE_Shift_Add_0" while doing case-insensitive lookup
Warning: Duplicate port/net name "n77" found in module "PE_Shift_Add_0" while doing case-insensitive lookup
Warning: Duplicate port/net name "n78" found in module "PE_Shift_Add_0" while doing case-insensitive lookup
Warning: Duplicate port/net name "n79" found in module "PE_Shift_Add_0" while doing case-insensitive lookup
Warning: Duplicate port/net name "n80" found in module "PE_Shift_Add_0" while doing case-insensitive lookup
Warning: Duplicate port/net name "n81" found in module "PE_Shift_Add_0" while doing case-insensitive lookup
Warning: Duplicate port/net name "n82" found in module "PE_Shift_Add_0" while doing case-insensitive lookup
Warning: Duplicate port/net name "n83" found in module "PE_Shift_Add_0" while doing case-insensitive lookup
Warning: Duplicate port/net name "n84" found in module "PE_Shift_Add_0" while doing case-insensitive lookup
Warning: Duplicate port/net name "n85" found in module "PE_Shift_Add_0" while doing case-insensitive lookup
Warning: Duplicate port/net name "n86" found in module "PE_Shift_Add_0" while doing case-insensitive lookup
Warning: Duplicate port/net name "n87" found in module "PE_Shift_Add_0" while doing case-insensitive lookup
Warning: Duplicate port/net name "n92" found in module "PE_Shift_Add_0" while doing case-insensitive lookup
Warning: Duplicate port/net name "n93" found in module "PE_Shift_Add_0" while doing case-insensitive lookup
Warning: Duplicate port/net name "n94" found in module "PE_Shift_Add_0" while doing case-insensitive lookup
Warning: Duplicate port/net name "n100" found in module "RegFileDual_DATA_WIDTH34" while doing case-insensitive lookup
Warning: Duplicate port/net name "n103" found in module "RegFileDual_DATA_WIDTH34" while doing case-insensitive lookup
Warning: Duplicate port/net name "n104" found in module "RegFileDual_DATA_WIDTH34" while doing case-insensitive lookup
Warning: Duplicate port/net name "n105" found in module "RegFileDual_DATA_WIDTH34" while doing case-insensitive lookup
Warning: Duplicate port/net name "n106" found in module "RegFileDual_DATA_WIDTH34" while doing case-insensitive lookup
Warning: Duplicate port/net name "n107" found in module "RegFileDual_DATA_WIDTH34" while doing case-insensitive lookup
Warning: Duplicate port/net name "n108" found in module "RegFileDual_DATA_WIDTH34" while doing case-insensitive lookup
Warning: Duplicate port/net name "n109" found in module "RegFileDual_DATA_WIDTH34" while doing case-insensitive lookup
Warning: Duplicate port/net name "n110" found in module "RegFileDual_DATA_WIDTH34" while doing case-insensitive lookup
Warning: Duplicate port/net name "n111" found in module "RegFileDual_DATA_WIDTH34" while doing case-insensitive lookup
Warning: Duplicate port/net name "n112" found in module "RegFileDual_DATA_WIDTH34" while doing case-insensitive lookup
Warning: Duplicate port/net name "n113" found in module "RegFileDual_DATA_WIDTH34" while doing case-insensitive lookup
Warning: Duplicate port/net name "n114" found in module "RegFileDual_DATA_WIDTH34" while doing case-insensitive lookup
Warning: Duplicate port/net name "n115" found in module "RegFileDual_DATA_WIDTH34" while doing case-insensitive lookup
Warning: Duplicate port/net name "n116" found in module "RegFileDual_DATA_WIDTH34" while doing case-insensitive lookup
Warning: Duplicate port/net name "n117" found in module "RegFileDual_DATA_WIDTH34" while doing case-insensitive lookup
Warning: Duplicate port/net name "n118" found in module "RegFileDual_DATA_WIDTH34" while doing case-insensitive lookup
Warning: Duplicate port/net name "n119" found in module "RegFileDual_DATA_WIDTH34" while doing case-insensitive lookup
Warning: Duplicate port/net name "n120" found in module "RegFileDual_DATA_WIDTH34" while doing case-insensitive lookup
Warning: Duplicate port/net name "n122" found in module "RegFileDual_DATA_WIDTH34" while doing case-insensitive lookup
Warning: Duplicate port/net name "n123" found in module "RegFileDual_DATA_WIDTH34" while doing case-insensitive lookup
Warning: Duplicate port/net name "n124" found in module "RegFileDual_DATA_WIDTH34" while doing case-insensitive lookup
Warning: Duplicate port/net name "n125" found in module "RegFileDual_DATA_WIDTH34" while doing case-insensitive lookup
Warning: Duplicate port/net name "n126" found in module "RegFileDual_DATA_WIDTH34" while doing case-insensitive lookup
Warning: Duplicate port/net name "n127" found in module "RegFileDual_DATA_WIDTH34" while doing case-insensitive lookup
Warning: Duplicate port/net name "n128" found in module "RegFileDual_DATA_WIDTH34" while doing case-insensitive lookup
Warning: Duplicate port/net name "n129" found in module "RegFileDual_DATA_WIDTH34" while doing case-insensitive lookup
Warning: Duplicate port/net name "n130" found in module "RegFileDual_DATA_WIDTH34" while doing case-insensitive lookup
Warning: Duplicate port/net name "n131" found in module "RegFileDual_DATA_WIDTH34" while doing case-insensitive lookup
Warning: Duplicate port/net name "n132" found in module "RegFileDual_DATA_WIDTH34" while doing case-insensitive lookup
Warning: Duplicate port/net name "n133" found in module "RegFileDual_DATA_WIDTH34" while doing case-insensitive lookup
Warning: Duplicate port/net name "n134" found in module "RegFileDual_DATA_WIDTH34" while doing case-insensitive lookup
Warning: Duplicate port/net name "n135" found in module "RegFileDual_DATA_WIDTH34" while doing case-insensitive lookup
Warning: Duplicate port/net name "n136" found in module "RegFileDual_DATA_WIDTH34" while doing case-insensitive lookup
Warning: Duplicate port/net name "n27" found in module "RegFileDual_DATA_WIDTH34" while doing case-insensitive lookup
Warning: Duplicate port/net name "n28" found in module "RegFileDual_DATA_WIDTH34" while doing case-insensitive lookup
Warning: Duplicate port/net name "n29" found in module "RegFileDual_DATA_WIDTH34" while doing case-insensitive lookup
Warning: Duplicate port/net name "n30" found in module "RegFileDual_DATA_WIDTH34" while doing case-insensitive lookup
Warning: Duplicate port/net name "n31" found in module "RegFileDual_DATA_WIDTH34" while doing case-insensitive lookup
Warning: Duplicate port/net name "n32" found in module "RegFileDual_DATA_WIDTH34" while doing case-insensitive lookup
Warning: Duplicate port/net name "n33" found in module "RegFileDual_DATA_WIDTH34" while doing case-insensitive lookup
Warning: Duplicate port/net name "n34" found in module "RegFileDual_DATA_WIDTH34" while doing case-insensitive lookup
Warning: Duplicate port/net name "n52" found in module "RegFileDual_DATA_WIDTH34" while doing case-insensitive lookup
Warning: Duplicate port/net name "n53" found in module "RegFileDual_DATA_WIDTH34" while doing case-insensitive lookup
Warning: Duplicate port/net name "n54" found in module "RegFileDual_DATA_WIDTH34" while doing case-insensitive lookup
Warning: Duplicate port/net name "n55" found in module "RegFileDual_DATA_WIDTH34" while doing case-insensitive lookup
Warning: Duplicate port/net name "n56" found in module "RegFileDual_DATA_WIDTH34" while doing case-insensitive lookup
Warning: Duplicate port/net name "n57" found in module "RegFileDual_DATA_WIDTH34" while doing case-insensitive lookup
Warning: Duplicate port/net name "n58" found in module "RegFileDual_DATA_WIDTH34" while doing case-insensitive lookup
Warning: Duplicate port/net name "n59" found in module "RegFileDual_DATA_WIDTH34" while doing case-insensitive lookup
Warning: Duplicate port/net name "n60" found in module "RegFileDual_DATA_WIDTH34" while doing case-insensitive lookup
Warning: Duplicate port/net name "n61" found in module "RegFileDual_DATA_WIDTH34" while doing case-insensitive lookup
Warning: Duplicate port/net name "n62" found in module "RegFileDual_DATA_WIDTH34" while doing case-insensitive lookup
Warning: Duplicate port/net name "n63" found in module "RegFileDual_DATA_WIDTH34" while doing case-insensitive lookup
Warning: Duplicate port/net name "n64" found in module "RegFileDual_DATA_WIDTH34" while doing case-insensitive lookup
Warning: Duplicate port/net name "n65" found in module "RegFileDual_DATA_WIDTH34" while doing case-insensitive lookup
Warning: Duplicate port/net name "n66" found in module "RegFileDual_DATA_WIDTH34" while doing case-insensitive lookup
Warning: Duplicate port/net name "n67" found in module "RegFileDual_DATA_WIDTH34" while doing case-insensitive lookup
Warning: Duplicate port/net name "n85" found in module "RegFileDual_DATA_WIDTH34" while doing case-insensitive lookup
Warning: Duplicate port/net name "n86" found in module "RegFileDual_DATA_WIDTH34" while doing case-insensitive lookup
Warning: Duplicate port/net name "n87" found in module "RegFileDual_DATA_WIDTH34" while doing case-insensitive lookup
Warning: Duplicate port/net name "n88" found in module "RegFileDual_DATA_WIDTH34" while doing case-insensitive lookup
Warning: Duplicate port/net name "n89" found in module "RegFileDual_DATA_WIDTH34" while doing case-insensitive lookup
Warning: Duplicate port/net name "n90" found in module "RegFileDual_DATA_WIDTH34" while doing case-insensitive lookup
Warning: Duplicate port/net name "n91" found in module "RegFileDual_DATA_WIDTH34" while doing case-insensitive lookup
Warning: Duplicate port/net name "n92" found in module "RegFileDual_DATA_WIDTH34" while doing case-insensitive lookup
Warning: Duplicate port/net name "n93" found in module "RegFileDual_DATA_WIDTH34" while doing case-insensitive lookup
Warning: Duplicate port/net name "n94" found in module "RegFileDual_DATA_WIDTH34" while doing case-insensitive lookup
Warning: Duplicate port/net name "n95" found in module "RegFileDual_DATA_WIDTH34" while doing case-insensitive lookup
Warning: Duplicate port/net name "n96" found in module "RegFileDual_DATA_WIDTH34" while doing case-insensitive lookup
Warning: Duplicate port/net name "n97" found in module "RegFileDual_DATA_WIDTH34" while doing case-insensitive lookup
Warning: Duplicate port/net name "n98" found in module "RegFileDual_DATA_WIDTH34" while doing case-insensitive lookup
Warning: Duplicate port/net name "n99" found in module "RegFileDual_DATA_WIDTH34" while doing case-insensitive lookup
Warning: Duplicate port/net name "n100" found in module "RegFileDual_DATA_WIDTH22" while doing case-insensitive lookup
Warning: Duplicate port/net name "n103" found in module "RegFileDual_DATA_WIDTH22" while doing case-insensitive lookup
Warning: Duplicate port/net name "n104" found in module "RegFileDual_DATA_WIDTH22" while doing case-insensitive lookup
Warning: Duplicate port/net name "n105" found in module "RegFileDual_DATA_WIDTH22" while doing case-insensitive lookup
Warning: Duplicate port/net name "n106" found in module "RegFileDual_DATA_WIDTH22" while doing case-insensitive lookup
Warning: Duplicate port/net name "n107" found in module "RegFileDual_DATA_WIDTH22" while doing case-insensitive lookup
Warning: Duplicate port/net name "n108" found in module "RegFileDual_DATA_WIDTH22" while doing case-insensitive lookup
Warning: Duplicate port/net name "n109" found in module "RegFileDual_DATA_WIDTH22" while doing case-insensitive lookup
Warning: Duplicate port/net name "n110" found in module "RegFileDual_DATA_WIDTH22" while doing case-insensitive lookup
Warning: Duplicate port/net name "n111" found in module "RegFileDual_DATA_WIDTH22" while doing case-insensitive lookup
Warning: Duplicate port/net name "n112" found in module "RegFileDual_DATA_WIDTH22" while doing case-insensitive lookup
Warning: Duplicate port/net name "n113" found in module "RegFileDual_DATA_WIDTH22" while doing case-insensitive lookup
Warning: Duplicate port/net name "n114" found in module "RegFileDual_DATA_WIDTH22" while doing case-insensitive lookup
Warning: Duplicate port/net name "n115" found in module "RegFileDual_DATA_WIDTH22" while doing case-insensitive lookup
Warning: Duplicate port/net name "n116" found in module "RegFileDual_DATA_WIDTH22" while doing case-insensitive lookup
Warning: Duplicate port/net name "n117" found in module "RegFileDual_DATA_WIDTH22" while doing case-insensitive lookup
Warning: Duplicate port/net name "n118" found in module "RegFileDual_DATA_WIDTH22" while doing case-insensitive lookup
Warning: Duplicate port/net name "n119" found in module "RegFileDual_DATA_WIDTH22" while doing case-insensitive lookup
Warning: Duplicate port/net name "n120" found in module "RegFileDual_DATA_WIDTH22" while doing case-insensitive lookup
Warning: Duplicate port/net name "n121" found in module "RegFileDual_DATA_WIDTH22" while doing case-insensitive lookup
Warning: Duplicate port/net name "n122" found in module "RegFileDual_DATA_WIDTH22" while doing case-insensitive lookup
Warning: Duplicate port/net name "n123" found in module "RegFileDual_DATA_WIDTH22" while doing case-insensitive lookup
Warning: Duplicate port/net name "n124" found in module "RegFileDual_DATA_WIDTH22" while doing case-insensitive lookup
Warning: Duplicate port/net name "n27" found in module "RegFileDual_DATA_WIDTH22" while doing case-insensitive lookup
Warning: Duplicate port/net name "n28" found in module "RegFileDual_DATA_WIDTH22" while doing case-insensitive lookup
Warning: Duplicate port/net name "n29" found in module "RegFileDual_DATA_WIDTH22" while doing case-insensitive lookup
Warning: Duplicate port/net name "n30" found in module "RegFileDual_DATA_WIDTH22" while doing case-insensitive lookup
Warning: Duplicate port/net name "n31" found in module "RegFileDual_DATA_WIDTH22" while doing case-insensitive lookup
Warning: Duplicate port/net name "n32" found in module "RegFileDual_DATA_WIDTH22" while doing case-insensitive lookup
Warning: Duplicate port/net name "n33" found in module "RegFileDual_DATA_WIDTH22" while doing case-insensitive lookup
Warning: Duplicate port/net name "n34" found in module "RegFileDual_DATA_WIDTH22" while doing case-insensitive lookup
Warning: Duplicate port/net name "n52" found in module "RegFileDual_DATA_WIDTH22" while doing case-insensitive lookup
Warning: Duplicate port/net name "n53" found in module "RegFileDual_DATA_WIDTH22" while doing case-insensitive lookup
Warning: Duplicate port/net name "n54" found in module "RegFileDual_DATA_WIDTH22" while doing case-insensitive lookup
Warning: Duplicate port/net name "n55" found in module "RegFileDual_DATA_WIDTH22" while doing case-insensitive lookup
Warning: Duplicate port/net name "n56" found in module "RegFileDual_DATA_WIDTH22" while doing case-insensitive lookup
Warning: Duplicate port/net name "n57" found in module "RegFileDual_DATA_WIDTH22" while doing case-insensitive lookup
Warning: Duplicate port/net name "n58" found in module "RegFileDual_DATA_WIDTH22" while doing case-insensitive lookup
Warning: Duplicate port/net name "n59" found in module "RegFileDual_DATA_WIDTH22" while doing case-insensitive lookup
Warning: Duplicate port/net name "n60" found in module "RegFileDual_DATA_WIDTH22" while doing case-insensitive lookup
Warning: Duplicate port/net name "n61" found in module "RegFileDual_DATA_WIDTH22" while doing case-insensitive lookup
Warning: Duplicate port/net name "n62" found in module "RegFileDual_DATA_WIDTH22" while doing case-insensitive lookup
Warning: Duplicate port/net name "n63" found in module "RegFileDual_DATA_WIDTH22" while doing case-insensitive lookup
Warning: Duplicate port/net name "n64" found in module "RegFileDual_DATA_WIDTH22" while doing case-insensitive lookup
Warning: Duplicate port/net name "n65" found in module "RegFileDual_DATA_WIDTH22" while doing case-insensitive lookup
Warning: Duplicate port/net name "n66" found in module "RegFileDual_DATA_WIDTH22" while doing case-insensitive lookup
Warning: Duplicate port/net name "n67" found in module "RegFileDual_DATA_WIDTH22" while doing case-insensitive lookup
Warning: Duplicate port/net name "n85" found in module "RegFileDual_DATA_WIDTH22" while doing case-insensitive lookup
Warning: Duplicate port/net name "n86" found in module "RegFileDual_DATA_WIDTH22" while doing case-insensitive lookup
Warning: Duplicate port/net name "n87" found in module "RegFileDual_DATA_WIDTH22" while doing case-insensitive lookup
Warning: Duplicate port/net name "n88" found in module "RegFileDual_DATA_WIDTH22" while doing case-insensitive lookup
Warning: Duplicate port/net name "n89" found in module "RegFileDual_DATA_WIDTH22" while doing case-insensitive lookup
Warning: Duplicate port/net name "n90" found in module "RegFileDual_DATA_WIDTH22" while doing case-insensitive lookup
Warning: Duplicate port/net name "n91" found in module "RegFileDual_DATA_WIDTH22" while doing case-insensitive lookup
Warning: Duplicate port/net name "n92" found in module "RegFileDual_DATA_WIDTH22" while doing case-insensitive lookup
Warning: Duplicate port/net name "n93" found in module "RegFileDual_DATA_WIDTH22" while doing case-insensitive lookup
Warning: Duplicate port/net name "n94" found in module "RegFileDual_DATA_WIDTH22" while doing case-insensitive lookup
Warning: Duplicate port/net name "n95" found in module "RegFileDual_DATA_WIDTH22" while doing case-insensitive lookup
Warning: Duplicate port/net name "n96" found in module "RegFileDual_DATA_WIDTH22" while doing case-insensitive lookup
Warning: Duplicate port/net name "n97" found in module "RegFileDual_DATA_WIDTH22" while doing case-insensitive lookup
Warning: Duplicate port/net name "n98" found in module "RegFileDual_DATA_WIDTH22" while doing case-insensitive lookup
Warning: Duplicate port/net name "n99" found in module "RegFileDual_DATA_WIDTH22" while doing case-insensitive lookup
Warning: Duplicate port/net name "n130" found in module "CHIP_core" while doing case-insensitive lookup
Warning: Duplicate port/net name "n132" found in module "CHIP_core" while doing case-insensitive lookup
Warning: Duplicate port/net name "n133" found in module "CHIP_core" while doing case-insensitive lookup
Warning: Duplicate port/net name "n134" found in module "CHIP_core" while doing case-insensitive lookup
Warning: Duplicate port/net name "n135" found in module "CHIP_core" while doing case-insensitive lookup
Warning: Duplicate port/net name "n136" found in module "CHIP_core" while doing case-insensitive lookup
Warning: Duplicate port/net name "n137" found in module "CHIP_core" while doing case-insensitive lookup
Warning: Duplicate port/net name "n138" found in module "CHIP_core" while doing case-insensitive lookup
Warning: Duplicate port/net name "n139" found in module "CHIP_core" while doing case-insensitive lookup
Warning: Duplicate port/net name "n140" found in module "CHIP_core" while doing case-insensitive lookup
Warning: Duplicate port/net name "n141" found in module "CHIP_core" while doing case-insensitive lookup
Warning: Duplicate port/net name "n142" found in module "CHIP_core" while doing case-insensitive lookup
Warning: Duplicate port/net name "n145" found in module "CHIP_core" while doing case-insensitive lookup
Warning: Duplicate port/net name "n146" found in module "CHIP_core" while doing case-insensitive lookup
Warning: Duplicate port/net name "n147" found in module "CHIP_core" while doing case-insensitive lookup
Warning: Duplicate port/net name "n148" found in module "CHIP_core" while doing case-insensitive lookup
Warning: Duplicate port/net name "n149" found in module "CHIP_core" while doing case-insensitive lookup
Warning: Duplicate port/net name "n150" found in module "CHIP_core" while doing case-insensitive lookup
Warning: Duplicate port/net name "n151" found in module "CHIP_core" while doing case-insensitive lookup
Warning: Duplicate port/net name "n153" found in module "CHIP_core" while doing case-insensitive lookup
Warning: Duplicate port/net name "n154" found in module "CHIP_core" while doing case-insensitive lookup
Warning: Duplicate port/net name "n155" found in module "CHIP_core" while doing case-insensitive lookup
Warning: Duplicate port/net name "n157" found in module "CHIP_core" while doing case-insensitive lookup
Warning: Duplicate port/net name "n184" found in module "CHIP_core" while doing case-insensitive lookup
Warning: Duplicate port/net name "n185" found in module "CHIP_core" while doing case-insensitive lookup
Warning: Duplicate port/net name "n186" found in module "CHIP_core" while doing case-insensitive lookup
Warning: Duplicate port/net name "n187" found in module "CHIP_core" while doing case-insensitive lookup
Warning: Duplicate port/net name "n188" found in module "CHIP_core" while doing case-insensitive lookup
Warning: Duplicate port/net name "n189" found in module "CHIP_core" while doing case-insensitive lookup
Warning: Duplicate port/net name "n190" found in module "CHIP_core" while doing case-insensitive lookup
Warning: Duplicate port/net name "n191" found in module "CHIP_core" while doing case-insensitive lookup
Warning: Duplicate port/net name "n247" found in module "CHIP_core" while doing case-insensitive lookup
Warning: Duplicate port/net name "n248" found in module "CHIP_core" while doing case-insensitive lookup
Warning: Duplicate port/net name "n262" found in module "CHIP_core" while doing case-insensitive lookup
Warning: Duplicate port/net name "n263" found in module "CHIP_core" while doing case-insensitive lookup
Warning: Duplicate port/net name "n277" found in module "CHIP_core" while doing case-insensitive lookup
Warning: Duplicate port/net name "n278" found in module "CHIP_core" while doing case-insensitive lookup
Warning: Duplicate port/net name "n392" found in module "CHIP_core" while doing case-insensitive lookup
Warning: Duplicate port/net name "n393" found in module "CHIP_core" while doing case-insensitive lookup
Warning: Duplicate port/net name "n394" found in module "CHIP_core" while doing case-insensitive lookup
Warning: Duplicate port/net name "n395" found in module "CHIP_core" while doing case-insensitive lookup
Warning: Duplicate port/net name "n396" found in module "CHIP_core" while doing case-insensitive lookup
Warning: Duplicate port/net name "n432" found in module "CHIP_core" while doing case-insensitive lookup
Warning: Duplicate port/net name "n438" found in module "CHIP_core" while doing case-insensitive lookup
Warning: Duplicate port/net name "n445" found in module "CHIP_core" while doing case-insensitive lookup
Info: Design Conversion completed. CPU TIME = 0  REAL TIME = 2  MALLOC = 8/8/8  ELAPSED TIME = 3 

TOTAL CPU TIME = 1  REAL TIME = 3  MALLOC = 8/8/8  ELAPSED TIME = 3 
