###############################################################
#  Generated by:      Cadence Innovus 17.11-s080_1
#  OS:                Linux x86_64(Host ID cad16)
#  Generated on:      Thu Mar 26 20:52:34 2026
#  Design:            CHIP
#  Command:           verifyGeometry
###############################################################

OVERLAP: Blockage of Cell IOFILLER_N_90 & Blockage of Cell IOFILLER_N_89  ( metal4 )
Bounds : ( 1270.380, 1264.200 ) ( 1270.950, 1403.480 )


OVERLAP: Blockage of Cell IOFILLER_N_90 & Blockage of Cell IOFILLER_N_89  ( metal6 )
Bounds : ( 1270.380, 1264.200 ) ( 1270.950, 1403.480 )


OVERLAP: Cell IOFILLER_N_89 & Cell IOFILLER_N_90
Bounds : ( 1270.380, 1263.360 ) ( 1270.950, 1403.480 )


OVERLAP: Blockage of Cell IOFILLER_N_88 & Blockage of Cell IOFILLER_N_87  ( metal1 )
Bounds : ( 1178.570, 1264.200 ) ( 1179.140, 1403.480 )


OVERLAP: Blockage of Cell IOFILLER_N_88 & Blockage of Cell IOFILLER_N_87  ( metal2 )
Bounds : ( 1178.570, 1264.200 ) ( 1179.140, 1403.480 )


OVERLAP: Blockage of Cell IOFILLER_N_88 & Blockage of Cell IOFILLER_N_87  ( metal3 )
Bounds : ( 1178.570, 1264.200 ) ( 1179.140, 1403.480 )


OVERLAP: Blockage of Cell IOFILLER_N_88 & Blockage of Cell IOFILLER_N_87  ( metal4 )
Bounds : ( 1178.570, 1264.200 ) ( 1179.140, 1403.480 )


OVERLAP: Blockage of Cell IOFILLER_N_88 & Blockage of Cell IOFILLER_N_87  ( metal5 )
Bounds : ( 1178.570, 1264.200 ) ( 1179.140, 1403.480 )


OVERLAP: Blockage of Cell IOFILLER_N_88 & Blockage of Cell IOFILLER_N_87  ( metal6 )
Bounds : ( 1178.570, 1264.200 ) ( 1179.140, 1403.480 )


OVERLAP: Blockage of Cell IOFILLER_N_86 & Blockage of Cell IOFILLER_N_85  ( metal1 )
Bounds : ( 1086.760, 1264.200 ) ( 1087.330, 1403.480 )


OVERLAP: Blockage of Cell IOFILLER_N_86 & Blockage of Cell IOFILLER_N_85  ( metal2 )
Bounds : ( 1086.760, 1264.200 ) ( 1087.330, 1403.480 )


OVERLAP: Blockage of Cell IOFILLER_N_86 & Blockage of Cell IOFILLER_N_85  ( metal3 )
Bounds : ( 1086.760, 1264.200 ) ( 1087.330, 1403.480 )


OVERLAP: Blockage of Cell IOFILLER_N_86 & Blockage of Cell IOFILLER_N_85  ( metal4 )
Bounds : ( 1086.760, 1264.200 ) ( 1087.330, 1403.480 )


OVERLAP: Blockage of Cell IOFILLER_N_86 & Blockage of Cell IOFILLER_N_85  ( metal5 )
Bounds : ( 1086.760, 1264.200 ) ( 1087.330, 1403.480 )


OVERLAP: Blockage of Cell IOFILLER_N_86 & Blockage of Cell IOFILLER_N_85  ( metal6 )
Bounds : ( 1086.760, 1264.200 ) ( 1087.330, 1403.480 )


OVERLAP: Cell IOFILLER_N_85 & Cell IOFILLER_N_86
Bounds : ( 1086.760, 1263.360 ) ( 1087.330, 1403.480 )


OVERLAP: Cell IOFILLER_N_87 & Cell IOFILLER_N_88
Bounds : ( 1178.570, 1263.360 ) ( 1179.140, 1403.480 )


OVERLAP: Blockage of Cell IOFILLER_E_65 & Blockage of Cell IOFILLER_E_54  ( metal1 )
Bounds : ( 1271.840, 1262.740 ) ( 1411.120, 1262.810 )


OVERLAP: Blockage of Cell IOFILLER_E_65 & Blockage of Cell IOFILLER_E_54  ( metal2 )
Bounds : ( 1271.840, 1262.740 ) ( 1411.120, 1262.810 )


OVERLAP: Blockage of Cell IOFILLER_E_65 & Blockage of Cell IOFILLER_E_54  ( metal3 )
Bounds : ( 1271.840, 1262.740 ) ( 1411.120, 1262.810 )


OVERLAP: Blockage of Cell IOFILLER_E_65 & Blockage of Cell IOFILLER_E_54  ( metal4 )
Bounds : ( 1271.840, 1262.740 ) ( 1411.120, 1262.810 )


OVERLAP: Blockage of Cell IOFILLER_E_65 & Blockage of Cell IOFILLER_E_54  ( metal5 )
Bounds : ( 1271.840, 1262.740 ) ( 1411.120, 1262.810 )


OVERLAP: Blockage of Cell IOFILLER_E_65 & Blockage of Cell IOFILLER_E_54  ( metal6 )
Bounds : ( 1271.840, 1262.740 ) ( 1411.120, 1262.810 )


OVERLAP: Cell IOFILLER_E_54 & Cell IOFILLER_E_65
Bounds : ( 1271.000, 1262.740 ) ( 1411.120, 1262.810 )


OVERLAP: Blockage of Cell IOFILLER_N_90 & Blockage of Cell IOFILLER_N_89  ( metal5 )
Bounds : ( 1270.380, 1264.200 ) ( 1270.950, 1403.480 )


OVERLAP: Blockage of Cell IOFILLER_N_90 & Blockage of Cell IOFILLER_N_89  ( metal3 )
Bounds : ( 1270.380, 1264.200 ) ( 1270.950, 1403.480 )


OVERLAP: Blockage of Cell IOFILLER_N_90 & Blockage of Cell IOFILLER_N_89  ( metal2 )
Bounds : ( 1270.380, 1264.200 ) ( 1270.950, 1403.480 )


OVERLAP: Blockage of Cell IOFILLER_N_90 & Blockage of Cell IOFILLER_N_89  ( metal1 )
Bounds : ( 1270.380, 1264.200 ) ( 1270.950, 1403.480 )


OVERLAP: Blockage of Cell IOFILLER_E_64 & Blockage of Cell IOFILLER_E_53  ( metal1 )
Bounds : ( 1271.840, 1154.930 ) ( 1411.120, 1155.000 )


OVERLAP: Blockage of Cell IOFILLER_E_64 & Blockage of Cell IOFILLER_E_53  ( metal2 )
Bounds : ( 1271.840, 1154.930 ) ( 1411.120, 1155.000 )


OVERLAP: Blockage of Cell IOFILLER_E_64 & Blockage of Cell IOFILLER_E_53  ( metal3 )
Bounds : ( 1271.840, 1154.930 ) ( 1411.120, 1155.000 )


OVERLAP: Blockage of Cell IOFILLER_E_64 & Blockage of Cell IOFILLER_E_53  ( metal4 )
Bounds : ( 1271.840, 1154.930 ) ( 1411.120, 1155.000 )


OVERLAP: Blockage of Cell IOFILLER_E_64 & Blockage of Cell IOFILLER_E_53  ( metal5 )
Bounds : ( 1271.840, 1154.930 ) ( 1411.120, 1155.000 )


OVERLAP: Blockage of Cell IOFILLER_E_64 & Blockage of Cell IOFILLER_E_53  ( metal6 )
Bounds : ( 1271.840, 1154.930 ) ( 1411.120, 1155.000 )


OVERLAP: Cell IOFILLER_E_53 & Cell IOFILLER_E_64
Bounds : ( 1271.000, 1154.930 ) ( 1411.120, 1155.000 )


OVERLAP: Cell IOFILLER_N_79 & Cell IOFILLER_N_80
Bounds : ( 811.330, 1263.360 ) ( 811.910, 1403.480 )


OVERLAP: Blockage of Cell IOFILLER_N_80 & Blockage of Cell IOFILLER_N_79  ( metal6 )
Bounds : ( 811.330, 1264.200 ) ( 811.910, 1403.480 )


OVERLAP: Blockage of Cell IOFILLER_N_80 & Blockage of Cell IOFILLER_N_79  ( metal5 )
Bounds : ( 811.330, 1264.200 ) ( 811.910, 1403.480 )


OVERLAP: Blockage of Cell IOFILLER_N_80 & Blockage of Cell IOFILLER_N_79  ( metal4 )
Bounds : ( 811.330, 1264.200 ) ( 811.910, 1403.480 )


OVERLAP: Blockage of Cell IOFILLER_N_80 & Blockage of Cell IOFILLER_N_79  ( metal3 )
Bounds : ( 811.330, 1264.200 ) ( 811.910, 1403.480 )


OVERLAP: Blockage of Cell IOFILLER_N_80 & Blockage of Cell IOFILLER_N_79  ( metal2 )
Bounds : ( 811.330, 1264.200 ) ( 811.910, 1403.480 )


OVERLAP: Blockage of Cell IOFILLER_N_80 & Blockage of Cell IOFILLER_N_79  ( metal1 )
Bounds : ( 811.330, 1264.200 ) ( 811.910, 1403.480 )


OVERLAP: Cell IOFILLER_N_81 & Cell IOFILLER_N_82
Bounds : ( 903.140, 1263.360 ) ( 903.710, 1403.480 )


OVERLAP: Blockage of Cell IOFILLER_N_82 & Blockage of Cell IOFILLER_N_81  ( metal6 )
Bounds : ( 903.140, 1264.200 ) ( 903.710, 1403.480 )


OVERLAP: Blockage of Cell IOFILLER_N_82 & Blockage of Cell IOFILLER_N_81  ( metal5 )
Bounds : ( 903.140, 1264.200 ) ( 903.710, 1403.480 )


OVERLAP: Blockage of Cell IOFILLER_N_82 & Blockage of Cell IOFILLER_N_81  ( metal4 )
Bounds : ( 903.140, 1264.200 ) ( 903.710, 1403.480 )


OVERLAP: Blockage of Cell IOFILLER_N_82 & Blockage of Cell IOFILLER_N_81  ( metal3 )
Bounds : ( 903.140, 1264.200 ) ( 903.710, 1403.480 )


OVERLAP: Blockage of Cell IOFILLER_N_82 & Blockage of Cell IOFILLER_N_81  ( metal2 )
Bounds : ( 903.140, 1264.200 ) ( 903.710, 1403.480 )


OVERLAP: Blockage of Cell IOFILLER_N_82 & Blockage of Cell IOFILLER_N_81  ( metal1 )
Bounds : ( 903.140, 1264.200 ) ( 903.710, 1403.480 )


OVERLAP: Cell IOFILLER_N_83 & Cell IOFILLER_N_84
Bounds : ( 994.950, 1263.360 ) ( 995.520, 1403.480 )


OVERLAP: Blockage of Cell IOFILLER_N_84 & Blockage of Cell IOFILLER_N_83  ( metal6 )
Bounds : ( 994.950, 1264.200 ) ( 995.520, 1403.480 )


OVERLAP: Blockage of Cell IOFILLER_N_84 & Blockage of Cell IOFILLER_N_83  ( metal5 )
Bounds : ( 994.950, 1264.200 ) ( 995.520, 1403.480 )


OVERLAP: Blockage of Cell IOFILLER_N_84 & Blockage of Cell IOFILLER_N_83  ( metal4 )
Bounds : ( 994.950, 1264.200 ) ( 995.520, 1403.480 )


OVERLAP: Blockage of Cell IOFILLER_N_84 & Blockage of Cell IOFILLER_N_83  ( metal3 )
Bounds : ( 994.950, 1264.200 ) ( 995.520, 1403.480 )


OVERLAP: Blockage of Cell IOFILLER_N_84 & Blockage of Cell IOFILLER_N_83  ( metal2 )
Bounds : ( 994.950, 1264.200 ) ( 995.520, 1403.480 )


OVERLAP: Blockage of Cell IOFILLER_N_84 & Blockage of Cell IOFILLER_N_83  ( metal1 )
Bounds : ( 994.950, 1264.200 ) ( 995.520, 1403.480 )


OVERLAP: Cell IOFILLER_N_77 & Cell IOFILLER_N_78
Bounds : ( 719.530, 1263.360 ) ( 720.110, 1403.480 )


OVERLAP: Blockage of Cell IOFILLER_N_78 & Blockage of Cell IOFILLER_N_77  ( metal6 )
Bounds : ( 719.530, 1264.200 ) ( 720.110, 1403.480 )


OVERLAP: Blockage of Cell IOFILLER_N_78 & Blockage of Cell IOFILLER_N_77  ( metal5 )
Bounds : ( 719.530, 1264.200 ) ( 720.110, 1403.480 )


OVERLAP: Blockage of Cell IOFILLER_N_78 & Blockage of Cell IOFILLER_N_77  ( metal4 )
Bounds : ( 719.530, 1264.200 ) ( 720.110, 1403.480 )


OVERLAP: Blockage of Cell IOFILLER_N_78 & Blockage of Cell IOFILLER_N_77  ( metal3 )
Bounds : ( 719.530, 1264.200 ) ( 720.110, 1403.480 )


OVERLAP: Blockage of Cell IOFILLER_N_78 & Blockage of Cell IOFILLER_N_77  ( metal2 )
Bounds : ( 719.530, 1264.200 ) ( 720.110, 1403.480 )


OVERLAP: Blockage of Cell IOFILLER_N_78 & Blockage of Cell IOFILLER_N_77  ( metal1 )
Bounds : ( 719.530, 1264.200 ) ( 720.110, 1403.480 )


OVERLAP: Cell IOFILLER_E_50 & Cell IOFILLER_E_61
Bounds : ( 1271.000, 831.510 ) ( 1411.120, 831.590 )


OVERLAP: Cell IOFILLER_E_51 & Cell IOFILLER_E_62
Bounds : ( 1271.000, 939.310 ) ( 1411.120, 939.390 )


OVERLAP: Cell IOFILLER_E_52 & Cell IOFILLER_E_63
Bounds : ( 1271.000, 1047.120 ) ( 1411.120, 1047.190 )


OVERLAP: Blockage of Cell IOFILLER_E_61 & Blockage of Cell IOFILLER_E_50  ( metal6 )
Bounds : ( 1271.840, 831.510 ) ( 1411.120, 831.590 )


OVERLAP: Blockage of Cell IOFILLER_E_61 & Blockage of Cell IOFILLER_E_50  ( metal5 )
Bounds : ( 1271.840, 831.510 ) ( 1411.120, 831.590 )


OVERLAP: Blockage of Cell IOFILLER_E_61 & Blockage of Cell IOFILLER_E_50  ( metal4 )
Bounds : ( 1271.840, 831.510 ) ( 1411.120, 831.590 )


OVERLAP: Blockage of Cell IOFILLER_E_61 & Blockage of Cell IOFILLER_E_50  ( metal3 )
Bounds : ( 1271.840, 831.510 ) ( 1411.120, 831.590 )


OVERLAP: Blockage of Cell IOFILLER_E_61 & Blockage of Cell IOFILLER_E_50  ( metal2 )
Bounds : ( 1271.840, 831.510 ) ( 1411.120, 831.590 )


OVERLAP: Blockage of Cell IOFILLER_E_61 & Blockage of Cell IOFILLER_E_50  ( metal1 )
Bounds : ( 1271.840, 831.510 ) ( 1411.120, 831.590 )


OVERLAP: Blockage of Cell IOFILLER_E_62 & Blockage of Cell IOFILLER_E_51  ( metal6 )
Bounds : ( 1271.840, 939.310 ) ( 1411.120, 939.390 )


OVERLAP: Blockage of Cell IOFILLER_E_62 & Blockage of Cell IOFILLER_E_51  ( metal5 )
Bounds : ( 1271.840, 939.310 ) ( 1411.120, 939.390 )


OVERLAP: Blockage of Cell IOFILLER_E_62 & Blockage of Cell IOFILLER_E_51  ( metal4 )
Bounds : ( 1271.840, 939.310 ) ( 1411.120, 939.390 )


OVERLAP: Blockage of Cell IOFILLER_E_62 & Blockage of Cell IOFILLER_E_51  ( metal3 )
Bounds : ( 1271.840, 939.310 ) ( 1411.120, 939.390 )


OVERLAP: Blockage of Cell IOFILLER_E_62 & Blockage of Cell IOFILLER_E_51  ( metal2 )
Bounds : ( 1271.840, 939.310 ) ( 1411.120, 939.390 )


OVERLAP: Blockage of Cell IOFILLER_E_62 & Blockage of Cell IOFILLER_E_51  ( metal1 )
Bounds : ( 1271.840, 939.310 ) ( 1411.120, 939.390 )


OVERLAP: Blockage of Cell IOFILLER_E_63 & Blockage of Cell IOFILLER_E_52  ( metal6 )
Bounds : ( 1271.840, 1047.120 ) ( 1411.120, 1047.190 )


OVERLAP: Blockage of Cell IOFILLER_E_63 & Blockage of Cell IOFILLER_E_52  ( metal5 )
Bounds : ( 1271.840, 1047.120 ) ( 1411.120, 1047.190 )


OVERLAP: Blockage of Cell IOFILLER_E_63 & Blockage of Cell IOFILLER_E_52  ( metal4 )
Bounds : ( 1271.840, 1047.120 ) ( 1411.120, 1047.190 )


OVERLAP: Blockage of Cell IOFILLER_E_63 & Blockage of Cell IOFILLER_E_52  ( metal3 )
Bounds : ( 1271.840, 1047.120 ) ( 1411.120, 1047.190 )


OVERLAP: Blockage of Cell IOFILLER_E_63 & Blockage of Cell IOFILLER_E_52  ( metal2 )
Bounds : ( 1271.840, 1047.120 ) ( 1411.120, 1047.190 )


OVERLAP: Blockage of Cell IOFILLER_E_63 & Blockage of Cell IOFILLER_E_52  ( metal1 )
Bounds : ( 1271.840, 1047.120 ) ( 1411.120, 1047.190 )


OVERLAP: Cell IOFILLER_E_60 & Cell IOFILLER_E_49
Bounds : ( 1271.000, 723.710 ) ( 1411.120, 723.790 )


OVERLAP: Blockage of Cell IOFILLER_E_49 & Blockage of Cell IOFILLER_E_60  ( metal6 )
Bounds : ( 1271.840, 723.710 ) ( 1411.120, 723.790 )


OVERLAP: Blockage of Cell IOFILLER_E_49 & Blockage of Cell IOFILLER_E_60  ( metal5 )
Bounds : ( 1271.840, 723.710 ) ( 1411.120, 723.790 )


OVERLAP: Blockage of Cell IOFILLER_E_49 & Blockage of Cell IOFILLER_E_60  ( metal4 )
Bounds : ( 1271.840, 723.710 ) ( 1411.120, 723.790 )


OVERLAP: Blockage of Cell IOFILLER_E_49 & Blockage of Cell IOFILLER_E_60  ( metal3 )
Bounds : ( 1271.840, 723.710 ) ( 1411.120, 723.790 )


OVERLAP: Blockage of Cell IOFILLER_E_49 & Blockage of Cell IOFILLER_E_60  ( metal2 )
Bounds : ( 1271.840, 723.710 ) ( 1411.120, 723.790 )


OVERLAP: Blockage of Cell IOFILLER_E_49 & Blockage of Cell IOFILLER_E_60  ( metal1 )
Bounds : ( 1271.840, 723.710 ) ( 1411.120, 723.790 )


OVERLAP: Blockage of Cell IOFILLER_N_76 & Blockage of Cell IOFILLER_N_75  ( metal1 )
Bounds : ( 627.730, 1264.200 ) ( 628.310, 1403.480 )


OVERLAP: Blockage of Cell IOFILLER_N_76 & Blockage of Cell IOFILLER_N_75  ( metal2 )
Bounds : ( 627.730, 1264.200 ) ( 628.310, 1403.480 )


OVERLAP: Blockage of Cell IOFILLER_N_76 & Blockage of Cell IOFILLER_N_75  ( metal3 )
Bounds : ( 627.730, 1264.200 ) ( 628.310, 1403.480 )


OVERLAP: Blockage of Cell IOFILLER_N_76 & Blockage of Cell IOFILLER_N_75  ( metal4 )
Bounds : ( 627.730, 1264.200 ) ( 628.310, 1403.480 )


OVERLAP: Blockage of Cell IOFILLER_N_76 & Blockage of Cell IOFILLER_N_75  ( metal5 )
Bounds : ( 627.730, 1264.200 ) ( 628.310, 1403.480 )


OVERLAP: Blockage of Cell IOFILLER_N_76 & Blockage of Cell IOFILLER_N_75  ( metal6 )
Bounds : ( 627.730, 1264.200 ) ( 628.310, 1403.480 )


OVERLAP: Cell IOFILLER_N_75 & Cell IOFILLER_N_76
Bounds : ( 627.730, 1263.360 ) ( 628.310, 1403.480 )


OVERLAP: Blockage of Cell IOFILLER_N_74 & Blockage of Cell IOFILLER_N_73  ( metal1 )
Bounds : ( 535.930, 1264.200 ) ( 536.500, 1403.480 )


OVERLAP: Blockage of Cell IOFILLER_N_74 & Blockage of Cell IOFILLER_N_73  ( metal2 )
Bounds : ( 535.930, 1264.200 ) ( 536.500, 1403.480 )


OVERLAP: Blockage of Cell IOFILLER_N_74 & Blockage of Cell IOFILLER_N_73  ( metal3 )
Bounds : ( 535.930, 1264.200 ) ( 536.500, 1403.480 )


OVERLAP: Blockage of Cell IOFILLER_N_74 & Blockage of Cell IOFILLER_N_73  ( metal4 )
Bounds : ( 535.930, 1264.200 ) ( 536.500, 1403.480 )


OVERLAP: Blockage of Cell IOFILLER_N_74 & Blockage of Cell IOFILLER_N_73  ( metal5 )
Bounds : ( 535.930, 1264.200 ) ( 536.500, 1403.480 )


OVERLAP: Blockage of Cell IOFILLER_N_74 & Blockage of Cell IOFILLER_N_73  ( metal6 )
Bounds : ( 535.930, 1264.200 ) ( 536.500, 1403.480 )


OVERLAP: Cell IOFILLER_N_73 & Cell IOFILLER_N_74
Bounds : ( 535.930, 1263.360 ) ( 536.500, 1403.480 )


OVERLAP: Cell IOFILLER_N_71 & Cell IOFILLER_N_72
Bounds : ( 444.120, 1263.360 ) ( 444.690, 1403.480 )


OVERLAP: Blockage of Cell IOFILLER_N_72 & Blockage of Cell IOFILLER_N_71  ( metal6 )
Bounds : ( 444.120, 1264.200 ) ( 444.690, 1403.480 )


OVERLAP: Blockage of Cell IOFILLER_N_72 & Blockage of Cell IOFILLER_N_71  ( metal5 )
Bounds : ( 444.120, 1264.200 ) ( 444.690, 1403.480 )


OVERLAP: Blockage of Cell IOFILLER_N_72 & Blockage of Cell IOFILLER_N_71  ( metal4 )
Bounds : ( 444.120, 1264.200 ) ( 444.690, 1403.480 )


OVERLAP: Blockage of Cell IOFILLER_N_72 & Blockage of Cell IOFILLER_N_71  ( metal3 )
Bounds : ( 444.120, 1264.200 ) ( 444.690, 1403.480 )


OVERLAP: Blockage of Cell IOFILLER_N_72 & Blockage of Cell IOFILLER_N_71  ( metal2 )
Bounds : ( 444.120, 1264.200 ) ( 444.690, 1403.480 )


OVERLAP: Blockage of Cell IOFILLER_N_72 & Blockage of Cell IOFILLER_N_71  ( metal1 )
Bounds : ( 444.120, 1264.200 ) ( 444.690, 1403.480 )


OVERLAP: Blockage of Cell IOFILLER_N_65 & Blockage of Cell IOFILLER_N_66  ( metal1 )
Bounds : ( 168.690, 1264.200 ) ( 169.260, 1403.480 )


OVERLAP: Blockage of Cell IOFILLER_N_65 & Blockage of Cell IOFILLER_N_66  ( metal2 )
Bounds : ( 168.690, 1264.200 ) ( 169.260, 1403.480 )


OVERLAP: Blockage of Cell IOFILLER_N_65 & Blockage of Cell IOFILLER_N_66  ( metal3 )
Bounds : ( 168.690, 1264.200 ) ( 169.260, 1403.480 )


OVERLAP: Blockage of Cell IOFILLER_N_65 & Blockage of Cell IOFILLER_N_66  ( metal4 )
Bounds : ( 168.690, 1264.200 ) ( 169.260, 1403.480 )


OVERLAP: Blockage of Cell IOFILLER_N_65 & Blockage of Cell IOFILLER_N_66  ( metal5 )
Bounds : ( 168.690, 1264.200 ) ( 169.260, 1403.480 )


OVERLAP: Blockage of Cell IOFILLER_N_65 & Blockage of Cell IOFILLER_N_66  ( metal6 )
Bounds : ( 168.690, 1264.200 ) ( 169.260, 1403.480 )


OVERLAP: Cell IOFILLER_N_66 & Cell IOFILLER_N_65
Bounds : ( 168.690, 1263.360 ) ( 169.260, 1403.480 )


OVERLAP: Blockage of Cell IOFILLER_N_67 & Blockage of Cell IOFILLER_N_68  ( metal1 )
Bounds : ( 260.500, 1264.200 ) ( 261.070, 1403.480 )


OVERLAP: Blockage of Cell IOFILLER_N_67 & Blockage of Cell IOFILLER_N_68  ( metal2 )
Bounds : ( 260.500, 1264.200 ) ( 261.070, 1403.480 )


OVERLAP: Blockage of Cell IOFILLER_N_67 & Blockage of Cell IOFILLER_N_68  ( metal3 )
Bounds : ( 260.500, 1264.200 ) ( 261.070, 1403.480 )


OVERLAP: Blockage of Cell IOFILLER_N_67 & Blockage of Cell IOFILLER_N_68  ( metal4 )
Bounds : ( 260.500, 1264.200 ) ( 261.070, 1403.480 )


OVERLAP: Blockage of Cell IOFILLER_N_67 & Blockage of Cell IOFILLER_N_68  ( metal6 )
Bounds : ( 260.500, 1264.200 ) ( 261.070, 1403.480 )


OVERLAP: Cell IOFILLER_W_68 & Cell IOFILLER_W_69
Bounds : ( 0.000, 1262.740 ) ( 140.120, 1262.970 )


OVERLAP: Blockage of Cell IOFILLER_W_69 & Blockage of Cell IOFILLER_W_68  ( metal6 )
Bounds : ( 0.000, 1262.740 ) ( 139.280, 1262.970 )


OVERLAP: Blockage of Cell IOFILLER_W_69 & Blockage of Cell IOFILLER_W_68  ( metal5 )
Bounds : ( 0.000, 1262.740 ) ( 139.280, 1262.970 )


OVERLAP: Blockage of Cell IOFILLER_W_69 & Blockage of Cell IOFILLER_W_68  ( metal4 )
Bounds : ( 0.000, 1262.740 ) ( 139.280, 1262.970 )


OVERLAP: Blockage of Cell IOFILLER_W_69 & Blockage of Cell IOFILLER_W_68  ( metal3 )
Bounds : ( 0.000, 1262.740 ) ( 139.280, 1262.970 )


OVERLAP: Blockage of Cell IOFILLER_W_69 & Blockage of Cell IOFILLER_W_68  ( metal2 )
Bounds : ( 0.000, 1262.740 ) ( 139.280, 1262.970 )


OVERLAP: Blockage of Cell IOFILLER_W_69 & Blockage of Cell IOFILLER_W_68  ( metal1 )
Bounds : ( 0.000, 1262.740 ) ( 139.280, 1262.970 )


OVERLAP: Cell IOFILLER_N_68 & Cell IOFILLER_N_67
Bounds : ( 260.500, 1263.360 ) ( 261.070, 1403.480 )


OVERLAP: Blockage of Cell IOFILLER_N_67 & Blockage of Cell IOFILLER_N_68  ( metal5 )
Bounds : ( 260.500, 1264.200 ) ( 261.070, 1403.480 )


OVERLAP: Blockage of Cell IOFILLER_W_65 & Blockage of Cell IOFILLER_W_64  ( metal6 )
Bounds : ( 0.000, 1093.320 ) ( 139.280, 1093.550 )


OVERLAP: Cell IOFILLER_W_64 & Cell IOFILLER_W_65
Bounds : ( 0.000, 1093.320 ) ( 140.120, 1093.550 )


OVERLAP: Cell IOFILLER_W_66 & Cell IOFILLER_W_67
Bounds : ( 0.000, 1178.030 ) ( 140.120, 1178.260 )


OVERLAP: Blockage of Cell IOFILLER_W_67 & Blockage of Cell IOFILLER_W_66  ( metal6 )
Bounds : ( 0.000, 1178.030 ) ( 139.280, 1178.260 )


OVERLAP: Blockage of Cell IOFILLER_W_67 & Blockage of Cell IOFILLER_W_66  ( metal5 )
Bounds : ( 0.000, 1178.030 ) ( 139.280, 1178.260 )


OVERLAP: Blockage of Cell IOFILLER_W_67 & Blockage of Cell IOFILLER_W_66  ( metal4 )
Bounds : ( 0.000, 1178.030 ) ( 139.280, 1178.260 )


OVERLAP: Blockage of Cell IOFILLER_W_67 & Blockage of Cell IOFILLER_W_66  ( metal3 )
Bounds : ( 0.000, 1178.030 ) ( 139.280, 1178.260 )


OVERLAP: Blockage of Cell IOFILLER_W_67 & Blockage of Cell IOFILLER_W_66  ( metal2 )
Bounds : ( 0.000, 1178.030 ) ( 139.280, 1178.260 )


OVERLAP: Blockage of Cell IOFILLER_W_67 & Blockage of Cell IOFILLER_W_66  ( metal1 )
Bounds : ( 0.000, 1178.030 ) ( 139.280, 1178.260 )


OVERLAP: Blockage of Cell IOFILLER_W_65 & Blockage of Cell IOFILLER_W_64  ( metal5 )
Bounds : ( 0.000, 1093.320 ) ( 139.280, 1093.550 )


OVERLAP: Blockage of Cell IOFILLER_W_65 & Blockage of Cell IOFILLER_W_64  ( metal4 )
Bounds : ( 0.000, 1093.320 ) ( 139.280, 1093.550 )


OVERLAP: Blockage of Cell IOFILLER_W_65 & Blockage of Cell IOFILLER_W_64  ( metal3 )
Bounds : ( 0.000, 1093.320 ) ( 139.280, 1093.550 )


OVERLAP: Blockage of Cell IOFILLER_W_65 & Blockage of Cell IOFILLER_W_64  ( metal2 )
Bounds : ( 0.000, 1093.320 ) ( 139.280, 1093.550 )


OVERLAP: Blockage of Cell IOFILLER_W_65 & Blockage of Cell IOFILLER_W_64  ( metal1 )
Bounds : ( 0.000, 1093.320 ) ( 139.280, 1093.550 )


OVERLAP: Cell IOFILLER_N_69 & Cell IOFILLER_N_70
Bounds : ( 352.310, 1263.360 ) ( 352.880, 1403.480 )


OVERLAP: Blockage of Cell IOFILLER_N_70 & Blockage of Cell IOFILLER_N_69  ( metal6 )
Bounds : ( 352.310, 1264.200 ) ( 352.880, 1403.480 )


OVERLAP: Blockage of Cell IOFILLER_N_70 & Blockage of Cell IOFILLER_N_69  ( metal5 )
Bounds : ( 352.310, 1264.200 ) ( 352.880, 1403.480 )


OVERLAP: Blockage of Cell IOFILLER_N_70 & Blockage of Cell IOFILLER_N_69  ( metal4 )
Bounds : ( 352.310, 1264.200 ) ( 352.880, 1403.480 )


OVERLAP: Blockage of Cell IOFILLER_N_70 & Blockage of Cell IOFILLER_N_69  ( metal3 )
Bounds : ( 352.310, 1264.200 ) ( 352.880, 1403.480 )


OVERLAP: Blockage of Cell IOFILLER_N_70 & Blockage of Cell IOFILLER_N_69  ( metal2 )
Bounds : ( 352.310, 1264.200 ) ( 352.880, 1403.480 )


OVERLAP: Blockage of Cell IOFILLER_N_70 & Blockage of Cell IOFILLER_N_69  ( metal1 )
Bounds : ( 352.310, 1264.200 ) ( 352.880, 1403.480 )


OVERLAP: Cell IOFILLER_W_58 & Cell IOFILLER_W_59
Bounds : ( 0.000, 839.210 ) ( 140.120, 839.450 )


OVERLAP: Blockage of Cell IOFILLER_W_59 & Blockage of Cell IOFILLER_W_58  ( metal6 )
Bounds : ( 0.000, 839.210 ) ( 139.280, 839.450 )


OVERLAP: Blockage of Cell IOFILLER_W_59 & Blockage of Cell IOFILLER_W_58  ( metal5 )
Bounds : ( 0.000, 839.210 ) ( 139.280, 839.450 )


OVERLAP: Blockage of Cell IOFILLER_W_59 & Blockage of Cell IOFILLER_W_58  ( metal4 )
Bounds : ( 0.000, 839.210 ) ( 139.280, 839.450 )


OVERLAP: Blockage of Cell IOFILLER_W_59 & Blockage of Cell IOFILLER_W_58  ( metal3 )
Bounds : ( 0.000, 839.210 ) ( 139.280, 839.450 )


OVERLAP: Blockage of Cell IOFILLER_W_59 & Blockage of Cell IOFILLER_W_58  ( metal2 )
Bounds : ( 0.000, 839.210 ) ( 139.280, 839.450 )


OVERLAP: Blockage of Cell IOFILLER_W_59 & Blockage of Cell IOFILLER_W_58  ( metal1 )
Bounds : ( 0.000, 839.210 ) ( 139.280, 839.450 )


OVERLAP: Cell IOFILLER_W_60 & Cell IOFILLER_W_61
Bounds : ( 0.000, 923.910 ) ( 140.120, 924.150 )


OVERLAP: Blockage of Cell IOFILLER_W_61 & Blockage of Cell IOFILLER_W_60  ( metal6 )
Bounds : ( 0.000, 923.910 ) ( 139.280, 924.150 )


OVERLAP: Blockage of Cell IOFILLER_W_61 & Blockage of Cell IOFILLER_W_60  ( metal5 )
Bounds : ( 0.000, 923.910 ) ( 139.280, 924.150 )


OVERLAP: Blockage of Cell IOFILLER_W_61 & Blockage of Cell IOFILLER_W_60  ( metal4 )
Bounds : ( 0.000, 923.910 ) ( 139.280, 924.150 )


OVERLAP: Blockage of Cell IOFILLER_W_61 & Blockage of Cell IOFILLER_W_60  ( metal3 )
Bounds : ( 0.000, 923.910 ) ( 139.280, 924.150 )


OVERLAP: Blockage of Cell IOFILLER_W_61 & Blockage of Cell IOFILLER_W_60  ( metal2 )
Bounds : ( 0.000, 923.910 ) ( 139.280, 924.150 )


OVERLAP: Blockage of Cell IOFILLER_W_61 & Blockage of Cell IOFILLER_W_60  ( metal1 )
Bounds : ( 0.000, 923.910 ) ( 139.280, 924.150 )


OVERLAP: Cell IOFILLER_W_62 & Cell IOFILLER_W_63
Bounds : ( 0.000, 1008.610 ) ( 140.120, 1008.850 )


OVERLAP: Blockage of Cell IOFILLER_W_63 & Blockage of Cell IOFILLER_W_62  ( metal6 )
Bounds : ( 0.000, 1008.610 ) ( 139.280, 1008.850 )


OVERLAP: Blockage of Cell IOFILLER_W_63 & Blockage of Cell IOFILLER_W_62  ( metal5 )
Bounds : ( 0.000, 1008.610 ) ( 139.280, 1008.850 )


OVERLAP: Blockage of Cell IOFILLER_W_63 & Blockage of Cell IOFILLER_W_62  ( metal4 )
Bounds : ( 0.000, 1008.610 ) ( 139.280, 1008.850 )


OVERLAP: Blockage of Cell IOFILLER_W_63 & Blockage of Cell IOFILLER_W_62  ( metal3 )
Bounds : ( 0.000, 1008.610 ) ( 139.280, 1008.850 )


OVERLAP: Blockage of Cell IOFILLER_W_63 & Blockage of Cell IOFILLER_W_62  ( metal2 )
Bounds : ( 0.000, 1008.610 ) ( 139.280, 1008.850 )


OVERLAP: Blockage of Cell IOFILLER_W_63 & Blockage of Cell IOFILLER_W_62  ( metal1 )
Bounds : ( 0.000, 1008.610 ) ( 139.280, 1008.850 )


OVERLAP: Cell IOFILLER_W_56 & Cell IOFILLER_W_57
Bounds : ( 0.000, 754.510 ) ( 140.120, 754.750 )


OVERLAP: Blockage of Cell IOFILLER_W_57 & Blockage of Cell IOFILLER_W_56  ( metal6 )
Bounds : ( 0.000, 754.510 ) ( 139.280, 754.750 )


OVERLAP: Blockage of Cell IOFILLER_W_57 & Blockage of Cell IOFILLER_W_56  ( metal5 )
Bounds : ( 0.000, 754.510 ) ( 139.280, 754.750 )


OVERLAP: Blockage of Cell IOFILLER_W_57 & Blockage of Cell IOFILLER_W_56  ( metal4 )
Bounds : ( 0.000, 754.510 ) ( 139.280, 754.750 )


OVERLAP: Blockage of Cell IOFILLER_W_57 & Blockage of Cell IOFILLER_W_56  ( metal3 )
Bounds : ( 0.000, 754.510 ) ( 139.280, 754.750 )


OVERLAP: Blockage of Cell IOFILLER_W_57 & Blockage of Cell IOFILLER_W_56  ( metal2 )
Bounds : ( 0.000, 754.510 ) ( 139.280, 754.750 )


OVERLAP: Blockage of Cell IOFILLER_W_57 & Blockage of Cell IOFILLER_W_56  ( metal1 )
Bounds : ( 0.000, 754.510 ) ( 139.280, 754.750 )


OVERLAP: Blockage of Cell IOFILLER_E_58 & Blockage of Cell IOFILLER_E_47  ( metal1 )
Bounds : ( 1271.840, 508.110 ) ( 1411.120, 508.190 )


OVERLAP: Blockage of Cell IOFILLER_E_58 & Blockage of Cell IOFILLER_E_47  ( metal2 )
Bounds : ( 1271.840, 508.110 ) ( 1411.120, 508.190 )


OVERLAP: Blockage of Cell IOFILLER_E_58 & Blockage of Cell IOFILLER_E_47  ( metal3 )
Bounds : ( 1271.840, 508.110 ) ( 1411.120, 508.190 )


OVERLAP: Blockage of Cell IOFILLER_E_58 & Blockage of Cell IOFILLER_E_47  ( metal4 )
Bounds : ( 1271.840, 508.110 ) ( 1411.120, 508.190 )


OVERLAP: Blockage of Cell IOFILLER_E_58 & Blockage of Cell IOFILLER_E_47  ( metal5 )
Bounds : ( 1271.840, 508.110 ) ( 1411.120, 508.190 )


OVERLAP: Blockage of Cell IOFILLER_E_58 & Blockage of Cell IOFILLER_E_47  ( metal6 )
Bounds : ( 1271.840, 508.110 ) ( 1411.120, 508.190 )


OVERLAP: Blockage of Cell IOFILLER_E_57 & Blockage of Cell IOFILLER_E_46  ( metal1 )
Bounds : ( 1271.840, 400.310 ) ( 1411.120, 400.380 )


OVERLAP: Blockage of Cell IOFILLER_E_57 & Blockage of Cell IOFILLER_E_46  ( metal2 )
Bounds : ( 1271.840, 400.310 ) ( 1411.120, 400.380 )


OVERLAP: Blockage of Cell IOFILLER_E_57 & Blockage of Cell IOFILLER_E_46  ( metal3 )
Bounds : ( 1271.840, 400.310 ) ( 1411.120, 400.380 )


OVERLAP: Blockage of Cell IOFILLER_E_57 & Blockage of Cell IOFILLER_E_46  ( metal4 )
Bounds : ( 1271.840, 400.310 ) ( 1411.120, 400.380 )


OVERLAP: Blockage of Cell IOFILLER_E_57 & Blockage of Cell IOFILLER_E_46  ( metal5 )
Bounds : ( 1271.840, 400.310 ) ( 1411.120, 400.380 )


OVERLAP: Blockage of Cell IOFILLER_E_57 & Blockage of Cell IOFILLER_E_46  ( metal6 )
Bounds : ( 1271.840, 400.310 ) ( 1411.120, 400.380 )


OVERLAP: Cell IOFILLER_E_47 & Cell IOFILLER_E_58
Bounds : ( 1271.000, 508.110 ) ( 1411.120, 508.190 )


OVERLAP: Cell IOFILLER_E_46 & Cell IOFILLER_E_57
Bounds : ( 1271.000, 400.310 ) ( 1411.120, 400.380 )


OVERLAP: Blockage of Cell IOFILLER_E_59 & Blockage of Cell IOFILLER_E_48  ( metal1 )
Bounds : ( 1271.840, 615.910 ) ( 1411.120, 615.990 )


OVERLAP: Blockage of Cell IOFILLER_E_59 & Blockage of Cell IOFILLER_E_48  ( metal2 )
Bounds : ( 1271.840, 615.910 ) ( 1411.120, 615.990 )


OVERLAP: Blockage of Cell IOFILLER_E_59 & Blockage of Cell IOFILLER_E_48  ( metal3 )
Bounds : ( 1271.840, 615.910 ) ( 1411.120, 615.990 )


OVERLAP: Blockage of Cell IOFILLER_E_59 & Blockage of Cell IOFILLER_E_48  ( metal4 )
Bounds : ( 1271.840, 615.910 ) ( 1411.120, 615.990 )


OVERLAP: Blockage of Cell IOFILLER_E_59 & Blockage of Cell IOFILLER_E_48  ( metal5 )
Bounds : ( 1271.840, 615.910 ) ( 1411.120, 615.990 )


OVERLAP: Blockage of Cell IOFILLER_E_59 & Blockage of Cell IOFILLER_E_48  ( metal6 )
Bounds : ( 1271.840, 615.910 ) ( 1411.120, 615.990 )


OVERLAP: Cell IOFILLER_E_48 & Cell IOFILLER_E_59
Bounds : ( 1271.000, 615.910 ) ( 1411.120, 615.990 )


OVERLAP: Blockage of Cell IOFILLER_E_55 & Blockage of Cell IOFILLER_E_44  ( metal6 )
Bounds : ( 1271.840, 184.690 ) ( 1411.120, 184.760 )


OVERLAP: Cell IOFILLER_E_44 & Cell IOFILLER_E_55
Bounds : ( 1271.000, 184.690 ) ( 1411.120, 184.760 )


OVERLAP: Blockage of Cell IOFILLER_E_56 & Blockage of Cell IOFILLER_E_45  ( metal1 )
Bounds : ( 1271.840, 292.500 ) ( 1411.120, 292.570 )


OVERLAP: Blockage of Cell IOFILLER_E_56 & Blockage of Cell IOFILLER_E_45  ( metal2 )
Bounds : ( 1271.840, 292.500 ) ( 1411.120, 292.570 )


OVERLAP: Blockage of Cell IOFILLER_E_56 & Blockage of Cell IOFILLER_E_45  ( metal3 )
Bounds : ( 1271.840, 292.500 ) ( 1411.120, 292.570 )


OVERLAP: Blockage of Cell IOFILLER_E_56 & Blockage of Cell IOFILLER_E_45  ( metal4 )
Bounds : ( 1271.840, 292.500 ) ( 1411.120, 292.570 )


OVERLAP: Blockage of Cell IOFILLER_E_56 & Blockage of Cell IOFILLER_E_45  ( metal5 )
Bounds : ( 1271.840, 292.500 ) ( 1411.120, 292.570 )


OVERLAP: Blockage of Cell IOFILLER_E_56 & Blockage of Cell IOFILLER_E_45  ( metal6 )
Bounds : ( 1271.840, 292.500 ) ( 1411.120, 292.570 )


OVERLAP: Cell IOFILLER_E_45 & Cell IOFILLER_E_56
Bounds : ( 1271.000, 292.500 ) ( 1411.120, 292.570 )


OVERLAP: Blockage of Cell IOFILLER_E_55 & Blockage of Cell IOFILLER_E_44  ( metal5 )
Bounds : ( 1271.840, 184.690 ) ( 1411.120, 184.760 )


OVERLAP: Blockage of Cell IOFILLER_E_55 & Blockage of Cell IOFILLER_E_44  ( metal4 )
Bounds : ( 1271.840, 184.690 ) ( 1411.120, 184.760 )


OVERLAP: Blockage of Cell IOFILLER_E_55 & Blockage of Cell IOFILLER_E_44  ( metal3 )
Bounds : ( 1271.840, 184.690 ) ( 1411.120, 184.760 )


OVERLAP: Blockage of Cell IOFILLER_E_55 & Blockage of Cell IOFILLER_E_44  ( metal2 )
Bounds : ( 1271.840, 184.690 ) ( 1411.120, 184.760 )


OVERLAP: Blockage of Cell IOFILLER_E_55 & Blockage of Cell IOFILLER_E_44  ( metal1 )
Bounds : ( 1271.840, 184.690 ) ( 1411.120, 184.760 )


OVERLAP: Blockage of Cell IOFILLER_W_51 & Blockage of Cell IOFILLER_W_50  ( metal4 )
Bounds : ( 0.000, 500.410 ) ( 139.280, 500.650 )


OVERLAP: Blockage of Cell IOFILLER_W_51 & Blockage of Cell IOFILLER_W_50  ( metal6 )
Bounds : ( 0.000, 500.410 ) ( 139.280, 500.650 )


OVERLAP: Cell IOFILLER_W_50 & Cell IOFILLER_W_51
Bounds : ( 0.000, 500.410 ) ( 140.120, 500.650 )


OVERLAP: Blockage of Cell IOFILLER_W_49 & Blockage of Cell IOFILLER_W_48  ( metal1 )
Bounds : ( 0.000, 415.710 ) ( 139.280, 415.950 )


OVERLAP: Blockage of Cell IOFILLER_W_49 & Blockage of Cell IOFILLER_W_48  ( metal2 )
Bounds : ( 0.000, 415.710 ) ( 139.280, 415.950 )


OVERLAP: Blockage of Cell IOFILLER_W_49 & Blockage of Cell IOFILLER_W_48  ( metal3 )
Bounds : ( 0.000, 415.710 ) ( 139.280, 415.950 )


OVERLAP: Blockage of Cell IOFILLER_W_49 & Blockage of Cell IOFILLER_W_48  ( metal4 )
Bounds : ( 0.000, 415.710 ) ( 139.280, 415.950 )


OVERLAP: Blockage of Cell IOFILLER_W_49 & Blockage of Cell IOFILLER_W_48  ( metal5 )
Bounds : ( 0.000, 415.710 ) ( 139.280, 415.950 )


OVERLAP: Blockage of Cell IOFILLER_W_49 & Blockage of Cell IOFILLER_W_48  ( metal6 )
Bounds : ( 0.000, 415.710 ) ( 139.280, 415.950 )


OVERLAP: Cell IOFILLER_W_48 & Cell IOFILLER_W_49
Bounds : ( 0.000, 415.710 ) ( 140.120, 415.950 )


OVERLAP: Blockage of Cell IOFILLER_W_54 & Blockage of Cell IOFILLER_W_55  ( metal1 )
Bounds : ( 0.000, 669.810 ) ( 139.280, 670.050 )


OVERLAP: Blockage of Cell IOFILLER_W_54 & Blockage of Cell IOFILLER_W_55  ( metal2 )
Bounds : ( 0.000, 669.810 ) ( 139.280, 670.050 )


OVERLAP: Blockage of Cell IOFILLER_W_54 & Blockage of Cell IOFILLER_W_55  ( metal3 )
Bounds : ( 0.000, 669.810 ) ( 139.280, 670.050 )


OVERLAP: Blockage of Cell IOFILLER_W_54 & Blockage of Cell IOFILLER_W_55  ( metal4 )
Bounds : ( 0.000, 669.810 ) ( 139.280, 670.050 )


OVERLAP: Blockage of Cell IOFILLER_W_54 & Blockage of Cell IOFILLER_W_55  ( metal5 )
Bounds : ( 0.000, 669.810 ) ( 139.280, 670.050 )


OVERLAP: Blockage of Cell IOFILLER_W_54 & Blockage of Cell IOFILLER_W_55  ( metal6 )
Bounds : ( 0.000, 669.810 ) ( 139.280, 670.050 )


OVERLAP: Blockage of Cell IOFILLER_W_53 & Blockage of Cell IOFILLER_W_52  ( metal1 )
Bounds : ( 0.000, 585.110 ) ( 139.280, 585.350 )


OVERLAP: Blockage of Cell IOFILLER_W_53 & Blockage of Cell IOFILLER_W_52  ( metal2 )
Bounds : ( 0.000, 585.110 ) ( 139.280, 585.350 )


OVERLAP: Blockage of Cell IOFILLER_W_53 & Blockage of Cell IOFILLER_W_52  ( metal3 )
Bounds : ( 0.000, 585.110 ) ( 139.280, 585.350 )


OVERLAP: Blockage of Cell IOFILLER_W_53 & Blockage of Cell IOFILLER_W_52  ( metal4 )
Bounds : ( 0.000, 585.110 ) ( 139.280, 585.350 )


OVERLAP: Blockage of Cell IOFILLER_W_53 & Blockage of Cell IOFILLER_W_52  ( metal5 )
Bounds : ( 0.000, 585.110 ) ( 139.280, 585.350 )


OVERLAP: Blockage of Cell IOFILLER_W_53 & Blockage of Cell IOFILLER_W_52  ( metal6 )
Bounds : ( 0.000, 585.110 ) ( 139.280, 585.350 )


OVERLAP: Cell IOFILLER_W_52 & Cell IOFILLER_W_53
Bounds : ( 0.000, 585.110 ) ( 140.120, 585.350 )


OVERLAP: Cell IOFILLER_W_55 & Cell IOFILLER_W_54
Bounds : ( 0.000, 669.810 ) ( 140.120, 670.050 )


OVERLAP: Blockage of Cell IOFILLER_W_51 & Blockage of Cell IOFILLER_W_50  ( metal5 )
Bounds : ( 0.000, 500.410 ) ( 139.280, 500.650 )


OVERLAP: Blockage of Cell IOFILLER_W_51 & Blockage of Cell IOFILLER_W_50  ( metal3 )
Bounds : ( 0.000, 500.410 ) ( 139.280, 500.650 )


OVERLAP: Blockage of Cell IOFILLER_W_51 & Blockage of Cell IOFILLER_W_50  ( metal2 )
Bounds : ( 0.000, 500.410 ) ( 139.280, 500.650 )


OVERLAP: Blockage of Cell IOFILLER_W_51 & Blockage of Cell IOFILLER_W_50  ( metal1 )
Bounds : ( 0.000, 500.410 ) ( 139.280, 500.650 )


OVERLAP: Blockage of Cell IOFILLER_W_47 & Blockage of Cell IOFILLER_W_46  ( metal1 )
Bounds : ( 0.000, 331.010 ) ( 139.280, 331.240 )


OVERLAP: Blockage of Cell IOFILLER_W_47 & Blockage of Cell IOFILLER_W_46  ( metal2 )
Bounds : ( 0.000, 331.010 ) ( 139.280, 331.240 )


OVERLAP: Blockage of Cell IOFILLER_W_47 & Blockage of Cell IOFILLER_W_46  ( metal3 )
Bounds : ( 0.000, 331.010 ) ( 139.280, 331.240 )


OVERLAP: Blockage of Cell IOFILLER_W_47 & Blockage of Cell IOFILLER_W_46  ( metal4 )
Bounds : ( 0.000, 331.010 ) ( 139.280, 331.240 )


OVERLAP: Blockage of Cell IOFILLER_W_47 & Blockage of Cell IOFILLER_W_46  ( metal5 )
Bounds : ( 0.000, 331.010 ) ( 139.280, 331.240 )


OVERLAP: Blockage of Cell IOFILLER_W_47 & Blockage of Cell IOFILLER_W_46  ( metal6 )
Bounds : ( 0.000, 331.010 ) ( 139.280, 331.240 )


OVERLAP: Cell IOFILLER_W_46 & Cell IOFILLER_W_47
Bounds : ( 0.000, 331.010 ) ( 140.120, 331.240 )


OVERLAP: Cell IOFILLER_W_42 & Cell IOFILLER_W_43
Bounds : ( 0.000, 161.590 ) ( 140.120, 161.820 )


OVERLAP: Blockage of Cell IOFILLER_W_43 & Blockage of Cell IOFILLER_W_42  ( metal6 )
Bounds : ( 0.000, 161.590 ) ( 139.280, 161.820 )


OVERLAP: Blockage of Cell IOFILLER_W_43 & Blockage of Cell IOFILLER_W_42  ( metal5 )
Bounds : ( 0.000, 161.590 ) ( 139.280, 161.820 )


OVERLAP: Blockage of Cell IOFILLER_W_43 & Blockage of Cell IOFILLER_W_42  ( metal4 )
Bounds : ( 0.000, 161.590 ) ( 139.280, 161.820 )


OVERLAP: Blockage of Cell IOFILLER_W_43 & Blockage of Cell IOFILLER_W_42  ( metal3 )
Bounds : ( 0.000, 161.590 ) ( 139.280, 161.820 )


OVERLAP: Blockage of Cell IOFILLER_W_43 & Blockage of Cell IOFILLER_W_42  ( metal2 )
Bounds : ( 0.000, 161.590 ) ( 139.280, 161.820 )


OVERLAP: Blockage of Cell IOFILLER_W_43 & Blockage of Cell IOFILLER_W_42  ( metal1 )
Bounds : ( 0.000, 161.590 ) ( 139.280, 161.820 )


OVERLAP: Cell IOFILLER_W_44 & Cell IOFILLER_W_45
Bounds : ( 0.000, 246.300 ) ( 140.120, 246.530 )


OVERLAP: Blockage of Cell IOFILLER_W_45 & Blockage of Cell IOFILLER_W_44  ( metal6 )
Bounds : ( 0.000, 246.300 ) ( 139.280, 246.530 )


OVERLAP: Blockage of Cell IOFILLER_W_45 & Blockage of Cell IOFILLER_W_44  ( metal5 )
Bounds : ( 0.000, 246.300 ) ( 139.280, 246.530 )


OVERLAP: Blockage of Cell IOFILLER_W_45 & Blockage of Cell IOFILLER_W_44  ( metal4 )
Bounds : ( 0.000, 246.300 ) ( 139.280, 246.530 )


OVERLAP: Blockage of Cell IOFILLER_W_45 & Blockage of Cell IOFILLER_W_44  ( metal3 )
Bounds : ( 0.000, 246.300 ) ( 139.280, 246.530 )


OVERLAP: Blockage of Cell IOFILLER_W_45 & Blockage of Cell IOFILLER_W_44  ( metal2 )
Bounds : ( 0.000, 246.300 ) ( 139.280, 246.530 )


OVERLAP: Blockage of Cell IOFILLER_W_45 & Blockage of Cell IOFILLER_W_44  ( metal1 )
Bounds : ( 0.000, 246.300 ) ( 139.280, 246.530 )



Begin Summary ...
  Cells       : 0
  SameNet     : 0
  Wiring      : 0
  Antenna     : 0
  Short       : 0
  Overlap     : 266
End Summary

  Total Violations : 266 Viols.
