###############################################################
#  Generated by:      Cadence Innovus 17.11-s080_1
#  OS:                Linux x86_64(Host ID cad16)
#  Generated on:      Mon May 18 03:54:23 2026
#  Design:            CHIP
#  Command:           verifyGeometry
###############################################################

OVERLAP: Cell IOFILLER_N_76 & Cell IOFILLER_N_77
Bounds : ( 1306.340, 1303.680 ) ( 1306.620, 1443.800 )


OVERLAP: Blockage of Cell IOFILLER_N_77 & Blockage of Cell IOFILLER_N_76  ( metal6 )
Bounds : ( 1306.340, 1304.520 ) ( 1306.620, 1443.800 )


OVERLAP: Blockage of Cell IOFILLER_N_77 & Blockage of Cell IOFILLER_N_76  ( metal5 )
Bounds : ( 1306.340, 1304.520 ) ( 1306.620, 1443.800 )


OVERLAP: Blockage of Cell IOFILLER_N_77 & Blockage of Cell IOFILLER_N_76  ( metal4 )
Bounds : ( 1306.340, 1304.520 ) ( 1306.620, 1443.800 )


OVERLAP: Blockage of Cell IOFILLER_N_77 & Blockage of Cell IOFILLER_N_76  ( metal3 )
Bounds : ( 1306.340, 1304.520 ) ( 1306.620, 1443.800 )


OVERLAP: Blockage of Cell IOFILLER_N_77 & Blockage of Cell IOFILLER_N_76  ( metal2 )
Bounds : ( 1306.340, 1304.520 ) ( 1306.620, 1443.800 )


OVERLAP: Blockage of Cell IOFILLER_N_77 & Blockage of Cell IOFILLER_N_76  ( metal1 )
Bounds : ( 1306.340, 1304.520 ) ( 1306.620, 1443.800 )


OVERLAP: Cell IOFILLER_E_79 & Cell IOFILLER_E_87
Bounds : ( 1306.960, 1303.060 ) ( 1447.080, 1303.540 )


OVERLAP: Blockage of Cell IOFILLER_E_87 & Blockage of Cell IOFILLER_E_79  ( metal6 )
Bounds : ( 1307.800, 1303.060 ) ( 1447.080, 1303.540 )


OVERLAP: Blockage of Cell IOFILLER_E_87 & Blockage of Cell IOFILLER_E_79  ( metal5 )
Bounds : ( 1307.800, 1303.060 ) ( 1447.080, 1303.540 )


OVERLAP: Blockage of Cell IOFILLER_E_87 & Blockage of Cell IOFILLER_E_79  ( metal4 )
Bounds : ( 1307.800, 1303.060 ) ( 1447.080, 1303.540 )


OVERLAP: Blockage of Cell IOFILLER_E_87 & Blockage of Cell IOFILLER_E_79  ( metal3 )
Bounds : ( 1307.800, 1303.060 ) ( 1447.080, 1303.540 )


OVERLAP: Blockage of Cell IOFILLER_E_87 & Blockage of Cell IOFILLER_E_79  ( metal2 )
Bounds : ( 1307.800, 1303.060 ) ( 1447.080, 1303.540 )


OVERLAP: Blockage of Cell IOFILLER_E_87 & Blockage of Cell IOFILLER_E_79  ( metal1 )
Bounds : ( 1307.800, 1303.060 ) ( 1447.080, 1303.540 )


OVERLAP: Cell IOFILLER_N_72 & Cell IOFILLER_N_73
Bounds : ( 1117.180, 1303.680 ) ( 1117.470, 1443.800 )


OVERLAP: Blockage of Cell IOFILLER_N_73 & Blockage of Cell IOFILLER_N_72  ( metal6 )
Bounds : ( 1117.180, 1304.520 ) ( 1117.470, 1443.800 )


OVERLAP: Blockage of Cell IOFILLER_N_73 & Blockage of Cell IOFILLER_N_72  ( metal5 )
Bounds : ( 1117.180, 1304.520 ) ( 1117.470, 1443.800 )


OVERLAP: Blockage of Cell IOFILLER_N_73 & Blockage of Cell IOFILLER_N_72  ( metal4 )
Bounds : ( 1117.180, 1304.520 ) ( 1117.470, 1443.800 )


OVERLAP: Blockage of Cell IOFILLER_N_73 & Blockage of Cell IOFILLER_N_72  ( metal3 )
Bounds : ( 1117.180, 1304.520 ) ( 1117.470, 1443.800 )


OVERLAP: Blockage of Cell IOFILLER_N_73 & Blockage of Cell IOFILLER_N_72  ( metal2 )
Bounds : ( 1117.180, 1304.520 ) ( 1117.470, 1443.800 )


OVERLAP: Blockage of Cell IOFILLER_N_73 & Blockage of Cell IOFILLER_N_72  ( metal1 )
Bounds : ( 1117.180, 1304.520 ) ( 1117.470, 1443.800 )


OVERLAP: Cell IOFILLER_N_74 & Cell IOFILLER_N_75
Bounds : ( 1211.760, 1303.680 ) ( 1212.040, 1443.800 )


OVERLAP: Blockage of Cell IOFILLER_N_75 & Blockage of Cell IOFILLER_N_74  ( metal6 )
Bounds : ( 1211.760, 1304.520 ) ( 1212.040, 1443.800 )


OVERLAP: Blockage of Cell IOFILLER_N_75 & Blockage of Cell IOFILLER_N_74  ( metal5 )
Bounds : ( 1211.760, 1304.520 ) ( 1212.040, 1443.800 )


OVERLAP: Blockage of Cell IOFILLER_N_75 & Blockage of Cell IOFILLER_N_74  ( metal4 )
Bounds : ( 1211.760, 1304.520 ) ( 1212.040, 1443.800 )


OVERLAP: Blockage of Cell IOFILLER_N_75 & Blockage of Cell IOFILLER_N_74  ( metal3 )
Bounds : ( 1211.760, 1304.520 ) ( 1212.040, 1443.800 )


OVERLAP: Blockage of Cell IOFILLER_N_75 & Blockage of Cell IOFILLER_N_74  ( metal2 )
Bounds : ( 1211.760, 1304.520 ) ( 1212.040, 1443.800 )


OVERLAP: Blockage of Cell IOFILLER_N_75 & Blockage of Cell IOFILLER_N_74  ( metal1 )
Bounds : ( 1211.760, 1304.520 ) ( 1212.040, 1443.800 )


OVERLAP: Cell IOFILLER_E_78 & Cell IOFILLER_E_86
Bounds : ( 1306.960, 1149.780 ) ( 1447.080, 1150.270 )


OVERLAP: Blockage of Cell IOFILLER_E_86 & Blockage of Cell IOFILLER_E_78  ( metal6 )
Bounds : ( 1307.800, 1149.780 ) ( 1447.080, 1150.270 )


OVERLAP: Blockage of Cell IOFILLER_E_86 & Blockage of Cell IOFILLER_E_78  ( metal5 )
Bounds : ( 1307.800, 1149.780 ) ( 1447.080, 1150.270 )


OVERLAP: Blockage of Cell IOFILLER_E_86 & Blockage of Cell IOFILLER_E_78  ( metal4 )
Bounds : ( 1307.800, 1149.780 ) ( 1447.080, 1150.270 )


OVERLAP: Blockage of Cell IOFILLER_E_86 & Blockage of Cell IOFILLER_E_78  ( metal3 )
Bounds : ( 1307.800, 1149.780 ) ( 1447.080, 1150.270 )


OVERLAP: Blockage of Cell IOFILLER_E_86 & Blockage of Cell IOFILLER_E_78  ( metal2 )
Bounds : ( 1307.800, 1149.780 ) ( 1447.080, 1150.270 )


OVERLAP: Blockage of Cell IOFILLER_E_86 & Blockage of Cell IOFILLER_E_78  ( metal1 )
Bounds : ( 1307.800, 1149.780 ) ( 1447.080, 1150.270 )


OVERLAP: Cell IOFILLER_N_70 & Cell IOFILLER_N_71
Bounds : ( 1022.610, 1303.680 ) ( 1022.900, 1443.800 )


OVERLAP: Blockage of Cell IOFILLER_N_71 & Blockage of Cell IOFILLER_N_70  ( metal6 )
Bounds : ( 1022.610, 1304.520 ) ( 1022.900, 1443.800 )


OVERLAP: Blockage of Cell IOFILLER_N_71 & Blockage of Cell IOFILLER_N_70  ( metal5 )
Bounds : ( 1022.610, 1304.520 ) ( 1022.900, 1443.800 )


OVERLAP: Blockage of Cell IOFILLER_N_71 & Blockage of Cell IOFILLER_N_70  ( metal4 )
Bounds : ( 1022.610, 1304.520 ) ( 1022.900, 1443.800 )


OVERLAP: Blockage of Cell IOFILLER_N_71 & Blockage of Cell IOFILLER_N_70  ( metal3 )
Bounds : ( 1022.610, 1304.520 ) ( 1022.900, 1443.800 )


OVERLAP: Blockage of Cell IOFILLER_N_71 & Blockage of Cell IOFILLER_N_70  ( metal2 )
Bounds : ( 1022.610, 1304.520 ) ( 1022.900, 1443.800 )


OVERLAP: Blockage of Cell IOFILLER_N_71 & Blockage of Cell IOFILLER_N_70  ( metal1 )
Bounds : ( 1022.610, 1304.520 ) ( 1022.900, 1443.800 )


OVERLAP: Cell IOFILLER_N_68 & Cell IOFILLER_N_69
Bounds : ( 928.040, 1303.680 ) ( 928.330, 1443.800 )


OVERLAP: Blockage of Cell IOFILLER_N_69 & Blockage of Cell IOFILLER_N_68  ( metal6 )
Bounds : ( 928.040, 1304.520 ) ( 928.330, 1443.800 )


OVERLAP: Blockage of Cell IOFILLER_N_69 & Blockage of Cell IOFILLER_N_68  ( metal5 )
Bounds : ( 928.040, 1304.520 ) ( 928.330, 1443.800 )


OVERLAP: Blockage of Cell IOFILLER_N_69 & Blockage of Cell IOFILLER_N_68  ( metal4 )
Bounds : ( 928.040, 1304.520 ) ( 928.330, 1443.800 )


OVERLAP: Blockage of Cell IOFILLER_N_69 & Blockage of Cell IOFILLER_N_68  ( metal3 )
Bounds : ( 928.040, 1304.520 ) ( 928.330, 1443.800 )


OVERLAP: Blockage of Cell IOFILLER_N_69 & Blockage of Cell IOFILLER_N_68  ( metal2 )
Bounds : ( 928.040, 1304.520 ) ( 928.330, 1443.800 )


OVERLAP: Blockage of Cell IOFILLER_N_69 & Blockage of Cell IOFILLER_N_68  ( metal1 )
Bounds : ( 928.040, 1304.520 ) ( 928.330, 1443.800 )


OVERLAP: Cell IOFILLER_N_64 & Cell IOFILLER_N_65
Bounds : ( 738.900, 1303.680 ) ( 739.190, 1443.800 )


OVERLAP: Blockage of Cell IOFILLER_N_65 & Blockage of Cell IOFILLER_N_64  ( metal6 )
Bounds : ( 738.900, 1304.520 ) ( 739.190, 1443.800 )


OVERLAP: Blockage of Cell IOFILLER_N_65 & Blockage of Cell IOFILLER_N_64  ( metal5 )
Bounds : ( 738.900, 1304.520 ) ( 739.190, 1443.800 )


OVERLAP: Blockage of Cell IOFILLER_N_65 & Blockage of Cell IOFILLER_N_64  ( metal4 )
Bounds : ( 738.900, 1304.520 ) ( 739.190, 1443.800 )


OVERLAP: Blockage of Cell IOFILLER_N_65 & Blockage of Cell IOFILLER_N_64  ( metal3 )
Bounds : ( 738.900, 1304.520 ) ( 739.190, 1443.800 )


OVERLAP: Blockage of Cell IOFILLER_N_65 & Blockage of Cell IOFILLER_N_64  ( metal2 )
Bounds : ( 738.900, 1304.520 ) ( 739.190, 1443.800 )


OVERLAP: Blockage of Cell IOFILLER_N_65 & Blockage of Cell IOFILLER_N_64  ( metal1 )
Bounds : ( 738.900, 1304.520 ) ( 739.190, 1443.800 )


OVERLAP: Cell IOFILLER_N_66 & Cell IOFILLER_N_67
Bounds : ( 833.470, 1303.680 ) ( 833.760, 1443.800 )


OVERLAP: Blockage of Cell IOFILLER_N_67 & Blockage of Cell IOFILLER_N_66  ( metal6 )
Bounds : ( 833.470, 1304.520 ) ( 833.760, 1443.800 )


OVERLAP: Blockage of Cell IOFILLER_N_67 & Blockage of Cell IOFILLER_N_66  ( metal5 )
Bounds : ( 833.470, 1304.520 ) ( 833.760, 1443.800 )


OVERLAP: Blockage of Cell IOFILLER_N_67 & Blockage of Cell IOFILLER_N_66  ( metal4 )
Bounds : ( 833.470, 1304.520 ) ( 833.760, 1443.800 )


OVERLAP: Blockage of Cell IOFILLER_N_67 & Blockage of Cell IOFILLER_N_66  ( metal3 )
Bounds : ( 833.470, 1304.520 ) ( 833.760, 1443.800 )


OVERLAP: Blockage of Cell IOFILLER_N_67 & Blockage of Cell IOFILLER_N_66  ( metal2 )
Bounds : ( 833.470, 1304.520 ) ( 833.760, 1443.800 )


OVERLAP: Blockage of Cell IOFILLER_N_67 & Blockage of Cell IOFILLER_N_66  ( metal1 )
Bounds : ( 833.470, 1304.520 ) ( 833.760, 1443.800 )


OVERLAP: Cell IOFILLER_E_76 & Cell IOFILLER_E_84
Bounds : ( 1306.960, 843.240 ) ( 1447.080, 843.730 )


OVERLAP: Cell IOFILLER_E_77 & Cell IOFILLER_E_85
Bounds : ( 1306.960, 996.510 ) ( 1447.080, 997.000 )


OVERLAP: Blockage of Cell IOFILLER_E_84 & Blockage of Cell IOFILLER_E_76  ( metal6 )
Bounds : ( 1307.800, 843.240 ) ( 1447.080, 843.730 )


OVERLAP: Blockage of Cell IOFILLER_E_84 & Blockage of Cell IOFILLER_E_76  ( metal5 )
Bounds : ( 1307.800, 843.240 ) ( 1447.080, 843.730 )


OVERLAP: Blockage of Cell IOFILLER_E_84 & Blockage of Cell IOFILLER_E_76  ( metal4 )
Bounds : ( 1307.800, 843.240 ) ( 1447.080, 843.730 )


OVERLAP: Blockage of Cell IOFILLER_E_84 & Blockage of Cell IOFILLER_E_76  ( metal3 )
Bounds : ( 1307.800, 843.240 ) ( 1447.080, 843.730 )


OVERLAP: Blockage of Cell IOFILLER_E_84 & Blockage of Cell IOFILLER_E_76  ( metal2 )
Bounds : ( 1307.800, 843.240 ) ( 1447.080, 843.730 )


OVERLAP: Blockage of Cell IOFILLER_E_84 & Blockage of Cell IOFILLER_E_76  ( metal1 )
Bounds : ( 1307.800, 843.240 ) ( 1447.080, 843.730 )


OVERLAP: Blockage of Cell IOFILLER_E_85 & Blockage of Cell IOFILLER_E_77  ( metal6 )
Bounds : ( 1307.800, 996.510 ) ( 1447.080, 997.000 )


OVERLAP: Blockage of Cell IOFILLER_E_85 & Blockage of Cell IOFILLER_E_77  ( metal5 )
Bounds : ( 1307.800, 996.510 ) ( 1447.080, 997.000 )


OVERLAP: Blockage of Cell IOFILLER_E_85 & Blockage of Cell IOFILLER_E_77  ( metal4 )
Bounds : ( 1307.800, 996.510 ) ( 1447.080, 997.000 )


OVERLAP: Blockage of Cell IOFILLER_E_85 & Blockage of Cell IOFILLER_E_77  ( metal3 )
Bounds : ( 1307.800, 996.510 ) ( 1447.080, 997.000 )


OVERLAP: Blockage of Cell IOFILLER_E_85 & Blockage of Cell IOFILLER_E_77  ( metal2 )
Bounds : ( 1307.800, 996.510 ) ( 1447.080, 997.000 )


OVERLAP: Blockage of Cell IOFILLER_E_85 & Blockage of Cell IOFILLER_E_77  ( metal1 )
Bounds : ( 1307.800, 996.510 ) ( 1447.080, 997.000 )


OVERLAP: Cell IOFILLER_N_58 & Cell IOFILLER_N_59
Bounds : ( 455.190, 1303.680 ) ( 455.480, 1443.800 )


OVERLAP: Blockage of Cell IOFILLER_N_59 & Blockage of Cell IOFILLER_N_58  ( metal6 )
Bounds : ( 455.190, 1304.520 ) ( 455.480, 1443.800 )


OVERLAP: Blockage of Cell IOFILLER_N_59 & Blockage of Cell IOFILLER_N_58  ( metal5 )
Bounds : ( 455.190, 1304.520 ) ( 455.480, 1443.800 )


OVERLAP: Blockage of Cell IOFILLER_N_59 & Blockage of Cell IOFILLER_N_58  ( metal4 )
Bounds : ( 455.190, 1304.520 ) ( 455.480, 1443.800 )


OVERLAP: Blockage of Cell IOFILLER_N_59 & Blockage of Cell IOFILLER_N_58  ( metal3 )
Bounds : ( 455.190, 1304.520 ) ( 455.480, 1443.800 )


OVERLAP: Blockage of Cell IOFILLER_N_59 & Blockage of Cell IOFILLER_N_58  ( metal2 )
Bounds : ( 455.190, 1304.520 ) ( 455.480, 1443.800 )


OVERLAP: Blockage of Cell IOFILLER_N_59 & Blockage of Cell IOFILLER_N_58  ( metal1 )
Bounds : ( 455.190, 1304.520 ) ( 455.480, 1443.800 )


OVERLAP: Cell IOFILLER_N_60 & Cell IOFILLER_N_61
Bounds : ( 549.760, 1303.680 ) ( 550.050, 1443.800 )


OVERLAP: Blockage of Cell IOFILLER_N_61 & Blockage of Cell IOFILLER_N_60  ( metal6 )
Bounds : ( 549.760, 1304.520 ) ( 550.050, 1443.800 )


OVERLAP: Blockage of Cell IOFILLER_N_61 & Blockage of Cell IOFILLER_N_60  ( metal5 )
Bounds : ( 549.760, 1304.520 ) ( 550.050, 1443.800 )


OVERLAP: Blockage of Cell IOFILLER_N_61 & Blockage of Cell IOFILLER_N_60  ( metal4 )
Bounds : ( 549.760, 1304.520 ) ( 550.050, 1443.800 )


OVERLAP: Blockage of Cell IOFILLER_N_61 & Blockage of Cell IOFILLER_N_60  ( metal3 )
Bounds : ( 549.760, 1304.520 ) ( 550.050, 1443.800 )


OVERLAP: Blockage of Cell IOFILLER_N_61 & Blockage of Cell IOFILLER_N_60  ( metal2 )
Bounds : ( 549.760, 1304.520 ) ( 550.050, 1443.800 )


OVERLAP: Blockage of Cell IOFILLER_N_61 & Blockage of Cell IOFILLER_N_60  ( metal1 )
Bounds : ( 549.760, 1304.520 ) ( 550.050, 1443.800 )


OVERLAP: Cell IOFILLER_N_62 & Cell IOFILLER_N_63
Bounds : ( 644.330, 1303.680 ) ( 644.620, 1443.800 )


OVERLAP: Blockage of Cell IOFILLER_N_63 & Blockage of Cell IOFILLER_N_62  ( metal6 )
Bounds : ( 644.330, 1304.520 ) ( 644.620, 1443.800 )


OVERLAP: Blockage of Cell IOFILLER_N_63 & Blockage of Cell IOFILLER_N_62  ( metal5 )
Bounds : ( 644.330, 1304.520 ) ( 644.620, 1443.800 )


OVERLAP: Blockage of Cell IOFILLER_N_63 & Blockage of Cell IOFILLER_N_62  ( metal4 )
Bounds : ( 644.330, 1304.520 ) ( 644.620, 1443.800 )


OVERLAP: Blockage of Cell IOFILLER_N_63 & Blockage of Cell IOFILLER_N_62  ( metal3 )
Bounds : ( 644.330, 1304.520 ) ( 644.620, 1443.800 )


OVERLAP: Blockage of Cell IOFILLER_N_63 & Blockage of Cell IOFILLER_N_62  ( metal2 )
Bounds : ( 644.330, 1304.520 ) ( 644.620, 1443.800 )


OVERLAP: Blockage of Cell IOFILLER_N_63 & Blockage of Cell IOFILLER_N_62  ( metal1 )
Bounds : ( 644.330, 1304.520 ) ( 644.620, 1443.800 )


OVERLAP: Cell IOFILLER_N_56 & Cell IOFILLER_N_57
Bounds : ( 360.620, 1303.680 ) ( 360.900, 1443.800 )


OVERLAP: Blockage of Cell IOFILLER_N_57 & Blockage of Cell IOFILLER_N_56  ( metal6 )
Bounds : ( 360.620, 1304.520 ) ( 360.900, 1443.800 )


OVERLAP: Blockage of Cell IOFILLER_N_57 & Blockage of Cell IOFILLER_N_56  ( metal5 )
Bounds : ( 360.620, 1304.520 ) ( 360.900, 1443.800 )


OVERLAP: Blockage of Cell IOFILLER_N_57 & Blockage of Cell IOFILLER_N_56  ( metal4 )
Bounds : ( 360.620, 1304.520 ) ( 360.900, 1443.800 )


OVERLAP: Blockage of Cell IOFILLER_N_57 & Blockage of Cell IOFILLER_N_56  ( metal3 )
Bounds : ( 360.620, 1304.520 ) ( 360.900, 1443.800 )


OVERLAP: Blockage of Cell IOFILLER_N_57 & Blockage of Cell IOFILLER_N_56  ( metal2 )
Bounds : ( 360.620, 1304.520 ) ( 360.900, 1443.800 )


OVERLAP: Blockage of Cell IOFILLER_N_57 & Blockage of Cell IOFILLER_N_56  ( metal1 )
Bounds : ( 360.620, 1304.520 ) ( 360.900, 1443.800 )


OVERLAP: Cell IOFILLER_N_54 & Cell IOFILLER_N_55
Bounds : ( 266.040, 1303.680 ) ( 266.320, 1443.800 )


OVERLAP: Blockage of Cell IOFILLER_N_55 & Blockage of Cell IOFILLER_N_54  ( metal6 )
Bounds : ( 266.040, 1304.520 ) ( 266.320, 1443.800 )


OVERLAP: Blockage of Cell IOFILLER_N_55 & Blockage of Cell IOFILLER_N_54  ( metal5 )
Bounds : ( 266.040, 1304.520 ) ( 266.320, 1443.800 )


OVERLAP: Blockage of Cell IOFILLER_N_55 & Blockage of Cell IOFILLER_N_54  ( metal4 )
Bounds : ( 266.040, 1304.520 ) ( 266.320, 1443.800 )


OVERLAP: Blockage of Cell IOFILLER_N_55 & Blockage of Cell IOFILLER_N_54  ( metal3 )
Bounds : ( 266.040, 1304.520 ) ( 266.320, 1443.800 )


OVERLAP: Blockage of Cell IOFILLER_N_55 & Blockage of Cell IOFILLER_N_54  ( metal2 )
Bounds : ( 266.040, 1304.520 ) ( 266.320, 1443.800 )


OVERLAP: Blockage of Cell IOFILLER_N_55 & Blockage of Cell IOFILLER_N_54  ( metal1 )
Bounds : ( 266.040, 1304.520 ) ( 266.320, 1443.800 )


OVERLAP: Cell IOFILLER_W_76 & Cell IOFILLER_W_77
Bounds : ( 0.000, 1303.060 ) ( 140.120, 1303.590 )


OVERLAP: Blockage of Cell IOFILLER_W_77 & Blockage of Cell IOFILLER_W_76  ( metal6 )
Bounds : ( 0.000, 1303.060 ) ( 139.280, 1303.590 )


OVERLAP: Blockage of Cell IOFILLER_W_77 & Blockage of Cell IOFILLER_W_76  ( metal5 )
Bounds : ( 0.000, 1303.060 ) ( 139.280, 1303.590 )


OVERLAP: Blockage of Cell IOFILLER_W_77 & Blockage of Cell IOFILLER_W_76  ( metal4 )
Bounds : ( 0.000, 1303.060 ) ( 139.280, 1303.590 )


OVERLAP: Blockage of Cell IOFILLER_W_77 & Blockage of Cell IOFILLER_W_76  ( metal3 )
Bounds : ( 0.000, 1303.060 ) ( 139.280, 1303.590 )


OVERLAP: Blockage of Cell IOFILLER_W_77 & Blockage of Cell IOFILLER_W_76  ( metal2 )
Bounds : ( 0.000, 1303.060 ) ( 139.280, 1303.590 )


OVERLAP: Blockage of Cell IOFILLER_W_77 & Blockage of Cell IOFILLER_W_76  ( metal1 )
Bounds : ( 0.000, 1303.060 ) ( 139.280, 1303.590 )


OVERLAP: Cell IOFILLER_N_52 & Cell IOFILLER_N_53
Bounds : ( 171.460, 1303.680 ) ( 171.740, 1443.800 )


OVERLAP: Blockage of Cell IOFILLER_N_53 & Blockage of Cell IOFILLER_N_52  ( metal6 )
Bounds : ( 171.460, 1304.520 ) ( 171.740, 1443.800 )


OVERLAP: Blockage of Cell IOFILLER_N_53 & Blockage of Cell IOFILLER_N_52  ( metal5 )
Bounds : ( 171.460, 1304.520 ) ( 171.740, 1443.800 )


OVERLAP: Blockage of Cell IOFILLER_N_53 & Blockage of Cell IOFILLER_N_52  ( metal4 )
Bounds : ( 171.460, 1304.520 ) ( 171.740, 1443.800 )


OVERLAP: Blockage of Cell IOFILLER_N_53 & Blockage of Cell IOFILLER_N_52  ( metal3 )
Bounds : ( 171.460, 1304.520 ) ( 171.740, 1443.800 )


OVERLAP: Blockage of Cell IOFILLER_N_53 & Blockage of Cell IOFILLER_N_52  ( metal2 )
Bounds : ( 171.460, 1304.520 ) ( 171.740, 1443.800 )


OVERLAP: Blockage of Cell IOFILLER_N_53 & Blockage of Cell IOFILLER_N_52  ( metal1 )
Bounds : ( 171.460, 1304.520 ) ( 171.740, 1443.800 )


OVERLAP: Cell IOFILLER_W_74 & Cell IOFILLER_W_75
Bounds : ( 0.000, 1208.730 ) ( 140.120, 1209.270 )


OVERLAP: Blockage of Cell IOFILLER_W_75 & Blockage of Cell IOFILLER_W_74  ( metal6 )
Bounds : ( 0.000, 1208.730 ) ( 139.280, 1209.270 )


OVERLAP: Blockage of Cell IOFILLER_W_75 & Blockage of Cell IOFILLER_W_74  ( metal5 )
Bounds : ( 0.000, 1208.730 ) ( 139.280, 1209.270 )


OVERLAP: Blockage of Cell IOFILLER_W_75 & Blockage of Cell IOFILLER_W_74  ( metal4 )
Bounds : ( 0.000, 1208.730 ) ( 139.280, 1209.270 )


OVERLAP: Blockage of Cell IOFILLER_W_75 & Blockage of Cell IOFILLER_W_74  ( metal3 )
Bounds : ( 0.000, 1208.730 ) ( 139.280, 1209.270 )


OVERLAP: Blockage of Cell IOFILLER_W_75 & Blockage of Cell IOFILLER_W_74  ( metal2 )
Bounds : ( 0.000, 1208.730 ) ( 139.280, 1209.270 )


OVERLAP: Blockage of Cell IOFILLER_W_75 & Blockage of Cell IOFILLER_W_74  ( metal1 )
Bounds : ( 0.000, 1208.730 ) ( 139.280, 1209.270 )


OVERLAP: Cell IOFILLER_W_72 & Cell IOFILLER_W_73
Bounds : ( 0.000, 1114.410 ) ( 140.120, 1114.950 )


OVERLAP: Blockage of Cell IOFILLER_W_73 & Blockage of Cell IOFILLER_W_72  ( metal6 )
Bounds : ( 0.000, 1114.410 ) ( 139.280, 1114.950 )


OVERLAP: Blockage of Cell IOFILLER_W_73 & Blockage of Cell IOFILLER_W_72  ( metal5 )
Bounds : ( 0.000, 1114.410 ) ( 139.280, 1114.950 )


OVERLAP: Blockage of Cell IOFILLER_W_73 & Blockage of Cell IOFILLER_W_72  ( metal4 )
Bounds : ( 0.000, 1114.410 ) ( 139.280, 1114.950 )


OVERLAP: Blockage of Cell IOFILLER_W_73 & Blockage of Cell IOFILLER_W_72  ( metal3 )
Bounds : ( 0.000, 1114.410 ) ( 139.280, 1114.950 )


OVERLAP: Blockage of Cell IOFILLER_W_73 & Blockage of Cell IOFILLER_W_72  ( metal2 )
Bounds : ( 0.000, 1114.410 ) ( 139.280, 1114.950 )


OVERLAP: Blockage of Cell IOFILLER_W_73 & Blockage of Cell IOFILLER_W_72  ( metal1 )
Bounds : ( 0.000, 1114.410 ) ( 139.280, 1114.950 )


OVERLAP: Cell IOFILLER_W_70 & Cell IOFILLER_W_71
Bounds : ( 0.000, 1020.090 ) ( 140.120, 1020.630 )


OVERLAP: Blockage of Cell IOFILLER_W_71 & Blockage of Cell IOFILLER_W_70  ( metal6 )
Bounds : ( 0.000, 1020.090 ) ( 139.280, 1020.630 )


OVERLAP: Blockage of Cell IOFILLER_W_71 & Blockage of Cell IOFILLER_W_70  ( metal5 )
Bounds : ( 0.000, 1020.090 ) ( 139.280, 1020.630 )


OVERLAP: Blockage of Cell IOFILLER_W_71 & Blockage of Cell IOFILLER_W_70  ( metal4 )
Bounds : ( 0.000, 1020.090 ) ( 139.280, 1020.630 )


OVERLAP: Blockage of Cell IOFILLER_W_71 & Blockage of Cell IOFILLER_W_70  ( metal3 )
Bounds : ( 0.000, 1020.090 ) ( 139.280, 1020.630 )


OVERLAP: Blockage of Cell IOFILLER_W_71 & Blockage of Cell IOFILLER_W_70  ( metal2 )
Bounds : ( 0.000, 1020.090 ) ( 139.280, 1020.630 )


OVERLAP: Blockage of Cell IOFILLER_W_71 & Blockage of Cell IOFILLER_W_70  ( metal1 )
Bounds : ( 0.000, 1020.090 ) ( 139.280, 1020.630 )


OVERLAP: Cell IOFILLER_W_68 & Cell IOFILLER_W_69
Bounds : ( 0.000, 925.770 ) ( 140.120, 926.310 )


OVERLAP: Blockage of Cell IOFILLER_W_69 & Blockage of Cell IOFILLER_W_68  ( metal6 )
Bounds : ( 0.000, 925.770 ) ( 139.280, 926.310 )


OVERLAP: Blockage of Cell IOFILLER_W_69 & Blockage of Cell IOFILLER_W_68  ( metal5 )
Bounds : ( 0.000, 925.770 ) ( 139.280, 926.310 )


OVERLAP: Blockage of Cell IOFILLER_W_69 & Blockage of Cell IOFILLER_W_68  ( metal4 )
Bounds : ( 0.000, 925.770 ) ( 139.280, 926.310 )


OVERLAP: Blockage of Cell IOFILLER_W_69 & Blockage of Cell IOFILLER_W_68  ( metal3 )
Bounds : ( 0.000, 925.770 ) ( 139.280, 926.310 )


OVERLAP: Blockage of Cell IOFILLER_W_69 & Blockage of Cell IOFILLER_W_68  ( metal2 )
Bounds : ( 0.000, 925.770 ) ( 139.280, 926.310 )


OVERLAP: Blockage of Cell IOFILLER_W_69 & Blockage of Cell IOFILLER_W_68  ( metal1 )
Bounds : ( 0.000, 925.770 ) ( 139.280, 926.310 )


OVERLAP: Cell IOFILLER_W_64 & Cell IOFILLER_W_65
Bounds : ( 0.000, 737.130 ) ( 140.120, 737.670 )


OVERLAP: Blockage of Cell IOFILLER_W_65 & Blockage of Cell IOFILLER_W_64  ( metal6 )
Bounds : ( 0.000, 737.130 ) ( 139.280, 737.670 )


OVERLAP: Blockage of Cell IOFILLER_W_65 & Blockage of Cell IOFILLER_W_64  ( metal5 )
Bounds : ( 0.000, 737.130 ) ( 139.280, 737.670 )


OVERLAP: Blockage of Cell IOFILLER_W_65 & Blockage of Cell IOFILLER_W_64  ( metal4 )
Bounds : ( 0.000, 737.130 ) ( 139.280, 737.670 )


OVERLAP: Blockage of Cell IOFILLER_W_65 & Blockage of Cell IOFILLER_W_64  ( metal3 )
Bounds : ( 0.000, 737.130 ) ( 139.280, 737.670 )


OVERLAP: Blockage of Cell IOFILLER_W_65 & Blockage of Cell IOFILLER_W_64  ( metal2 )
Bounds : ( 0.000, 737.130 ) ( 139.280, 737.670 )


OVERLAP: Blockage of Cell IOFILLER_W_65 & Blockage of Cell IOFILLER_W_64  ( metal1 )
Bounds : ( 0.000, 737.130 ) ( 139.280, 737.670 )


OVERLAP: Cell IOFILLER_W_66 & Cell IOFILLER_W_67
Bounds : ( 0.000, 831.450 ) ( 140.120, 831.990 )


OVERLAP: Blockage of Cell IOFILLER_W_67 & Blockage of Cell IOFILLER_W_66  ( metal6 )
Bounds : ( 0.000, 831.450 ) ( 139.280, 831.990 )


OVERLAP: Blockage of Cell IOFILLER_W_67 & Blockage of Cell IOFILLER_W_66  ( metal5 )
Bounds : ( 0.000, 831.450 ) ( 139.280, 831.990 )


OVERLAP: Blockage of Cell IOFILLER_W_67 & Blockage of Cell IOFILLER_W_66  ( metal4 )
Bounds : ( 0.000, 831.450 ) ( 139.280, 831.990 )


OVERLAP: Blockage of Cell IOFILLER_W_67 & Blockage of Cell IOFILLER_W_66  ( metal3 )
Bounds : ( 0.000, 831.450 ) ( 139.280, 831.990 )


OVERLAP: Blockage of Cell IOFILLER_W_67 & Blockage of Cell IOFILLER_W_66  ( metal2 )
Bounds : ( 0.000, 831.450 ) ( 139.280, 831.990 )


OVERLAP: Blockage of Cell IOFILLER_W_67 & Blockage of Cell IOFILLER_W_66  ( metal1 )
Bounds : ( 0.000, 831.450 ) ( 139.280, 831.990 )


OVERLAP: Cell IOFILLER_E_75 & Cell IOFILLER_E_83
Bounds : ( 1306.960, 689.970 ) ( 1447.080, 690.460 )


OVERLAP: Blockage of Cell IOFILLER_E_83 & Blockage of Cell IOFILLER_E_75  ( metal6 )
Bounds : ( 1307.800, 689.970 ) ( 1447.080, 690.460 )


OVERLAP: Blockage of Cell IOFILLER_E_83 & Blockage of Cell IOFILLER_E_75  ( metal5 )
Bounds : ( 1307.800, 689.970 ) ( 1447.080, 690.460 )


OVERLAP: Blockage of Cell IOFILLER_E_83 & Blockage of Cell IOFILLER_E_75  ( metal4 )
Bounds : ( 1307.800, 689.970 ) ( 1447.080, 690.460 )


OVERLAP: Blockage of Cell IOFILLER_E_83 & Blockage of Cell IOFILLER_E_75  ( metal3 )
Bounds : ( 1307.800, 689.970 ) ( 1447.080, 690.460 )


OVERLAP: Blockage of Cell IOFILLER_E_83 & Blockage of Cell IOFILLER_E_75  ( metal2 )
Bounds : ( 1307.800, 689.970 ) ( 1447.080, 690.460 )


OVERLAP: Blockage of Cell IOFILLER_E_83 & Blockage of Cell IOFILLER_E_75  ( metal1 )
Bounds : ( 1307.800, 689.970 ) ( 1447.080, 690.460 )


OVERLAP: Cell IOFILLER_E_73 & Cell IOFILLER_E_81
Bounds : ( 1306.960, 383.430 ) ( 1447.080, 383.920 )


OVERLAP: Cell IOFILLER_E_74 & Cell IOFILLER_E_82
Bounds : ( 1306.960, 536.700 ) ( 1447.080, 537.190 )


OVERLAP: Blockage of Cell IOFILLER_E_81 & Blockage of Cell IOFILLER_E_73  ( metal6 )
Bounds : ( 1307.800, 383.430 ) ( 1447.080, 383.920 )


OVERLAP: Blockage of Cell IOFILLER_E_81 & Blockage of Cell IOFILLER_E_73  ( metal5 )
Bounds : ( 1307.800, 383.430 ) ( 1447.080, 383.920 )


OVERLAP: Blockage of Cell IOFILLER_E_81 & Blockage of Cell IOFILLER_E_73  ( metal4 )
Bounds : ( 1307.800, 383.430 ) ( 1447.080, 383.920 )


OVERLAP: Blockage of Cell IOFILLER_E_81 & Blockage of Cell IOFILLER_E_73  ( metal3 )
Bounds : ( 1307.800, 383.430 ) ( 1447.080, 383.920 )


OVERLAP: Blockage of Cell IOFILLER_E_81 & Blockage of Cell IOFILLER_E_73  ( metal2 )
Bounds : ( 1307.800, 383.430 ) ( 1447.080, 383.920 )


OVERLAP: Blockage of Cell IOFILLER_E_81 & Blockage of Cell IOFILLER_E_73  ( metal1 )
Bounds : ( 1307.800, 383.430 ) ( 1447.080, 383.920 )


OVERLAP: Blockage of Cell IOFILLER_E_82 & Blockage of Cell IOFILLER_E_74  ( metal6 )
Bounds : ( 1307.800, 536.700 ) ( 1447.080, 537.190 )


OVERLAP: Blockage of Cell IOFILLER_E_82 & Blockage of Cell IOFILLER_E_74  ( metal5 )
Bounds : ( 1307.800, 536.700 ) ( 1447.080, 537.190 )


OVERLAP: Blockage of Cell IOFILLER_E_82 & Blockage of Cell IOFILLER_E_74  ( metal4 )
Bounds : ( 1307.800, 536.700 ) ( 1447.080, 537.190 )


OVERLAP: Blockage of Cell IOFILLER_E_82 & Blockage of Cell IOFILLER_E_74  ( metal3 )
Bounds : ( 1307.800, 536.700 ) ( 1447.080, 537.190 )


OVERLAP: Blockage of Cell IOFILLER_E_82 & Blockage of Cell IOFILLER_E_74  ( metal2 )
Bounds : ( 1307.800, 536.700 ) ( 1447.080, 537.190 )


OVERLAP: Blockage of Cell IOFILLER_E_82 & Blockage of Cell IOFILLER_E_74  ( metal1 )
Bounds : ( 1307.800, 536.700 ) ( 1447.080, 537.190 )


OVERLAP: Cell IOFILLER_S_95 & Cell IOFILLER_S_96
Bounds : ( 1194.570, 0.000 ) ( 1195.020, 140.120 )


OVERLAP: Blockage of Cell IOFILLER_S_96 & Blockage of Cell IOFILLER_S_95  ( metal6 )
Bounds : ( 1194.570, 0.000 ) ( 1195.020, 139.280 )


OVERLAP: Blockage of Cell IOFILLER_S_96 & Blockage of Cell IOFILLER_S_95  ( metal5 )
Bounds : ( 1194.570, 0.000 ) ( 1195.020, 139.280 )


OVERLAP: Blockage of Cell IOFILLER_S_96 & Blockage of Cell IOFILLER_S_95  ( metal4 )
Bounds : ( 1194.570, 0.000 ) ( 1195.020, 139.280 )


OVERLAP: Blockage of Cell IOFILLER_S_96 & Blockage of Cell IOFILLER_S_95  ( metal3 )
Bounds : ( 1194.570, 0.000 ) ( 1195.020, 139.280 )


OVERLAP: Blockage of Cell IOFILLER_S_96 & Blockage of Cell IOFILLER_S_95  ( metal2 )
Bounds : ( 1194.570, 0.000 ) ( 1195.020, 139.280 )


OVERLAP: Blockage of Cell IOFILLER_S_96 & Blockage of Cell IOFILLER_S_95  ( metal1 )
Bounds : ( 1194.570, 0.000 ) ( 1195.020, 139.280 )


OVERLAP: Cell IOFILLER_S_97 & Cell IOFILLER_S_98
Bounds : ( 1306.340, 0.000 ) ( 1306.790, 140.120 )


OVERLAP: Blockage of Cell IOFILLER_S_98 & Blockage of Cell IOFILLER_S_97  ( metal6 )
Bounds : ( 1306.340, 0.000 ) ( 1306.790, 139.280 )


OVERLAP: Blockage of Cell IOFILLER_S_98 & Blockage of Cell IOFILLER_S_97  ( metal5 )
Bounds : ( 1306.340, 0.000 ) ( 1306.790, 139.280 )


OVERLAP: Blockage of Cell IOFILLER_S_98 & Blockage of Cell IOFILLER_S_97  ( metal4 )
Bounds : ( 1306.340, 0.000 ) ( 1306.790, 139.280 )


OVERLAP: Blockage of Cell IOFILLER_S_98 & Blockage of Cell IOFILLER_S_97  ( metal3 )
Bounds : ( 1306.340, 0.000 ) ( 1306.790, 139.280 )


OVERLAP: Blockage of Cell IOFILLER_S_98 & Blockage of Cell IOFILLER_S_97  ( metal2 )
Bounds : ( 1306.340, 0.000 ) ( 1306.790, 139.280 )


OVERLAP: Blockage of Cell IOFILLER_S_98 & Blockage of Cell IOFILLER_S_97  ( metal1 )
Bounds : ( 1306.340, 0.000 ) ( 1306.790, 139.280 )


OVERLAP: Cell IOFILLER_E_72 & Cell IOFILLER_E_80
Bounds : ( 1306.960, 230.160 ) ( 1447.080, 230.640 )


OVERLAP: Blockage of Cell IOFILLER_E_80 & Blockage of Cell IOFILLER_E_72  ( metal6 )
Bounds : ( 1307.800, 230.160 ) ( 1447.080, 230.640 )


OVERLAP: Blockage of Cell IOFILLER_E_80 & Blockage of Cell IOFILLER_E_72  ( metal5 )
Bounds : ( 1307.800, 230.160 ) ( 1447.080, 230.640 )


OVERLAP: Blockage of Cell IOFILLER_E_80 & Blockage of Cell IOFILLER_E_72  ( metal4 )
Bounds : ( 1307.800, 230.160 ) ( 1447.080, 230.640 )


OVERLAP: Blockage of Cell IOFILLER_E_80 & Blockage of Cell IOFILLER_E_72  ( metal3 )
Bounds : ( 1307.800, 230.160 ) ( 1447.080, 230.640 )


OVERLAP: Blockage of Cell IOFILLER_E_80 & Blockage of Cell IOFILLER_E_72  ( metal2 )
Bounds : ( 1307.800, 230.160 ) ( 1447.080, 230.640 )


OVERLAP: Blockage of Cell IOFILLER_E_80 & Blockage of Cell IOFILLER_E_72  ( metal1 )
Bounds : ( 1307.800, 230.160 ) ( 1447.080, 230.640 )


OVERLAP: Cell IOFILLER_S_93 & Cell IOFILLER_S_94
Bounds : ( 1082.800, 0.000 ) ( 1083.250, 140.120 )


OVERLAP: Blockage of Cell IOFILLER_S_94 & Blockage of Cell IOFILLER_S_93  ( metal6 )
Bounds : ( 1082.800, 0.000 ) ( 1083.250, 139.280 )


OVERLAP: Blockage of Cell IOFILLER_S_94 & Blockage of Cell IOFILLER_S_93  ( metal5 )
Bounds : ( 1082.800, 0.000 ) ( 1083.250, 139.280 )


OVERLAP: Blockage of Cell IOFILLER_S_94 & Blockage of Cell IOFILLER_S_93  ( metal4 )
Bounds : ( 1082.800, 0.000 ) ( 1083.250, 139.280 )


OVERLAP: Blockage of Cell IOFILLER_S_94 & Blockage of Cell IOFILLER_S_93  ( metal3 )
Bounds : ( 1082.800, 0.000 ) ( 1083.250, 139.280 )


OVERLAP: Blockage of Cell IOFILLER_S_94 & Blockage of Cell IOFILLER_S_93  ( metal2 )
Bounds : ( 1082.800, 0.000 ) ( 1083.250, 139.280 )


OVERLAP: Blockage of Cell IOFILLER_S_94 & Blockage of Cell IOFILLER_S_93  ( metal1 )
Bounds : ( 1082.800, 0.000 ) ( 1083.250, 139.280 )


OVERLAP: Cell IOFILLER_S_91 & Cell IOFILLER_S_92
Bounds : ( 971.030, 0.000 ) ( 971.480, 140.120 )


OVERLAP: Blockage of Cell IOFILLER_S_92 & Blockage of Cell IOFILLER_S_91  ( metal6 )
Bounds : ( 971.030, 0.000 ) ( 971.480, 139.280 )


OVERLAP: Blockage of Cell IOFILLER_S_92 & Blockage of Cell IOFILLER_S_91  ( metal5 )
Bounds : ( 971.030, 0.000 ) ( 971.480, 139.280 )


OVERLAP: Blockage of Cell IOFILLER_S_92 & Blockage of Cell IOFILLER_S_91  ( metal4 )
Bounds : ( 971.030, 0.000 ) ( 971.480, 139.280 )


OVERLAP: Blockage of Cell IOFILLER_S_92 & Blockage of Cell IOFILLER_S_91  ( metal3 )
Bounds : ( 971.030, 0.000 ) ( 971.480, 139.280 )


OVERLAP: Blockage of Cell IOFILLER_S_92 & Blockage of Cell IOFILLER_S_91  ( metal2 )
Bounds : ( 971.030, 0.000 ) ( 971.480, 139.280 )


OVERLAP: Blockage of Cell IOFILLER_S_92 & Blockage of Cell IOFILLER_S_91  ( metal1 )
Bounds : ( 971.030, 0.000 ) ( 971.480, 139.280 )


OVERLAP: Cell IOFILLER_S_87 & Cell IOFILLER_S_88
Bounds : ( 747.490, 0.000 ) ( 747.950, 140.120 )


OVERLAP: Blockage of Cell IOFILLER_S_88 & Blockage of Cell IOFILLER_S_87  ( metal6 )
Bounds : ( 747.490, 0.000 ) ( 747.950, 139.280 )


OVERLAP: Blockage of Cell IOFILLER_S_88 & Blockage of Cell IOFILLER_S_87  ( metal5 )
Bounds : ( 747.490, 0.000 ) ( 747.950, 139.280 )


OVERLAP: Blockage of Cell IOFILLER_S_88 & Blockage of Cell IOFILLER_S_87  ( metal4 )
Bounds : ( 747.490, 0.000 ) ( 747.950, 139.280 )


OVERLAP: Blockage of Cell IOFILLER_S_88 & Blockage of Cell IOFILLER_S_87  ( metal3 )
Bounds : ( 747.490, 0.000 ) ( 747.950, 139.280 )


OVERLAP: Blockage of Cell IOFILLER_S_88 & Blockage of Cell IOFILLER_S_87  ( metal2 )
Bounds : ( 747.490, 0.000 ) ( 747.950, 139.280 )


OVERLAP: Blockage of Cell IOFILLER_S_88 & Blockage of Cell IOFILLER_S_87  ( metal1 )
Bounds : ( 747.490, 0.000 ) ( 747.950, 139.280 )


OVERLAP: Cell IOFILLER_S_89 & Cell IOFILLER_S_90
Bounds : ( 859.260, 0.000 ) ( 859.710, 140.120 )


OVERLAP: Blockage of Cell IOFILLER_S_90 & Blockage of Cell IOFILLER_S_89  ( metal6 )
Bounds : ( 859.260, 0.000 ) ( 859.710, 139.280 )


OVERLAP: Blockage of Cell IOFILLER_S_90 & Blockage of Cell IOFILLER_S_89  ( metal5 )
Bounds : ( 859.260, 0.000 ) ( 859.710, 139.280 )


OVERLAP: Blockage of Cell IOFILLER_S_90 & Blockage of Cell IOFILLER_S_89  ( metal4 )
Bounds : ( 859.260, 0.000 ) ( 859.710, 139.280 )


OVERLAP: Blockage of Cell IOFILLER_S_90 & Blockage of Cell IOFILLER_S_89  ( metal3 )
Bounds : ( 859.260, 0.000 ) ( 859.710, 139.280 )


OVERLAP: Blockage of Cell IOFILLER_S_90 & Blockage of Cell IOFILLER_S_89  ( metal2 )
Bounds : ( 859.260, 0.000 ) ( 859.710, 139.280 )


OVERLAP: Blockage of Cell IOFILLER_S_90 & Blockage of Cell IOFILLER_S_89  ( metal1 )
Bounds : ( 859.260, 0.000 ) ( 859.710, 139.280 )


OVERLAP: Cell IOFILLER_W_60 & Cell IOFILLER_W_61
Bounds : ( 0.000, 548.490 ) ( 140.120, 549.030 )


OVERLAP: Blockage of Cell IOFILLER_W_61 & Blockage of Cell IOFILLER_W_60  ( metal6 )
Bounds : ( 0.000, 548.490 ) ( 139.280, 549.030 )


OVERLAP: Blockage of Cell IOFILLER_W_61 & Blockage of Cell IOFILLER_W_60  ( metal5 )
Bounds : ( 0.000, 548.490 ) ( 139.280, 549.030 )


OVERLAP: Blockage of Cell IOFILLER_W_61 & Blockage of Cell IOFILLER_W_60  ( metal4 )
Bounds : ( 0.000, 548.490 ) ( 139.280, 549.030 )


OVERLAP: Blockage of Cell IOFILLER_W_61 & Blockage of Cell IOFILLER_W_60  ( metal3 )
Bounds : ( 0.000, 548.490 ) ( 139.280, 549.030 )


OVERLAP: Blockage of Cell IOFILLER_W_61 & Blockage of Cell IOFILLER_W_60  ( metal2 )
Bounds : ( 0.000, 548.490 ) ( 139.280, 549.030 )


OVERLAP: Blockage of Cell IOFILLER_W_61 & Blockage of Cell IOFILLER_W_60  ( metal1 )
Bounds : ( 0.000, 548.490 ) ( 139.280, 549.030 )


OVERLAP: Cell IOFILLER_W_62 & Cell IOFILLER_W_63
Bounds : ( 0.000, 642.810 ) ( 140.120, 643.350 )


OVERLAP: Blockage of Cell IOFILLER_W_63 & Blockage of Cell IOFILLER_W_62  ( metal6 )
Bounds : ( 0.000, 642.810 ) ( 139.280, 643.350 )


OVERLAP: Blockage of Cell IOFILLER_W_63 & Blockage of Cell IOFILLER_W_62  ( metal5 )
Bounds : ( 0.000, 642.810 ) ( 139.280, 643.350 )


OVERLAP: Blockage of Cell IOFILLER_W_63 & Blockage of Cell IOFILLER_W_62  ( metal4 )
Bounds : ( 0.000, 642.810 ) ( 139.280, 643.350 )


OVERLAP: Blockage of Cell IOFILLER_W_63 & Blockage of Cell IOFILLER_W_62  ( metal3 )
Bounds : ( 0.000, 642.810 ) ( 139.280, 643.350 )


OVERLAP: Blockage of Cell IOFILLER_W_63 & Blockage of Cell IOFILLER_W_62  ( metal2 )
Bounds : ( 0.000, 642.810 ) ( 139.280, 643.350 )


OVERLAP: Blockage of Cell IOFILLER_W_63 & Blockage of Cell IOFILLER_W_62  ( metal1 )
Bounds : ( 0.000, 642.810 ) ( 139.280, 643.350 )


OVERLAP: Cell IOFILLER_W_58 & Cell IOFILLER_W_59
Bounds : ( 0.000, 454.170 ) ( 140.120, 454.710 )


OVERLAP: Blockage of Cell IOFILLER_W_59 & Blockage of Cell IOFILLER_W_58  ( metal6 )
Bounds : ( 0.000, 454.170 ) ( 139.280, 454.710 )


OVERLAP: Blockage of Cell IOFILLER_W_59 & Blockage of Cell IOFILLER_W_58  ( metal5 )
Bounds : ( 0.000, 454.170 ) ( 139.280, 454.710 )


OVERLAP: Blockage of Cell IOFILLER_W_59 & Blockage of Cell IOFILLER_W_58  ( metal4 )
Bounds : ( 0.000, 454.170 ) ( 139.280, 454.710 )


OVERLAP: Blockage of Cell IOFILLER_W_59 & Blockage of Cell IOFILLER_W_58  ( metal3 )
Bounds : ( 0.000, 454.170 ) ( 139.280, 454.710 )


OVERLAP: Blockage of Cell IOFILLER_W_59 & Blockage of Cell IOFILLER_W_58  ( metal2 )
Bounds : ( 0.000, 454.170 ) ( 139.280, 454.710 )


OVERLAP: Blockage of Cell IOFILLER_W_59 & Blockage of Cell IOFILLER_W_58  ( metal1 )
Bounds : ( 0.000, 454.170 ) ( 139.280, 454.710 )


OVERLAP: Cell IOFILLER_S_81 & Cell IOFILLER_S_82
Bounds : ( 412.190, 0.000 ) ( 412.640, 140.120 )


OVERLAP: Blockage of Cell IOFILLER_S_82 & Blockage of Cell IOFILLER_S_81  ( metal6 )
Bounds : ( 412.190, 0.000 ) ( 412.640, 139.280 )


OVERLAP: Blockage of Cell IOFILLER_S_82 & Blockage of Cell IOFILLER_S_81  ( metal5 )
Bounds : ( 412.190, 0.000 ) ( 412.640, 139.280 )


OVERLAP: Blockage of Cell IOFILLER_S_82 & Blockage of Cell IOFILLER_S_81  ( metal4 )
Bounds : ( 412.190, 0.000 ) ( 412.640, 139.280 )


OVERLAP: Blockage of Cell IOFILLER_S_82 & Blockage of Cell IOFILLER_S_81  ( metal3 )
Bounds : ( 412.190, 0.000 ) ( 412.640, 139.280 )


OVERLAP: Blockage of Cell IOFILLER_S_82 & Blockage of Cell IOFILLER_S_81  ( metal2 )
Bounds : ( 412.190, 0.000 ) ( 412.640, 139.280 )


OVERLAP: Blockage of Cell IOFILLER_S_82 & Blockage of Cell IOFILLER_S_81  ( metal1 )
Bounds : ( 412.190, 0.000 ) ( 412.640, 139.280 )


OVERLAP: Cell IOFILLER_S_83 & Cell IOFILLER_S_84
Bounds : ( 523.960, 0.000 ) ( 524.410, 140.120 )


OVERLAP: Blockage of Cell IOFILLER_S_84 & Blockage of Cell IOFILLER_S_83  ( metal6 )
Bounds : ( 523.960, 0.000 ) ( 524.410, 139.280 )


OVERLAP: Blockage of Cell IOFILLER_S_84 & Blockage of Cell IOFILLER_S_83  ( metal5 )
Bounds : ( 523.960, 0.000 ) ( 524.410, 139.280 )


OVERLAP: Blockage of Cell IOFILLER_S_84 & Blockage of Cell IOFILLER_S_83  ( metal4 )
Bounds : ( 523.960, 0.000 ) ( 524.410, 139.280 )


OVERLAP: Blockage of Cell IOFILLER_S_84 & Blockage of Cell IOFILLER_S_83  ( metal3 )
Bounds : ( 523.960, 0.000 ) ( 524.410, 139.280 )


OVERLAP: Blockage of Cell IOFILLER_S_84 & Blockage of Cell IOFILLER_S_83  ( metal2 )
Bounds : ( 523.960, 0.000 ) ( 524.410, 139.280 )


OVERLAP: Blockage of Cell IOFILLER_S_84 & Blockage of Cell IOFILLER_S_83  ( metal1 )
Bounds : ( 523.960, 0.000 ) ( 524.410, 139.280 )


OVERLAP: Cell IOFILLER_S_85 & Cell IOFILLER_S_86
Bounds : ( 635.730, 0.000 ) ( 636.180, 140.120 )


OVERLAP: Blockage of Cell IOFILLER_S_86 & Blockage of Cell IOFILLER_S_85  ( metal6 )
Bounds : ( 635.730, 0.000 ) ( 636.180, 139.280 )


OVERLAP: Blockage of Cell IOFILLER_S_86 & Blockage of Cell IOFILLER_S_85  ( metal5 )
Bounds : ( 635.730, 0.000 ) ( 636.180, 139.280 )


OVERLAP: Blockage of Cell IOFILLER_S_86 & Blockage of Cell IOFILLER_S_85  ( metal4 )
Bounds : ( 635.730, 0.000 ) ( 636.180, 139.280 )


OVERLAP: Blockage of Cell IOFILLER_S_86 & Blockage of Cell IOFILLER_S_85  ( metal3 )
Bounds : ( 635.730, 0.000 ) ( 636.180, 139.280 )


OVERLAP: Blockage of Cell IOFILLER_S_86 & Blockage of Cell IOFILLER_S_85  ( metal2 )
Bounds : ( 635.730, 0.000 ) ( 636.180, 139.280 )


OVERLAP: Blockage of Cell IOFILLER_S_86 & Blockage of Cell IOFILLER_S_85  ( metal1 )
Bounds : ( 635.730, 0.000 ) ( 636.180, 139.280 )


OVERLAP: Cell IOFILLER_W_54 & Cell IOFILLER_W_55
Bounds : ( 0.000, 265.530 ) ( 140.120, 266.070 )


OVERLAP: Blockage of Cell IOFILLER_W_55 & Blockage of Cell IOFILLER_W_54  ( metal6 )
Bounds : ( 0.000, 265.530 ) ( 139.280, 266.070 )


OVERLAP: Blockage of Cell IOFILLER_W_55 & Blockage of Cell IOFILLER_W_54  ( metal5 )
Bounds : ( 0.000, 265.530 ) ( 139.280, 266.070 )


OVERLAP: Blockage of Cell IOFILLER_W_55 & Blockage of Cell IOFILLER_W_54  ( metal4 )
Bounds : ( 0.000, 265.530 ) ( 139.280, 266.070 )


OVERLAP: Blockage of Cell IOFILLER_W_55 & Blockage of Cell IOFILLER_W_54  ( metal3 )
Bounds : ( 0.000, 265.530 ) ( 139.280, 266.070 )


OVERLAP: Blockage of Cell IOFILLER_W_55 & Blockage of Cell IOFILLER_W_54  ( metal2 )
Bounds : ( 0.000, 265.530 ) ( 139.280, 266.070 )


OVERLAP: Blockage of Cell IOFILLER_W_55 & Blockage of Cell IOFILLER_W_54  ( metal1 )
Bounds : ( 0.000, 265.530 ) ( 139.280, 266.070 )


OVERLAP: Cell IOFILLER_W_52 & Cell IOFILLER_W_53
Bounds : ( 0.000, 171.210 ) ( 140.120, 171.740 )


OVERLAP: Blockage of Cell IOFILLER_W_53 & Blockage of Cell IOFILLER_W_52  ( metal6 )
Bounds : ( 0.000, 171.210 ) ( 139.280, 171.740 )


OVERLAP: Blockage of Cell IOFILLER_W_53 & Blockage of Cell IOFILLER_W_52  ( metal5 )
Bounds : ( 0.000, 171.210 ) ( 139.280, 171.740 )


OVERLAP: Blockage of Cell IOFILLER_W_53 & Blockage of Cell IOFILLER_W_52  ( metal4 )
Bounds : ( 0.000, 171.210 ) ( 139.280, 171.740 )


OVERLAP: Blockage of Cell IOFILLER_W_53 & Blockage of Cell IOFILLER_W_52  ( metal3 )
Bounds : ( 0.000, 171.210 ) ( 139.280, 171.740 )


OVERLAP: Blockage of Cell IOFILLER_W_53 & Blockage of Cell IOFILLER_W_52  ( metal2 )
Bounds : ( 0.000, 171.210 ) ( 139.280, 171.740 )


OVERLAP: Blockage of Cell IOFILLER_W_53 & Blockage of Cell IOFILLER_W_52  ( metal1 )
Bounds : ( 0.000, 171.210 ) ( 139.280, 171.740 )


OVERLAP: Cell IOFILLER_S_77 & Cell IOFILLER_S_78
Bounds : ( 188.650, 0.000 ) ( 189.100, 140.120 )


OVERLAP: Blockage of Cell IOFILLER_S_78 & Blockage of Cell IOFILLER_S_77  ( metal6 )
Bounds : ( 188.650, 0.000 ) ( 189.100, 139.280 )


OVERLAP: Blockage of Cell IOFILLER_S_78 & Blockage of Cell IOFILLER_S_77  ( metal5 )
Bounds : ( 188.650, 0.000 ) ( 189.100, 139.280 )


OVERLAP: Blockage of Cell IOFILLER_S_78 & Blockage of Cell IOFILLER_S_77  ( metal4 )
Bounds : ( 188.650, 0.000 ) ( 189.100, 139.280 )


OVERLAP: Blockage of Cell IOFILLER_S_78 & Blockage of Cell IOFILLER_S_77  ( metal3 )
Bounds : ( 188.650, 0.000 ) ( 189.100, 139.280 )


OVERLAP: Blockage of Cell IOFILLER_S_78 & Blockage of Cell IOFILLER_S_77  ( metal2 )
Bounds : ( 188.650, 0.000 ) ( 189.100, 139.280 )


OVERLAP: Blockage of Cell IOFILLER_S_78 & Blockage of Cell IOFILLER_S_77  ( metal1 )
Bounds : ( 188.650, 0.000 ) ( 189.100, 139.280 )


OVERLAP: Cell IOFILLER_S_79 & Cell IOFILLER_S_80
Bounds : ( 300.420, 0.000 ) ( 300.870, 140.120 )


OVERLAP: Blockage of Cell IOFILLER_S_80 & Blockage of Cell IOFILLER_S_79  ( metal6 )
Bounds : ( 300.420, 0.000 ) ( 300.870, 139.280 )


OVERLAP: Blockage of Cell IOFILLER_S_80 & Blockage of Cell IOFILLER_S_79  ( metal5 )
Bounds : ( 300.420, 0.000 ) ( 300.870, 139.280 )


OVERLAP: Blockage of Cell IOFILLER_S_80 & Blockage of Cell IOFILLER_S_79  ( metal4 )
Bounds : ( 300.420, 0.000 ) ( 300.870, 139.280 )


OVERLAP: Blockage of Cell IOFILLER_S_80 & Blockage of Cell IOFILLER_S_79  ( metal3 )
Bounds : ( 300.420, 0.000 ) ( 300.870, 139.280 )


OVERLAP: Blockage of Cell IOFILLER_S_80 & Blockage of Cell IOFILLER_S_79  ( metal2 )
Bounds : ( 300.420, 0.000 ) ( 300.870, 139.280 )


OVERLAP: Blockage of Cell IOFILLER_S_80 & Blockage of Cell IOFILLER_S_79  ( metal1 )
Bounds : ( 300.420, 0.000 ) ( 300.870, 139.280 )


OVERLAP: Cell IOFILLER_W_56 & Cell IOFILLER_W_57
Bounds : ( 0.000, 359.850 ) ( 140.120, 360.390 )


OVERLAP: Blockage of Cell IOFILLER_W_57 & Blockage of Cell IOFILLER_W_56  ( metal6 )
Bounds : ( 0.000, 359.850 ) ( 139.280, 360.390 )


OVERLAP: Blockage of Cell IOFILLER_W_57 & Blockage of Cell IOFILLER_W_56  ( metal5 )
Bounds : ( 0.000, 359.850 ) ( 139.280, 360.390 )


OVERLAP: Blockage of Cell IOFILLER_W_57 & Blockage of Cell IOFILLER_W_56  ( metal4 )
Bounds : ( 0.000, 359.850 ) ( 139.280, 360.390 )


OVERLAP: Blockage of Cell IOFILLER_W_57 & Blockage of Cell IOFILLER_W_56  ( metal3 )
Bounds : ( 0.000, 359.850 ) ( 139.280, 360.390 )


OVERLAP: Blockage of Cell IOFILLER_W_57 & Blockage of Cell IOFILLER_W_56  ( metal2 )
Bounds : ( 0.000, 359.850 ) ( 139.280, 360.390 )


OVERLAP: Blockage of Cell IOFILLER_W_57 & Blockage of Cell IOFILLER_W_56  ( metal1 )
Bounds : ( 0.000, 359.850 ) ( 139.280, 360.390 )



Begin Summary ...
  Cells       : 0
  SameNet     : 0
  Wiring      : 0
  Antenna     : 0
  Short       : 0
  Overlap     : 315
End Summary

  Total Violations : 315 Viols.
